Archive member included to satisfy reference by file (symbol)

d:/programs/gcc-arm-none-eabi-10.3-2021.10/bin/../lib/gcc/arm-none-eabi/10.3.1/../../../../arm-none-eabi/lib/thumb/v7-m/nofp\libg.a(lib_a-errno.o)
                              CMakeFiles/DEMO05_IIC_EEPROM1.elf.dir/Src/syscalls.c.obj (__errno)
d:/programs/gcc-arm-none-eabi-10.3-2021.10/bin/../lib/gcc/arm-none-eabi/10.3.1/../../../../arm-none-eabi/lib/thumb/v7-m/nofp\libg.a(lib_a-exit.o)
                              d:/programs/gcc-arm-none-eabi-10.3-2021.10/bin/../lib/gcc/arm-none-eabi/10.3.1/../../../../arm-none-eabi/lib/thumb/v7-m/nofp/crt0.o (exit)
d:/programs/gcc-arm-none-eabi-10.3-2021.10/bin/../lib/gcc/arm-none-eabi/10.3.1/../../../../arm-none-eabi/lib/thumb/v7-m/nofp\libg.a(lib_a-impure.o)
                              d:/programs/gcc-arm-none-eabi-10.3-2021.10/bin/../lib/gcc/arm-none-eabi/10.3.1/../../../../arm-none-eabi/lib/thumb/v7-m/nofp\libg.a(lib_a-exit.o) (_global_impure_ptr)
d:/programs/gcc-arm-none-eabi-10.3-2021.10/bin/../lib/gcc/arm-none-eabi/10.3.1/../../../../arm-none-eabi/lib/thumb/v7-m/nofp\libg.a(lib_a-init.o)
                              d:/programs/gcc-arm-none-eabi-10.3-2021.10/bin/../lib/gcc/arm-none-eabi/10.3.1/../../../../arm-none-eabi/lib/thumb/v7-m/nofp/crt0.o (__libc_init_array)
d:/programs/gcc-arm-none-eabi-10.3-2021.10/bin/../lib/gcc/arm-none-eabi/10.3.1/../../../../arm-none-eabi/lib/thumb/v7-m/nofp\libg.a(lib_a-memset.o)
                              d:/programs/gcc-arm-none-eabi-10.3-2021.10/bin/../lib/gcc/arm-none-eabi/10.3.1/../../../../arm-none-eabi/lib/thumb/v7-m/nofp/crt0.o (memset)
d:/programs/gcc-arm-none-eabi-10.3-2021.10/bin/../lib/gcc/arm-none-eabi/10.3.1/../../../../arm-none-eabi/lib/thumb/v7-m/nofp\libg.a(lib_a-printf.o)
                              CMakeFiles/DEMO05_IIC_EEPROM1.elf.dir/Src/main.c.obj (printf)
d:/programs/gcc-arm-none-eabi-10.3-2021.10/bin/../lib/gcc/arm-none-eabi/10.3.1/../../../../arm-none-eabi/lib/thumb/v7-m/nofp\libg.a(lib_a-puts.o)
                              CMakeFiles/DEMO05_IIC_EEPROM1.elf.dir/Src/main.c.obj (puts)
d:/programs/gcc-arm-none-eabi-10.3-2021.10/bin/../lib/gcc/arm-none-eabi/10.3.1/../../../../arm-none-eabi/lib/thumb/v7-m/nofp\libg.a(lib_a-strlen-stub.o)
                              d:/programs/gcc-arm-none-eabi-10.3-2021.10/bin/../lib/gcc/arm-none-eabi/10.3.1/../../../../arm-none-eabi/lib/thumb/v7-m/nofp\libg.a(lib_a-puts.o) (strlen)
d:/programs/gcc-arm-none-eabi-10.3-2021.10/bin/../lib/gcc/arm-none-eabi/10.3.1/../../../../arm-none-eabi/lib/thumb/v7-m/nofp\libg.a(lib_a-vfprintf.o)
                              d:/programs/gcc-arm-none-eabi-10.3-2021.10/bin/../lib/gcc/arm-none-eabi/10.3.1/../../../../arm-none-eabi/lib/thumb/v7-m/nofp\libg.a(lib_a-printf.o) (_vfprintf_r)
d:/programs/gcc-arm-none-eabi-10.3-2021.10/bin/../lib/gcc/arm-none-eabi/10.3.1/../../../../arm-none-eabi/lib/thumb/v7-m/nofp\libg.a(lib_a-wsetup.o)
                              d:/programs/gcc-arm-none-eabi-10.3-2021.10/bin/../lib/gcc/arm-none-eabi/10.3.1/../../../../arm-none-eabi/lib/thumb/v7-m/nofp\libg.a(lib_a-vfprintf.o) (__swsetup_r)
d:/programs/gcc-arm-none-eabi-10.3-2021.10/bin/../lib/gcc/arm-none-eabi/10.3.1/../../../../arm-none-eabi/lib/thumb/v7-m/nofp\libg.a(lib_a-__call_atexit.o)
                              d:/programs/gcc-arm-none-eabi-10.3-2021.10/bin/../lib/gcc/arm-none-eabi/10.3.1/../../../../arm-none-eabi/lib/thumb/v7-m/nofp\libg.a(lib_a-exit.o) (__call_exitprocs)
d:/programs/gcc-arm-none-eabi-10.3-2021.10/bin/../lib/gcc/arm-none-eabi/10.3.1/../../../../arm-none-eabi/lib/thumb/v7-m/nofp\libg.a(lib_a-atexit.o)
                              d:/programs/gcc-arm-none-eabi-10.3-2021.10/bin/../lib/gcc/arm-none-eabi/10.3.1/../../../../arm-none-eabi/lib/thumb/v7-m/nofp\libg.a(lib_a-__call_atexit.o) (atexit)
d:/programs/gcc-arm-none-eabi-10.3-2021.10/bin/../lib/gcc/arm-none-eabi/10.3.1/../../../../arm-none-eabi/lib/thumb/v7-m/nofp\libg.a(lib_a-dtoa.o)
                              d:/programs/gcc-arm-none-eabi-10.3-2021.10/bin/../lib/gcc/arm-none-eabi/10.3.1/../../../../arm-none-eabi/lib/thumb/v7-m/nofp\libg.a(lib_a-vfprintf.o) (_dtoa_r)
d:/programs/gcc-arm-none-eabi-10.3-2021.10/bin/../lib/gcc/arm-none-eabi/10.3.1/../../../../arm-none-eabi/lib/thumb/v7-m/nofp\libg.a(lib_a-fflush.o)
                              d:/programs/gcc-arm-none-eabi-10.3-2021.10/bin/../lib/gcc/arm-none-eabi/10.3.1/../../../../arm-none-eabi/lib/thumb/v7-m/nofp\libg.a(lib_a-vfprintf.o) (_fflush_r)
d:/programs/gcc-arm-none-eabi-10.3-2021.10/bin/../lib/gcc/arm-none-eabi/10.3.1/../../../../arm-none-eabi/lib/thumb/v7-m/nofp\libg.a(lib_a-findfp.o)
                              d:/programs/gcc-arm-none-eabi-10.3-2021.10/bin/../lib/gcc/arm-none-eabi/10.3.1/../../../../arm-none-eabi/lib/thumb/v7-m/nofp\libg.a(lib_a-puts.o) (__sinit)
d:/programs/gcc-arm-none-eabi-10.3-2021.10/bin/../lib/gcc/arm-none-eabi/10.3.1/../../../../arm-none-eabi/lib/thumb/v7-m/nofp\libg.a(lib_a-fini.o)
[...]
Memory Configuration

Name             Origin             Length             Attributes
RAM              0x20000000         0x00010000         xrw
FLASH            0x08000000         0x00080000         xr
*default*        0x00000000         0xffffffff

Linker script and memory map

LOAD d:/programs/gcc-arm-none-eabi-10.3-2021.10/bin/../lib/gcc/arm-none-eabi/10.3.1/thumb/v7-m/nofp/crti.o
LOAD d:/programs/gcc-arm-none-eabi-10.3-2021.10/bin/../lib/gcc/arm-none-eabi/10.3.1/thumb/v7-m/nofp/crtbegin.o
LOAD d:/programs/gcc-arm-none-eabi-10.3-2021.10/bin/../lib/gcc/arm-none-eabi/10.3.1/../../../../arm-none-eabi/lib/thumb/v7-m/nofp/crt0.o
LOAD CMakeFiles/DEMO05_IIC_EEPROM1.elf.dir/Drivers/STM32F1xx_HAL_Driver/Src/stm32f1xx_hal.c.obj
LOAD CMakeFiles/DEMO05_IIC_EEPROM1.elf.dir/Drivers/STM32F1xx_HAL_Driver/Src/stm32f1xx_hal_cortex.c.obj
LOAD CMakeFiles/DEMO05_IIC_EEPROM1.elf.dir/Drivers/STM32F1xx_HAL_Driver/Src/stm32f1xx_hal_dma.c.obj
LOAD CMakeFiles/DEMO05_IIC_EEPROM1.elf.dir/Drivers/STM32F1xx_HAL_Driver/Src/stm32f1xx_hal_exti.c.obj
LOAD CMakeFiles/DEMO05_IIC_EEPROM1.elf.dir/Drivers/STM32F1xx_HAL_Driver/Src/stm32f1xx_hal_flash.c.obj
LOAD CMakeFiles/DEMO05_IIC_EEPROM1.elf.dir/Drivers/STM32F1xx_HAL_Driver/Src/stm32f1xx_hal_flash_ex.c.obj
LOAD CMakeFiles/DEMO05_IIC_EEPROM1.elf.dir/Drivers/STM32F1xx_HAL_Driver/Src/stm32f1xx_hal_gpio.c.obj
LOAD CMakeFiles/DEMO05_IIC_EEPROM1.elf.dir/Drivers/STM32F1xx_HAL_Driver/Src/stm32f1xx_hal_gpio_ex.c.obj
LOAD CMakeFiles/DEMO05_IIC_EEPROM1.elf.dir/Drivers/STM32F1xx_HAL_Driver/Src/stm32f1xx_hal_i2c.c.obj
LOAD CMakeFiles/DEMO05_IIC_EEPROM1.elf.dir/Drivers/STM32F1xx_HAL_Driver/Src/stm32f1xx_hal_pwr.c.obj
LOAD CMakeFiles/DEMO05_IIC_EEPROM1.elf.dir/Drivers/STM32F1xx_HAL_Driver/Src/stm32f1xx_hal_rcc.c.obj
LOAD CMakeFiles/DEMO05_IIC_EEPROM1.elf.dir/Drivers/STM32F1xx_HAL_Driver/Src/stm32f1xx_hal_rcc_ex.c.obj
LOAD CMakeFiles/DEMO05_IIC_EEPROM1.elf.dir/Drivers/STM32F1xx_HAL_Driver/Src/stm32f1xx_hal_tim.c.obj
LOAD CMakeFiles/DEMO05_IIC_EEPROM1.elf.dir/Drivers/STM32F1xx_HAL_Driver/Src/stm32f1xx_hal_tim_ex.c.obj
LOAD CMakeFiles/DEMO05_IIC_EEPROM1.elf.dir/Drivers/STM32F1xx_HAL_Driver/Src/stm32f1xx_hal_uart.c.obj
LOAD CMakeFiles/DEMO05_IIC_EEPROM1.elf.dir/Src/gpio.c.obj
LOAD CMakeFiles/DEMO05_IIC_EEPROM1.elf.dir/Src/i2c.c.obj
LOAD CMakeFiles/DEMO05_IIC_EEPROM1.elf.dir/Src/main.c.obj
LOAD CMakeFiles/DEMO05_IIC_EEPROM1.elf.dir/Src/stm32f1xx_hal_msp.c.obj
LOAD CMakeFiles/DEMO05_IIC_EEPROM1.elf.dir/Src/stm32f1xx_it.c.obj
LOAD CMakeFiles/DEMO05_IIC_EEPROM1.elf.dir/Src/syscalls.c.obj
LOAD CMakeFiles/DEMO05_IIC_EEPROM1.elf.dir/Src/system_stm32f1xx.c.obj
LOAD CMakeFiles/DEMO05_IIC_EEPROM1.elf.dir/Src/usart.c.obj
LOAD CMakeFiles/DEMO05_IIC_EEPROM1.elf.dir/startup/startup_stm32f103xe.s.obj
START GROUP
LOAD d:/programs/gcc-arm-none-eabi-10.3-2021.10/bin/../lib/gcc/arm-none-eabi/10.3.1/thumb/v7-m/nofp\libgcc.a
LOAD d:/programs/gcc-arm-none-eabi-10.3-2021.10/bin/../lib/gcc/arm-none-eabi/10.3.1/../../../../arm-none-eabi/lib/thumb/v7-m/nofp\libg.a
LOAD d:/programs/gcc-arm-none-eabi-10.3-2021.10/bin/../lib/gcc/arm-none-eabi/10.3.1/../../../../arm-none-eabi/lib/thumb/v7-m/nofp\libc.a
END GROUP
LOAD d:/programs/gcc-arm-none-eabi-10.3-2021.10/bin/../lib/gcc/arm-none-eabi/10.3.1/thumb/v7-m/nofp/crtend.o
LOAD d:/programs/gcc-arm-none-eabi-10.3-2021.10/bin/../lib/gcc/arm-none-eabi/10.3.1/thumb/v7-m/nofp/crtn.o
                0x20010000                _estack = (ORIGIN (RAM) + LENGTH (RAM))
                0x00000200                _Min_Heap_Size = 0x200
                0x00000400                _Min_Stack_Size = 0x400

.isr_vector     0x08000000      0x1e4
                0x08000000                . = ALIGN (0x4)
 *(.isr_vector)
 .isr_vector    0x08000000      0x1e4 CMakeFiles/DEMO05_IIC_EEPROM1.elf.dir/startup/startup_stm32f103xe.s.obj
                0x08000000                g_pfnVectors
                0x080001e4                . = ALIGN (0x4)

.text           0x080001e8     0x93a0
                0x080001e8                . = ALIGN (0x4)
 *(.text)
 .text          0x080001e8       0x40 d:/programs/gcc-arm-none-eabi-10.3-2021.10/bin/../lib/gcc/arm-none-eabi/10.3.1/thumb/v7-m/nofp/crtbegin.o
 .text          0x08000228       0xec d:/programs/gcc-arm-none-eabi-10.3-2021.10/bin/../lib/gcc/arm-none-eabi/10.3.1/../../../../arm-none-eabi/lib/thumb/v7-m/nofp\libg.a(lib_a-memcpy.o)
                0x08000228                memcpy
 .text          0x08000314      0x378 d:/programs/gcc-arm-none-eabi-10.3-2021.10/bin/../lib/gcc/arm-none-eabi/10.3.1/thumb/v7-m/nofp\libgcc.a(_arm_addsubdf3.o)
                0x08000314                __aeabi_drsub
                0x0800031c                __aeabi_dsub
                0x0800031c                __subdf3
                0x08000320                __aeabi_dadd
                0x08000320                __adddf3
                0x08000598                __floatunsidf
                0x08000598                __aeabi_ui2d
                0x080005b8                __floatsidf
                0x080005b8                __aeabi_i2d
                0x080005dc                __aeabi_f2d
                0x080005dc                __extendsfdf2
                0x08000620                __floatundidf
                0x08000620                __aeabi_ul2d
                0x08000630                __floatdidf
                0x08000630                __aeabi_l2d
 .text          0x0800068c      0x424 d:/programs/gcc-arm-none-eabi-10.3-2021.10/bin/../lib/gcc/arm-none-eabi/10.3.1/thumb/v7-m/nofp\libgcc.a(_arm_muldivdf3.o)
                0x0800068c                __aeabi_dmul
                0x0800068c                __muldf3
                0x080008e0                __divdf3
                0x080008e0                __aeabi_ddiv
 .text          0x08000ab0      0x110 d:/programs/gcc-arm-none-eabi-10.3-2021.10/bin/../lib/gcc/arm-none-eabi/10.3.1/thumb/v7-m/nofp\libgcc.a(_arm_cmpdf2.o)
                0x08000ab0                __gtdf2
                0x08000ab0                __gedf2
                0x08000ab8                __ltdf2
                0x08000ab8                __ledf2
                0x08000ac0                __nedf2
                0x08000ac0                __eqdf2
                0x08000ac0                __cmpdf2
                0x08000b3c                __aeabi_cdrcmple
                0x08000b4c                __aeabi_cdcmpeq
                0x08000b4c                __aeabi_cdcmple
                0x08000b5c                __aeabi_dcmpeq
                0x08000b70                __aeabi_dcmplt
                0x08000b84                __aeabi_dcmple
                0x08000b98                __aeabi_dcmpge
                0x08000bac                __aeabi_dcmpgt
 .text          0x08000bc0       0x2c d:/programs/gcc-arm-none-eabi-10.3-2021.10/bin/../lib/gcc/arm-none-eabi/10.3.1/thumb/v7-m/nofp\libgcc.a(_arm_unorddf2.o)
                0x08000bc0                __unorddf2
                0x08000bc0                __aeabi_dcmpun
 .text          0x08000bec       0x50 d:/programs/gcc-arm-none-eabi-10.3-2021.10/bin/../lib/gcc/arm-none-eabi/10.3.1/thumb/v7-m/nofp\libgcc.a(_arm_fixdfsi.o)
                0x08000bec                __aeabi_d2iz
                0x08000bec                __fixdfsi
 .text          0x08000c3c       0x30 d:/programs/gcc-arm-none-eabi-10.3-2021.10/bin/../lib/gcc/arm-none-eabi/10.3.1/thumb/v7-m/nofp\libgcc.a(_aeabi_uldivmod.o)
                0x08000c3c                __aeabi_uldivmod
 .text          0x08000c6c      0x2d4 d:/programs/gcc-arm-none-eabi-10.3-2021.10/bin/../lib/gcc/arm-none-eabi/10.3.1/thumb/v7-m/nofp\libgcc.a(_udivmoddi4.o)
                0x08000c6c                __udivmoddi4
 .text          0x08000f40        0x4 d:/programs/gcc-arm-none-eabi-10.3-2021.10/bin/../lib/gcc/arm-none-eabi/10.3.1/thumb/v7-m/nofp\libgcc.a(_dvmd_tls.o)
                0x08000f40                __aeabi_idiv0
                0x08000f40                __aeabi_ldiv0
 *(.text*)
 .text.HAL_InitTick
                0x08000f44       0x4c CMakeFiles/DEMO05_IIC_EEPROM1.elf.dir/Drivers/STM32F1xx_HAL_Driver/Src/stm32f1xx_hal.c.obj
                0x08000f44                HAL_InitTick
 .text.HAL_Init
                0x08000f90       0x24 CMakeFiles/DEMO05_IIC_EEPROM1.elf.dir/Drivers/STM32F1xx_HAL_Driver/Src/stm32f1xx_hal.c.obj
                0x08000f90                HAL_Init
 .text.HAL_IncTick
                0x08000fb4       0x18 CMakeFiles/DEMO05_IIC_EEPROM1.elf.dir/Drivers/STM32F1xx_HAL_Driver/Src/stm32f1xx_hal.c.obj
                0x08000fb4                HAL_IncTick
 .text.HAL_GetTick
                0x08000fcc        0xc CMakeFiles/DEMO05_IIC_EEPROM1.elf.dir/Drivers/STM32F1xx_HAL_Driver/Src/stm32f1xx_hal.c.obj
                0x08000fcc                HAL_GetTick
 .text.HAL_NVIC_SetPriorityGrouping
                0x08000fd8       0x24 CMakeFiles/DEMO05_IIC_EEPROM1.elf.dir/Drivers/STM32F1xx_HAL_Driver/Src/stm32f1xx_hal_cortex.c.obj
                0x08000fd8                HAL_NVIC_SetPriorityGrouping
 .text.HAL_NVIC_SetPriority
                0x08000ffc       0x70 CMakeFiles/DEMO05_IIC_EEPROM1.elf.dir/Drivers/STM32F1xx_HAL_Driver/Src/stm32f1xx_hal_cortex.c.obj
                0x08000ffc                HAL_NVIC_SetPriority
 .text.HAL_NVIC_EnableIRQ
                0x0800106c       0x1c CMakeFiles/DEMO05_IIC_EEPROM1.elf.dir/Drivers/STM32F1xx_HAL_Driver/Src/stm32f1xx_hal_cortex.c.obj
                0x0800106c                HAL_NVIC_EnableIRQ
 .text.HAL_SYSTICK_Config
                0x08001088       0x28 CMakeFiles/DEMO05_IIC_EEPROM1.elf.dir/Drivers/STM32F1xx_HAL_Driver/Src/stm32f1xx_hal_cortex.c.obj
                0x08001088                HAL_SYSTICK_Config
 .text.HAL_DMA_Abort
                0x080010b0       0x44 CMakeFiles/DEMO05_IIC_EEPROM1.elf.dir/Drivers/STM32F1xx_HAL_Driver/Src/stm32f1xx_hal_dma.c.obj
                0x080010b0                HAL_DMA_Abort
 .text.HAL_DMA_Abort_IT
                0x080010f4      0x168 CMakeFiles/DEMO05_IIC_EEPROM1.elf.dir/Drivers/STM32F1xx_HAL_Driver/Src/stm32f1xx_hal_dma.c.obj
                0x080010f4                HAL_DMA_Abort_IT
 .text.HAL_GPIO_Init
                0x0800125c      0x240 CMakeFiles/DEMO05_IIC_EEPROM1.elf.dir/Drivers/STM32F1xx_HAL_Driver/Src/stm32f1xx_hal_gpio.c.obj
                0x0800125c                HAL_GPIO_Init
 .text.HAL_GPIO_WritePin
                0x0800149c        0xc CMakeFiles/DEMO05_IIC_EEPROM1.elf.dir/Drivers/STM32F1xx_HAL_Driver/Src/stm32f1xx_hal_gpio.c.obj
                0x0800149c                HAL_GPIO_WritePin
 .text.I2C_IsAcknowledgeFailed
                0x080014a8       0x32 CMakeFiles/DEMO05_IIC_EEPROM1.elf.dir/Drivers/STM32F1xx_HAL_Driver/Src/stm32f1xx_hal_i2c.c.obj
 .text.I2C_WaitOnFlagUntilTimeout
                0x080014da       0x7c CMakeFiles/DEMO05_IIC_EEPROM1.elf.dir/Drivers/STM32F1xx_HAL_Driver/Src/stm32f1xx_hal_i2c.c.obj
 .text.I2C_WaitOnMasterAddressFlagUntilTimeout
                0x08001556       0xaa CMakeFiles/DEMO05_IIC_EEPROM1.elf.dir/Drivers/STM32F1xx_HAL_Driver/Src/stm32f1xx_hal_i2c.c.obj
 .text.I2C_WaitOnTXEFlagUntilTimeout
                0x08001600       0x54 CMakeFiles/DEMO05_IIC_EEPROM1.elf.dir/Drivers/STM32F1xx_HAL_Driver/Src/stm32f1xx_hal_i2c.c.obj
 .text.I2C_RequestMemoryWrite
                0x08001654       0xd8 CMakeFiles/DEMO05_IIC_EEPROM1.elf.dir/Drivers/STM32F1xx_HAL_Driver/Src/stm32f1xx_hal_i2c.c.obj
 .text.I2C_RequestMemoryRead
                0x0800172c      0x154 CMakeFiles/DEMO05_IIC_EEPROM1.elf.dir/Drivers/STM32F1xx_HAL_Driver/Src/stm32f1xx_hal_i2c.c.obj
 .text.I2C_WaitOnBTFFlagUntilTimeout
                0x08001880       0x54 CMakeFiles/DEMO05_IIC_EEPROM1.elf.dir/Drivers/STM32F1xx_HAL_Driver/Src/stm32f1xx_hal_i2c.c.obj
 .text.I2C_WaitOnRXNEFlagUntilTimeout
                0x080018d4       0x6a CMakeFiles/DEMO05_IIC_EEPROM1.elf.dir/Drivers/STM32F1xx_HAL_Driver/Src/stm32f1xx_hal_i2c.c.obj
 *fill*         0x0800193e        0x2 
 .text.HAL_I2C_Init
                0x08001940      0x1bc CMakeFiles/DEMO05_IIC_EEPROM1.elf.dir/Drivers/STM32F1xx_HAL_Driver/Src/stm32f1xx_hal_i2c.c.obj
                0x08001940                HAL_I2C_Init
 .text.HAL_I2C_Mem_Write
                0x08001afc      0x164 CMakeFiles/DEMO05_IIC_EEPROM1.elf.dir/Drivers/STM32F1xx_HAL_Driver/Src/stm32f1xx_hal_i2c.c.obj
                0x08001afc                HAL_I2C_Mem_Write
 .text.HAL_I2C_Mem_Read
                0x08001c60      0x348 CMakeFiles/DEMO05_IIC_EEPROM1.elf.dir/Drivers/STM32F1xx_HAL_Driver/Src/stm32f1xx_hal_i2c.c.obj
                0x08001c60                HAL_I2C_Mem_Read
 .text.HAL_I2C_IsDeviceReady
                0x08001fa8      0x194 CMakeFiles/DEMO05_IIC_EEPROM1.elf.dir/Drivers/STM32F1xx_HAL_Driver/Src/stm32f1xx_hal_i2c.c.obj
                0x08001fa8                HAL_I2C_IsDeviceReady
 .text.HAL_I2C_GetState
                0x0800213c        0x6 CMakeFiles/DEMO05_IIC_EEPROM1.elf.dir/Drivers/STM32F1xx_HAL_Driver/Src/stm32f1xx_hal_i2c.c.obj
                0x0800213c                HAL_I2C_GetState
 *fill*         0x08002142        0x2 
 .text.RCC_Delay
                0x08002144       0x2c CMakeFiles/DEMO05_IIC_EEPROM1.elf.dir/Drivers/STM32F1xx_HAL_Driver/Src/stm32f1xx_hal_rcc.c.obj
 .text.HAL_RCC_OscConfig
                0x08002170      0x410 CMakeFiles/DEMO05_IIC_EEPROM1.elf.dir/Drivers/STM32F1xx_HAL_Driver/Src/stm32f1xx_hal_rcc.c.obj
                0x08002170                HAL_RCC_OscConfig
 .text.HAL_RCC_GetSysClockFreq
                0x08002580       0x70 CMakeFiles/DEMO05_IIC_EEPROM1.elf.dir/Drivers/STM32F1xx_HAL_Driver/Src/stm32f1xx_hal_rcc.c.obj
                0x08002580                HAL_RCC_GetSysClockFreq
 .text.HAL_RCC_ClockConfig
                0x080025f0      0x16c CMakeFiles/DEMO05_IIC_EEPROM1.elf.dir/Drivers/STM32F1xx_HAL_Driver/Src/stm32f1xx_hal_rcc.c.obj
                0x080025f0                HAL_RCC_ClockConfig
 .text.HAL_RCC_GetHCLKFreq
                0x0800275c        0xc CMakeFiles/DEMO05_IIC_EEPROM1.elf.dir/Drivers/STM32F1xx_HAL_Driver/Src/stm32f1xx_hal_rcc.c.obj
                0x0800275c                HAL_RCC_GetHCLKFreq
 .text.HAL_RCC_GetPCLK1Freq
                0x08002768       0x20 CMakeFiles/DEMO05_IIC_EEPROM1.elf.dir/Drivers/STM32F1xx_HAL_Driver/Src/stm32f1xx_hal_rcc.c.obj
                0x08002768                HAL_RCC_GetPCLK1Freq
 .text.HAL_RCC_GetPCLK2Freq
                0x08002788       0x20 CMakeFiles/DEMO05_IIC_EEPROM1.elf.dir/Drivers/STM32F1xx_HAL_Driver/Src/stm32f1xx_hal_rcc.c.obj
                0x08002788                HAL_RCC_GetPCLK2Freq
 .text.UART_EndRxTransfer
                0x080027a8       0x32 CMakeFiles/DEMO05_IIC_EEPROM1.elf.dir/Drivers/STM32F1xx_HAL_Driver/Src/stm32f1xx_hal_uart.c.obj
 .text.UART_Transmit_IT
                0x080027da       0x60 CMakeFiles/DEMO05_IIC_EEPROM1.elf.dir/Drivers/STM32F1xx_HAL_Driver/Src/stm32f1xx_hal_uart.c.obj
 *fill*         0x0800283a        0x2 
 .text.UART_SetConfig
                0x0800283c       0x94 CMakeFiles/DEMO05_IIC_EEPROM1.elf.dir/Drivers/STM32F1xx_HAL_Driver/Src/stm32f1xx_hal_uart.c.obj
 .text.UART_WaitOnFlagUntilTimeout
                0x080028d0       0x6c CMakeFiles/DEMO05_IIC_EEPROM1.elf.dir/Drivers/STM32F1xx_HAL_Driver/Src/stm32f1xx_hal_uart.c.obj
 .text.HAL_UART_Init
                0x0800293c       0x5e CMakeFiles/DEMO05_IIC_EEPROM1.elf.dir/Drivers/STM32F1xx_HAL_Driver/Src/stm32f1xx_hal_uart.c.obj
                0x0800293c                HAL_UART_Init
 .text.HAL_UART_Transmit
                0x0800299a       0xd8 CMakeFiles/DEMO05_IIC_EEPROM1.elf.dir/Drivers/STM32F1xx_HAL_Driver/Src/stm32f1xx_hal_uart.c.obj
                0x0800299a                HAL_UART_Transmit
 .text.HAL_UART_Receive
                0x08002a72       0xe4 CMakeFiles/DEMO05_IIC_EEPROM1.elf.dir/Drivers/STM32F1xx_HAL_Driver/Src/stm32f1xx_hal_uart.c.obj
                0x08002a72                HAL_UART_Receive
 .text.HAL_UART_TxCpltCallback
                0x08002b56        0x2 CMakeFiles/DEMO05_IIC_EEPROM1.elf.dir/Drivers/STM32F1xx_HAL_Driver/Src/stm32f1xx_hal_uart.c.obj
                0x08002b56                HAL_UART_TxCpltCallback
 .text.UART_EndTransmit_IT
                0x08002b58       0x1a CMakeFiles/DEMO05_IIC_EEPROM1.elf.dir/Drivers/STM32F1xx_HAL_Driver/Src/stm32f1xx_hal_uart.c.obj
 .text.HAL_UART_RxCpltCallback
                0x08002b72        0x2 CMakeFiles/DEMO05_IIC_EEPROM1.elf.dir/Drivers/STM32F1xx_HAL_Driver/Src/stm32f1xx_hal_uart.c.obj
                0x08002b72                HAL_UART_RxCpltCallback
 .text.HAL_UART_ErrorCallback
                0x08002b74        0x2 CMakeFiles/DEMO05_IIC_EEPROM1.elf.dir/Drivers/STM32F1xx_HAL_Driver/Src/stm32f1xx_hal_uart.c.obj
                0x08002b74                HAL_UART_ErrorCallback
 .text.UART_DMAAbortOnError
                0x08002b76       0x10 CMakeFiles/DEMO05_IIC_EEPROM1.elf.dir/Drivers/STM32F1xx_HAL_Driver/Src/stm32f1xx_hal_uart.c.obj
 .text.HAL_UARTEx_RxEventCallback
                0x08002b86        0x2 CMakeFiles/DEMO05_IIC_EEPROM1.elf.dir/Drivers/STM32F1xx_HAL_Driver/Src/stm32f1xx_hal_uart.c.obj
                0x08002b86                HAL_UARTEx_RxEventCallback
 .text.UART_Receive_IT
                0x08002b88       0xd4 CMakeFiles/DEMO05_IIC_EEPROM1.elf.dir/Drivers/STM32F1xx_HAL_Driver/Src/stm32f1xx_hal_uart.c.obj
 .text.HAL_UART_IRQHandler
                0x08002c5c      0x204 CMakeFiles/DEMO05_IIC_EEPROM1.elf.dir/Drivers/STM32F1xx_HAL_Driver/Src/stm32f1xx_hal_uart.c.obj
                0x08002c5c                HAL_UART_IRQHandler
 .text.MX_GPIO_Init
                0x08002e60       0x64 CMakeFiles/DEMO05_IIC_EEPROM1.elf.dir/Src/gpio.c.obj
                0x08002e60                MX_GPIO_Init
 .text.MX_I2C1_Init
                0x08002ec4       0x3c CMakeFiles/DEMO05_IIC_EEPROM1.elf.dir/Src/i2c.c.obj
                0x08002ec4                MX_I2C1_Init
 .text.HAL_I2C_MspInit
                0x08002f00       0x64 CMakeFiles/DEMO05_IIC_EEPROM1.elf.dir/Src/i2c.c.obj
                0x08002f00                HAL_I2C_MspInit
 .text.I2C_EE_PageWrite
                0x08002f64       0x4c CMakeFiles/DEMO05_IIC_EEPROM1.elf.dir/Src/i2c.c.obj
                0x08002f64                I2C_EE_PageWrite
 .text.I2C_EE_BufferWrite
                0x08002fb0       0xc8 CMakeFiles/DEMO05_IIC_EEPROM1.elf.dir/Src/i2c.c.obj
                0x08002fb0                I2C_EE_BufferWrite
 .text.I2C_EE_BufferRead
                0x08003078       0x24 CMakeFiles/DEMO05_IIC_EEPROM1.elf.dir/Src/i2c.c.obj
                0x08003078                I2C_EE_BufferRead
 .text.I2C_Test
                0x0800309c       0xb8 CMakeFiles/DEMO05_IIC_EEPROM1.elf.dir/Src/main.c.obj
                0x0800309c                I2C_Test
 .text.Error_Handler
                0x08003154        0x4 CMakeFiles/DEMO05_IIC_EEPROM1.elf.dir/Src/main.c.obj
                0x08003154                Error_Handler
 .text.SystemClock_Config
                0x08003158       0x64 CMakeFiles/DEMO05_IIC_EEPROM1.elf.dir/Src/main.c.obj
                0x08003158                SystemClock_Config
 .text.main     0x080031bc       0x50 CMakeFiles/DEMO05_IIC_EEPROM1.elf.dir/Src/main.c.obj
                0x080031bc                main
 .text.HAL_MspInit
                0x0800320c       0x44 CMakeFiles/DEMO05_IIC_EEPROM1.elf.dir/Src/stm32f1xx_hal_msp.c.obj
                0x0800320c                HAL_MspInit
 .text.NMI_Handler
                0x08003250        0x2 CMakeFiles/DEMO05_IIC_EEPROM1.elf.dir/Src/stm32f1xx_it.c.obj
                0x08003250                NMI_Handler
 .text.HardFault_Handler
                0x08003252        0x2 CMakeFiles/DEMO05_IIC_EEPROM1.elf.dir/Src/stm32f1xx_it.c.obj
                0x08003252                HardFault_Handler
 .text.MemManage_Handler
                0x08003254        0x2 CMakeFiles/DEMO05_IIC_EEPROM1.elf.dir/Src/stm32f1xx_it.c.obj
                0x08003254                MemManage_Handler
 .text.BusFault_Handler
                0x08003256        0x2 CMakeFiles/DEMO05_IIC_EEPROM1.elf.dir/Src/stm32f1xx_it.c.obj
                0x08003256                BusFault_Handler
 .text.UsageFault_Handler
                0x08003258        0x2 CMakeFiles/DEMO05_IIC_EEPROM1.elf.dir/Src/stm32f1xx_it.c.obj
                0x08003258                UsageFault_Handler
 .text.SVC_Handler
                0x0800325a        0x2 CMakeFiles/DEMO05_IIC_EEPROM1.elf.dir/Src/stm32f1xx_it.c.obj
                0x0800325a                SVC_Handler
 .text.DebugMon_Handler
                0x0800325c        0x2 CMakeFiles/DEMO05_IIC_EEPROM1.elf.dir/Src/stm32f1xx_it.c.obj
                0x0800325c                DebugMon_Handler
 .text.PendSV_Handler
                0x0800325e        0x2 CMakeFiles/DEMO05_IIC_EEPROM1.elf.dir/Src/stm32f1xx_it.c.obj
                0x0800325e                PendSV_Handler
 .text.SysTick_Handler
                0x08003260        0x8 CMakeFiles/DEMO05_IIC_EEPROM1.elf.dir/Src/stm32f1xx_it.c.obj
                0x08003260                SysTick_Handler
 .text.USART1_IRQHandler
                0x08003268       0x10 CMakeFiles/DEMO05_IIC_EEPROM1.elf.dir/Src/stm32f1xx_it.c.obj
                0x08003268                USART1_IRQHandler
 .text._getpid  0x08003278        0x4 CMakeFiles/DEMO05_IIC_EEPROM1.elf.dir/Src/syscalls.c.obj
                0x08003278                _getpid
 .text._kill    0x0800327c       0x10 CMakeFiles/DEMO05_IIC_EEPROM1.elf.dir/Src/syscalls.c.obj
                0x0800327c                _kill
 .text._exit    0x0800328c        0xc CMakeFiles/DEMO05_IIC_EEPROM1.elf.dir/Src/syscalls.c.obj
                0x0800328c                _exit
 .text._read    0x08003298       0x20 CMakeFiles/DEMO05_IIC_EEPROM1.elf.dir/Src/syscalls.c.obj
                0x08003298                _read
 .text._write   0x080032b8       0x1c CMakeFiles/DEMO05_IIC_EEPROM1.elf.dir/Src/syscalls.c.obj
                0x080032b8                _write
 .text._sbrk    0x080032d4       0x3c CMakeFiles/DEMO05_IIC_EEPROM1.elf.dir/Src/syscalls.c.obj
                0x080032d4                _sbrk
 .text._close   0x08003310        0x6 CMakeFiles/DEMO05_IIC_EEPROM1.elf.dir/Src/syscalls.c.obj
                0x08003310                _close
 .text._fstat   0x08003316        0xa CMakeFiles/DEMO05_IIC_EEPROM1.elf.dir/Src/syscalls.c.obj
                0x08003316                _fstat
 .text._isatty  0x08003320        0x4 CMakeFiles/DEMO05_IIC_EEPROM1.elf.dir/Src/syscalls.c.obj
                0x08003320                _isatty
 .text._lseek   0x08003324        0x4 CMakeFiles/DEMO05_IIC_EEPROM1.elf.dir/Src/syscalls.c.obj
                0x08003324                _lseek
 .text.SystemInit
                0x08003328        0x2 CMakeFiles/DEMO05_IIC_EEPROM1.elf.dir/Src/system_stm32f1xx.c.obj
                0x08003328                SystemInit
 *fill*         0x0800332a        0x2 
 .text.MX_USART1_UART_Init
                0x0800332c       0x34 CMakeFiles/DEMO05_IIC_EEPROM1.elf.dir/Src/usart.c.obj
                0x0800332c                MX_USART1_UART_Init
 .text.HAL_UART_MspInit
                0x08003360       0x88 CMakeFiles/DEMO05_IIC_EEPROM1.elf.dir/Src/usart.c.obj
                0x08003360                HAL_UART_MspInit
 .text.__io_putchar
                0x080033e8       0x20 CMakeFiles/DEMO05_IIC_EEPROM1.elf.dir/Src/usart.c.obj
                0x080033e8                __io_putchar
 .text.__io_getchar
                0x08003408       0x28 CMakeFiles/DEMO05_IIC_EEPROM1.elf.dir/Src/usart.c.obj
                0x08003408                __io_getchar
 .text.Reset_Handler
                0x08003430       0x48 CMakeFiles/DEMO05_IIC_EEPROM1.elf.dir/startup/startup_stm32f103xe.s.obj
                0x08003430                Reset_Handler
 .text.Default_Handler
                0x08003478        0x2 CMakeFiles/DEMO05_IIC_EEPROM1.elf.dir/startup/startup_stm32f103xe.s.obj
                0x08003478                RTC_Alarm_IRQHandler
                0x08003478                EXTI2_IRQHandler
                0x08003478                TIM8_TRG_COM_IRQHandler
                0x08003478                TIM8_CC_IRQHandler
                0x08003478                TIM1_CC_IRQHandler
                0x08003478                TIM6_IRQHandler
                0x08003478                PVD_IRQHandler
                0x08003478                SDIO_IRQHandler
                0x08003478                EXTI3_IRQHandler
                0x08003478                EXTI0_IRQHandler
                0x08003478                I2C2_EV_IRQHandler
                0x08003478                ADC1_2_IRQHandler
                0x08003478                SPI1_IRQHandler
                0x08003478                TAMPER_IRQHandler
                0x08003478                TIM8_UP_IRQHandler
                0x08003478                DMA2_Channel2_IRQHandler
                0x08003478                DMA1_Channel4_IRQHandler
                0x08003478                USART3_IRQHandler
                0x08003478                RTC_IRQHandler
                0x08003478                DMA1_Channel7_IRQHandler
                0x08003478                CAN1_RX1_IRQHandler
                0x08003478                UART5_IRQHandler
                0x08003478                ADC3_IRQHandler
                0x08003478                TIM4_IRQHandler
                0x08003478                DMA2_Channel1_IRQHandler
                0x08003478                I2C1_EV_IRQHandler
                0x08003478                DMA1_Channel6_IRQHandler
                0x08003478                UART4_IRQHandler
                0x08003478                TIM3_IRQHandler
                0x08003478                RCC_IRQHandler
                0x08003478                TIM1_TRG_COM_IRQHandler
                0x08003478                DMA1_Channel1_IRQHandler
                0x08003478                Default_Handler
                0x08003478                EXTI15_10_IRQHandler
                0x08003478                TIM7_IRQHandler
                0x08003478                TIM5_IRQHandler
                0x08003478                EXTI9_5_IRQHandler
                0x08003478                SPI2_IRQHandler
                0x08003478                DMA1_Channel5_IRQHandler
                0x08003478                EXTI4_IRQHandler
                0x08003478                USB_LP_CAN1_RX0_IRQHandler
                0x08003478                USB_HP_CAN1_TX_IRQHandler
                0x08003478                DMA1_Channel3_IRQHandler
                0x08003478                FSMC_IRQHandler
                0x08003478                TIM1_UP_IRQHandler
                0x08003478                WWDG_IRQHandler
                0x08003478                TIM2_IRQHandler
                0x08003478                TIM1_BRK_IRQHandler
                0x08003478                EXTI1_IRQHandler
                0x08003478                DMA2_Channel4_5_IRQHandler
                0x08003478                USART2_IRQHandler
                0x08003478                I2C2_ER_IRQHandler
                0x08003478                DMA1_Channel2_IRQHandler
                0x08003478                TIM8_BRK_IRQHandler
                0x08003478                CAN1_SCE_IRQHandler
                0x08003478                FLASH_IRQHandler
                0x08003478                SPI3_IRQHandler
                0x08003478                I2C1_ER_IRQHandler
                0x08003478                USBWakeUp_IRQHandler
                0x08003478                DMA2_Channel3_IRQHandler
 *fill*         0x0800347a        0x2 
 .text.__errno  0x0800347c        0xc d:/programs/gcc-arm-none-eabi-10.3-2021.10/bin/../lib/gcc/arm-none-eabi/10.3.1/../../../../arm-none-eabi/lib/thumb/v7-m/nofp\libg.a(lib_a-errno.o)
                0x0800347c                __errno
 .text.__libc_init_array
                0x08003488       0x48 d:/programs/gcc-arm-none-eabi-10.3-2021.10/bin/../lib/gcc/arm-none-eabi/10.3.1/../../../../arm-none-eabi/lib/thumb/v7-m/nofp\libg.a(lib_a-init.o)
                0x08003488                __libc_init_array
 .text.memset   0x080034d0       0xa4 d:/programs/gcc-arm-none-eabi-10.3-2021.10/bin/../lib/gcc/arm-none-eabi/10.3.1/../../../../arm-none-eabi/lib/thumb/v7-m/nofp\libg.a(lib_a-memset.o)
                0x080034d0                memset
 .text.printf   0x08003574       0x28 d:/programs/gcc-arm-none-eabi-10.3-2021.10/bin/../lib/gcc/arm-none-eabi/10.3.1/../../../../arm-none-eabi/lib/thumb/v7-m/nofp\libg.a(lib_a-printf.o)
                0x08003574                printf
 .text._puts_r  0x0800359c       0x9c d:/programs/gcc-arm-none-eabi-10.3-2021.10/bin/../lib/gcc/arm-none-eabi/10.3.1/../../../../arm-none-eabi/lib/thumb/v7-m/nofp\libg.a(lib_a-puts.o)
                0x0800359c                _puts_r
 .text.puts     0x08003638       0x10 d:/programs/gcc-arm-none-eabi-10.3-2021.10/bin/../lib/gcc/arm-none-eabi/10.3.1/../../../../arm-none-eabi/lib/thumb/v7-m/nofp\libg.a(lib_a-puts.o)
                0x08003638                puts
 .text.strlen   0x08003648       0x5c d:/programs/gcc-arm-none-eabi-10.3-2021.10/bin/../lib/gcc/arm-none-eabi/10.3.1/../../../../arm-none-eabi/lib/thumb/v7-m/nofp\libg.a(lib_a-strlen-stub.o)
                0x08003648                strlen
 .text._vfprintf_r
                0x080036a4     0x1b58 d:/programs/gcc-arm-none-eabi-10.3-2021.10/bin/../lib/gcc/arm-none-eabi/10.3.1/../../../../arm-none-eabi/lib/thumb/v7-m/nofp\libg.a(lib_a-vfprintf.o)
                0x080036a4                _vfprintf_r
 .text.__sbprintf
                0x080051fc       0x84 d:/programs/gcc-arm-none-eabi-10.3-2021.10/bin/../lib/gcc/arm-none-eabi/10.3.1/../../../../arm-none-eabi/lib/thumb/v7-m/nofp\libg.a(lib_a-vfprintf.o)
 .text.__swsetup_r
                0x08005280       0xd4 d:/programs/gcc-arm-none-eabi-10.3-2021.10/bin/../lib/gcc/arm-none-eabi/10.3.1/../../../../arm-none-eabi/lib/thumb/v7-m/nofp\libg.a(lib_a-wsetup.o)
                0x08005280                __swsetup_r
 .text.startup.register_fini
                0x08005354       0x14 d:/programs/gcc-arm-none-eabi-10.3-2021.10/bin/../lib/gcc/arm-none-eabi/10.3.1/../../../../arm-none-eabi/lib/thumb/v7-m/nofp\libg.a(lib_a-__call_atexit.o)
 .text.atexit   0x08005368        0xc d:/programs/gcc-arm-none-eabi-10.3-2021.10/bin/../lib/gcc/arm-none-eabi/10.3.1/../../../../arm-none-eabi/lib/thumb/v7-m/nofp\libg.a(lib_a-atexit.o)
                0x08005368                atexit
 .text.quorem   0x08005374      0x12c d:/programs/gcc-arm-none-eabi-10.3-2021.10/bin/../lib/gcc/arm-none-eabi/10.3.1/../../../../arm-none-eabi/lib/thumb/v7-m/nofp\libg.a(lib_a-dtoa.o)
 .text._dtoa_r  0x080054a0      0xecc d:/programs/gcc-arm-none-eabi-10.3-2021.10/bin/../lib/gcc/arm-none-eabi/10.3.1/../../../../arm-none-eabi/lib/thumb/v7-m/nofp\libg.a(lib_a-dtoa.o)
                0x080054a0                _dtoa_r
 .text.__sflush_r
                0x0800636c      0x124 d:/programs/gcc-arm-none-eabi-10.3-2021.10/bin/../lib/gcc/arm-none-eabi/10.3.1/../../../../arm-none-eabi/lib/thumb/v7-m/nofp\libg.a(lib_a-fflush.o)
                0x0800636c                __sflush_r
 .text._fflush_r
                0x08006490       0x5c d:/programs/gcc-arm-none-eabi-10.3-2021.10/bin/../lib/gcc/arm-none-eabi/10.3.1/../../../../arm-none-eabi/lib/thumb/v7-m/nofp\libg.a(lib_a-fflush.o)
                0x08006490                _fflush_r
 .text._cleanup_r
                0x080064ec        0xc d:/programs/gcc-arm-none-eabi-10.3-2021.10/bin/../lib/gcc/arm-none-eabi/10.3.1/../../../../arm-none-eabi/lib/thumb/v7-m/nofp\libg.a(lib_a-findfp.o)
                0x080064ec                _cleanup_r
 .text.__sinit  0x080064f8      0x10c d:/programs/gcc-arm-none-eabi-10.3-2021.10/bin/../lib/gcc/arm-none-eabi/10.3.1/../../../../arm-none-eabi/lib/thumb/v7-m/nofp\libg.a(lib_a-findfp.o)
                0x080064f8                __sinit
 .text.__sfp_lock_acquire
                0x08006604        0xc d:/programs/gcc-arm-none-eabi-10.3-2021.10/bin/../lib/gcc/arm-none-eabi/10.3.1/../../../../arm-none-eabi/lib/thumb/v7-m/nofp\libg.a(lib_a-findfp.o)
                0x08006604                __sfp_lock_acquire
 .text.__sfp_lock_release
                0x08006610        0xc d:/programs/gcc-arm-none-eabi-10.3-2021.10/bin/../lib/gcc/arm-none-eabi/10.3.1/../../../../arm-none-eabi/lib/thumb/v7-m/nofp\libg.a(lib_a-findfp.o)
                0x08006610                __sfp_lock_release
 .text.__libc_fini_array
                0x0800661c       0x2c d:/programs/gcc-arm-none-eabi-10.3-2021.10/bin/../lib/gcc/arm-none-eabi/10.3.1/../../../../arm-none-eabi/lib/thumb/v7-m/nofp\libg.a(lib_a-fini.o)
                0x0800661c                __libc_fini_array
 .text._malloc_trim_r
                0x08006648       0xa0 d:/programs/gcc-arm-none-eabi-10.3-2021.10/bin/../lib/gcc/arm-none-eabi/10.3.1/../../../../arm-none-eabi/lib/thumb/v7-m/nofp\libg.a(lib_a-freer.o)
                0x08006648                _malloc_trim_r
 .text._free_r  0x080066e8      0x200 d:/programs/gcc-arm-none-eabi-10.3-2021.10/bin/../lib/gcc/arm-none-eabi/10.3.1/../../../../arm-none-eabi/lib/thumb/v7-m/nofp\libg.a(lib_a-freer.o)
                0x080066e8                _free_r
 .text.__sfvwrite_r
                0x080068e8      0x2f0 d:/programs/gcc-arm-none-eabi-10.3-2021.10/bin/../lib/gcc/arm-none-eabi/10.3.1/../../../../arm-none-eabi/lib/thumb/v7-m/nofp\libg.a(lib_a-fvwrite.o)
                0x080068e8                __sfvwrite_r
 .text._fwalk_reent
                0x08006bd8       0x48 d:/programs/gcc-arm-none-eabi-10.3-2021.10/bin/../lib/gcc/arm-none-eabi/10.3.1/../../../../arm-none-eabi/lib/thumb/v7-m/nofp\libg.a(lib_a-fwalk.o)
                0x08006bd8                _fwalk_reent
 .text._localeconv_r
                0x08006c20        0x8 d:/programs/gcc-arm-none-eabi-10.3-2021.10/bin/../lib/gcc/arm-none-eabi/10.3.1/../../../../arm-none-eabi/lib/thumb/v7-m/nofp\libg.a(lib_a-localeconv.o)
                0x08006c20                _localeconv_r
 .text.__retarget_lock_init_recursive
                0x08006c28        0x4 d:/programs/gcc-arm-none-eabi-10.3-2021.10/bin/../lib/gcc/arm-none-eabi/10.3.1/../../../../arm-none-eabi/lib/thumb/v7-m/nofp\libg.a(lib_a-lock.o)
                0x08006c28                __retarget_lock_init_recursive
 .text.__retarget_lock_close_recursive
                0x08006c2c        0x4 d:/programs/gcc-arm-none-eabi-10.3-2021.10/bin/../lib/gcc/arm-none-eabi/10.3.1/../../../../arm-none-eabi/lib/thumb/v7-m/nofp\libg.a(lib_a-lock.o)
                0x08006c2c                __retarget_lock_close_recursive
 .text.__retarget_lock_acquire_recursive
                0x08006c30        0x4 d:/programs/gcc-arm-none-eabi-10.3-2021.10/bin/../lib/gcc/arm-none-eabi/10.3.1/../../../../arm-none-eabi/lib/thumb/v7-m/nofp\libg.a(lib_a-lock.o)
                0x08006c30                __retarget_lock_acquire_recursive
 .text.__retarget_lock_release_recursive
                0x08006c34        0x4 d:/programs/gcc-arm-none-eabi-10.3-2021.10/bin/../lib/gcc/arm-none-eabi/10.3.1/../../../../arm-none-eabi/lib/thumb/v7-m/nofp\libg.a(lib_a-lock.o)
                0x08006c34                __retarget_lock_release_recursive
 .text.__smakebuf_r
                0x08006c38       0xe0 d:/programs/gcc-arm-none-eabi-10.3-2021.10/bin/../lib/gcc/arm-none-eabi/10.3.1/../../../../arm-none-eabi/lib/thumb/v7-m/nofp\libg.a(lib_a-makebuf.o)
                0x08006c38                __smakebuf_r
 .text._malloc_r
                0x08006d18      0x558 d:/programs/gcc-arm-none-eabi-10.3-2021.10/bin/../lib/gcc/arm-none-eabi/10.3.1/../../../../arm-none-eabi/lib/thumb/v7-m/nofp\libg.a(lib_a-mallocr.o)
                0x08006d18                _malloc_r
 .text.memchr   0x08007270       0x90 d:/programs/gcc-arm-none-eabi-10.3-2021.10/bin/../lib/gcc/arm-none-eabi/10.3.1/../../../../arm-none-eabi/lib/thumb/v7-m/nofp\libg.a(lib_a-memchr-stub.o)
                0x08007270                memchr
 .text.memmove  0x08007300       0xf8 d:/programs/gcc-arm-none-eabi-10.3-2021.10/bin/../lib/gcc/arm-none-eabi/10.3.1/../../../../arm-none-eabi/lib/thumb/v7-m/nofp\libg.a(lib_a-memmove.o)
                0x08007300                memmove
 .text.__malloc_lock
                0x080073f8        0xc d:/programs/gcc-arm-none-eabi-10.3-2021.10/bin/../lib/gcc/arm-none-eabi/10.3.1/../../../../arm-none-eabi/lib/thumb/v7-m/nofp\libg.a(lib_a-mlock.o)
                0x080073f8                __malloc_lock
 .text.__malloc_unlock
                0x08007404        0xc d:/programs/gcc-arm-none-eabi-10.3-2021.10/bin/../lib/gcc/arm-none-eabi/10.3.1/../../../../arm-none-eabi/lib/thumb/v7-m/nofp\libg.a(lib_a-mlock.o)
                0x08007404                __malloc_unlock
 .text._Balloc  0x08007410       0x4c d:/programs/gcc-arm-none-eabi-10.3-2021.10/bin/../lib/gcc/arm-none-eabi/10.3.1/../../../../arm-none-eabi/lib/thumb/v7-m/nofp\libg.a(lib_a-mprec.o)
                0x08007410                _Balloc
 .text._Bfree   0x0800745c       0x14 d:/programs/gcc-arm-none-eabi-10.3-2021.10/bin/../lib/gcc/arm-none-eabi/10.3.1/../../../../arm-none-eabi/lib/thumb/v7-m/nofp\libg.a(lib_a-mprec.o)
                0x0800745c                _Bfree
 .text.__multadd
                0x08007470       0xa4 d:/programs/gcc-arm-none-eabi-10.3-2021.10/bin/../lib/gcc/arm-none-eabi/10.3.1/../../../../arm-none-eabi/lib/thumb/v7-m/nofp\libg.a(lib_a-mprec.o)
                0x08007470                __multadd
 .text.__hi0bits
                0x08007514       0x40 d:/programs/gcc-arm-none-eabi-10.3-2021.10/bin/../lib/gcc/arm-none-eabi/10.3.1/../../../../arm-none-eabi/lib/thumb/v7-m/nofp\libg.a(lib_a-mprec.o)
                0x08007514                __hi0bits
 .text.__lo0bits
                0x08007554       0x58 d:/programs/gcc-arm-none-eabi-10.3-2021.10/bin/../lib/gcc/arm-none-eabi/10.3.1/../../../../arm-none-eabi/lib/thumb/v7-m/nofp\libg.a(lib_a-mprec.o)
                0x08007554                __lo0bits
 .text.__i2b    0x080075ac       0x5c d:/programs/gcc-arm-none-eabi-10.3-2021.10/bin/../lib/gcc/arm-none-eabi/10.3.1/../../../../arm-none-eabi/lib/thumb/v7-m/nofp\libg.a(lib_a-mprec.o)
                0x080075ac                __i2b
 .text.__multiply
                0x08007608      0x15c d:/programs/gcc-arm-none-eabi-10.3-2021.10/bin/../lib/gcc/arm-none-eabi/10.3.1/../../../../arm-none-eabi/lib/thumb/v7-m/nofp\libg.a(lib_a-mprec.o)
                0x08007608                __multiply
 .text.__pow5mult
                0x08007764       0xb8 d:/programs/gcc-arm-none-eabi-10.3-2021.10/bin/../lib/gcc/arm-none-eabi/10.3.1/../../../../arm-none-eabi/lib/thumb/v7-m/nofp\libg.a(lib_a-mprec.o)
                0x08007764                __pow5mult
 .text.__lshift
                0x0800781c       0xec d:/programs/gcc-arm-none-eabi-10.3-2021.10/bin/../lib/gcc/arm-none-eabi/10.3.1/../../../../arm-none-eabi/lib/thumb/v7-m/nofp\libg.a(lib_a-mprec.o)
                0x0800781c                __lshift
 .text.__mcmp   0x08007908       0x40 d:/programs/gcc-arm-none-eabi-10.3-2021.10/bin/../lib/gcc/arm-none-eabi/10.3.1/../../../../arm-none-eabi/lib/thumb/v7-m/nofp\libg.a(lib_a-mprec.o)
                0x08007908                __mcmp
 .text.__mdiff  0x08007948      0x14c d:/programs/gcc-arm-none-eabi-10.3-2021.10/bin/../lib/gcc/arm-none-eabi/10.3.1/../../../../arm-none-eabi/lib/thumb/v7-m/nofp\libg.a(lib_a-mprec.o)
                0x08007948                __mdiff
 .text.__d2b    0x08007a94       0xc4 d:/programs/gcc-arm-none-eabi-10.3-2021.10/bin/../lib/gcc/arm-none-eabi/10.3.1/../../../../arm-none-eabi/lib/thumb/v7-m/nofp\libg.a(lib_a-mprec.o)
                0x08007a94                __d2b
 .text._realloc_r
                0x08007b58      0x3dc d:/programs/gcc-arm-none-eabi-10.3-2021.10/bin/../lib/gcc/arm-none-eabi/10.3.1/../../../../arm-none-eabi/lib/thumb/v7-m/nofp\libg.a(lib_a-reallocr.o)
                0x08007b58                _realloc_r
 .text.frexp    0x08007f34       0x70 d:/programs/gcc-arm-none-eabi-10.3-2021.10/bin/../lib/gcc/arm-none-eabi/10.3.1/../../../../arm-none-eabi/lib/thumb/v7-m/nofp\libg.a(lib_a-s_frexp.o)
                0x08007f34                frexp
 .text._sbrk_r  0x08007fa4       0x24 d:/programs/gcc-arm-none-eabi-10.3-2021.10/bin/../lib/gcc/arm-none-eabi/10.3.1/../../../../arm-none-eabi/lib/thumb/v7-m/nofp\libg.a(lib_a-sbrkr.o)
                0x08007fa4                _sbrk_r
 .text.__sread  0x08007fc8       0x24 d:/programs/gcc-arm-none-eabi-10.3-2021.10/bin/../lib/gcc/arm-none-eabi/10.3.1/../../../../arm-none-eabi/lib/thumb/v7-m/nofp\libg.a(lib_a-stdio.o)
                0x08007fc8                __sread
 .text.__swrite
                0x08007fec       0x40 d:/programs/gcc-arm-none-eabi-10.3-2021.10/bin/../lib/gcc/arm-none-eabi/10.3.1/../../../../arm-none-eabi/lib/thumb/v7-m/nofp\libg.a(lib_a-stdio.o)
                0x08007fec                __swrite
 .text.__sseek  0x0800802c       0x20 d:/programs/gcc-arm-none-eabi-10.3-2021.10/bin/../lib/gcc/arm-none-eabi/10.3.1/../../../../arm-none-eabi/lib/thumb/v7-m/nofp\libg.a(lib_a-stdio.o)
                0x0800802c                __sseek
 .text.__sclose
                0x0800804c        0x8 d:/programs/gcc-arm-none-eabi-10.3-2021.10/bin/../lib/gcc/arm-none-eabi/10.3.1/../../../../arm-none-eabi/lib/thumb/v7-m/nofp\libg.a(lib_a-stdio.o)
                0x0800804c                __sclose
 .text.strncpy  0x08008054       0x68 d:/programs/gcc-arm-none-eabi-10.3-2021.10/bin/../lib/gcc/arm-none-eabi/10.3.1/../../../../arm-none-eabi/lib/thumb/v7-m/nofp\libg.a(lib_a-strncpy.o)
                0x08008054                strncpy
 .text.__sprint_r.part.0
                0x080080bc       0x78 d:/programs/gcc-arm-none-eabi-10.3-2021.10/bin/../lib/gcc/arm-none-eabi/10.3.1/../../../../arm-none-eabi/lib/thumb/v7-m/nofp\libg.a(lib_a-vfiprintf.o)
 .text.__sprint_r
                0x08008134       0x14 d:/programs/gcc-arm-none-eabi-10.3-2021.10/bin/../lib/gcc/arm-none-eabi/10.3.1/../../../../arm-none-eabi/lib/thumb/v7-m/nofp\libg.a(lib_a-vfiprintf.o)
                0x08008134                __sprint_r
 .text._vfiprintf_r
                0x08008148      0xd98 d:/programs/gcc-arm-none-eabi-10.3-2021.10/bin/../lib/gcc/arm-none-eabi/10.3.1/../../../../arm-none-eabi/lib/thumb/v7-m/nofp\libg.a(lib_a-vfiprintf.o)
                0x08008148                _vfiprintf_r
 .text.__sbprintf
                0x08008ee0       0x84 d:/programs/gcc-arm-none-eabi-10.3-2021.10/bin/../lib/gcc/arm-none-eabi/10.3.1/../../../../arm-none-eabi/lib/thumb/v7-m/nofp\libg.a(lib_a-vfiprintf.o)
 .text._write_r
                0x08008f64       0x2c d:/programs/gcc-arm-none-eabi-10.3-2021.10/bin/../lib/gcc/arm-none-eabi/10.3.1/../../../../arm-none-eabi/lib/thumb/v7-m/nofp\libg.a(lib_a-writer.o)
                0x08008f64                _write_r
 .text.__register_exitproc
                0x08008f90       0x8c d:/programs/gcc-arm-none-eabi-10.3-2021.10/bin/../lib/gcc/arm-none-eabi/10.3.1/../../../../arm-none-eabi/lib/thumb/v7-m/nofp\libg.a(lib_a-__atexit.o)
                0x08008f90                __register_exitproc
 .text.__assert_func
                0x0800901c       0x40 d:/programs/gcc-arm-none-eabi-10.3-2021.10/bin/../lib/gcc/arm-none-eabi/10.3.1/../../../../arm-none-eabi/lib/thumb/v7-m/nofp\libg.a(lib_a-assert.o)
                0x0800901c                __assert_func
 .text._calloc_r
                0x0800905c       0x78 d:/programs/gcc-arm-none-eabi-10.3-2021.10/bin/../lib/gcc/arm-none-eabi/10.3.1/../../../../arm-none-eabi/lib/thumb/v7-m/nofp\libg.a(lib_a-callocr.o)
                0x0800905c                _calloc_r
 .text._close_r
                0x080090d4       0x24 d:/programs/gcc-arm-none-eabi-10.3-2021.10/bin/../lib/gcc/arm-none-eabi/10.3.1/../../../../arm-none-eabi/lib/thumb/v7-m/nofp\libg.a(lib_a-closer.o)
                0x080090d4                _close_r
 .text._fclose_r
                0x080090f8       0xcc d:/programs/gcc-arm-none-eabi-10.3-2021.10/bin/../lib/gcc/arm-none-eabi/10.3.1/../../../../arm-none-eabi/lib/thumb/v7-m/nofp\libg.a(lib_a-fclose.o)
                0x080090f8                _fclose_r
 .text.fiprintf
                0x080091c4       0x28 d:/programs/gcc-arm-none-eabi-10.3-2021.10/bin/../lib/gcc/arm-none-eabi/10.3.1/../../../../arm-none-eabi/lib/thumb/v7-m/nofp\libg.a(lib_a-fiprintf.o)
                0x080091c4                fiprintf
 .text.__fputwc
                0x080091ec       0xa0 d:/programs/gcc-arm-none-eabi-10.3-2021.10/bin/../lib/gcc/arm-none-eabi/10.3.1/../../../../arm-none-eabi/lib/thumb/v7-m/nofp\libg.a(lib_a-fputwc.o)
                0x080091ec                __fputwc
 .text._fputwc_r
                0x0800928c       0x68 d:/programs/gcc-arm-none-eabi-10.3-2021.10/bin/../lib/gcc/arm-none-eabi/10.3.1/../../../../arm-none-eabi/lib/thumb/v7-m/nofp\libg.a(lib_a-fputwc.o)
                0x0800928c                _fputwc_r
 .text._fstat_r
                0x080092f4       0x28 d:/programs/gcc-arm-none-eabi-10.3-2021.10/bin/../lib/gcc/arm-none-eabi/10.3.1/../../../../arm-none-eabi/lib/thumb/v7-m/nofp\libg.a(lib_a-fstatr.o)
                0x080092f4                _fstat_r
 .text._isatty_r
                0x0800931c       0x24 d:/programs/gcc-arm-none-eabi-10.3-2021.10/bin/../lib/gcc/arm-none-eabi/10.3.1/../../../../arm-none-eabi/lib/thumb/v7-m/nofp\libg.a(lib_a-isattyr.o)
                0x0800931c                _isatty_r
 .text.__locale_mb_cur_max
                0x08009340        0xc d:/programs/gcc-arm-none-eabi-10.3-2021.10/bin/../lib/gcc/arm-none-eabi/10.3.1/../../../../arm-none-eabi/lib/thumb/v7-m/nofp\libg.a(lib_a-locale.o)
                0x08009340                __locale_mb_cur_max
 .text._lseek_r
                0x0800934c       0x2c d:/programs/gcc-arm-none-eabi-10.3-2021.10/bin/../lib/gcc/arm-none-eabi/10.3.1/../../../../arm-none-eabi/lib/thumb/v7-m/nofp\libg.a(lib_a-lseekr.o)
                0x0800934c                _lseek_r
 .text.__ascii_mbtowc
                0x08009378       0x2c d:/programs/gcc-arm-none-eabi-10.3-2021.10/bin/../lib/gcc/arm-none-eabi/10.3.1/../../../../arm-none-eabi/lib/thumb/v7-m/nofp\libg.a(lib_a-mbtowc_r.o)
                0x08009378                __ascii_mbtowc
 .text._read_r  0x080093a4       0x2c d:/programs/gcc-arm-none-eabi-10.3-2021.10/bin/../lib/gcc/arm-none-eabi/10.3.1/../../../../arm-none-eabi/lib/thumb/v7-m/nofp\libg.a(lib_a-readr.o)
                0x080093a4                _read_r
 .text.__swbuf_r
                0x080093d0       0xb0 d:/programs/gcc-arm-none-eabi-10.3-2021.10/bin/../lib/gcc/arm-none-eabi/10.3.1/../../../../arm-none-eabi/lib/thumb/v7-m/nofp\libg.a(lib_a-wbuf.o)
                0x080093d0                __swbuf_r
 .text._wcrtomb_r
                0x08009480       0x3c d:/programs/gcc-arm-none-eabi-10.3-2021.10/bin/../lib/gcc/arm-none-eabi/10.3.1/../../../../arm-none-eabi/lib/thumb/v7-m/nofp\libg.a(lib_a-wcrtomb.o)
                0x08009480                _wcrtomb_r
 .text.__ascii_wctomb
                0x080094bc       0x1c d:/programs/gcc-arm-none-eabi-10.3-2021.10/bin/../lib/gcc/arm-none-eabi/10.3.1/../../../../arm-none-eabi/lib/thumb/v7-m/nofp\libg.a(lib_a-wctomb_r.o)
                0x080094bc                __ascii_wctomb
 .text.abort    0x080094d8       0x10 d:/programs/gcc-arm-none-eabi-10.3-2021.10/bin/../lib/gcc/arm-none-eabi/10.3.1/../../../../arm-none-eabi/lib/thumb/v7-m/nofp\libg.a(lib_a-abort.o)
                0x080094d8                abort
 .text.raise    0x080094e8       0x5c d:/programs/gcc-arm-none-eabi-10.3-2021.10/bin/../lib/gcc/arm-none-eabi/10.3.1/../../../../arm-none-eabi/lib/thumb/v7-m/nofp\libg.a(lib_a-signal.o)
                0x080094e8                raise
 .text._kill_r  0x08009544       0x28 d:/programs/gcc-arm-none-eabi-10.3-2021.10/bin/../lib/gcc/arm-none-eabi/10.3.1/../../../../arm-none-eabi/lib/thumb/v7-m/nofp\libg.a(lib_a-signalr.o)
                0x08009544                _kill_r
 .text._getpid_r
                0x0800956c        0x4 d:/programs/gcc-arm-none-eabi-10.3-2021.10/bin/../lib/gcc/arm-none-eabi/10.3.1/../../../../arm-none-eabi/lib/thumb/v7-m/nofp\libg.a(lib_a-signalr.o)
                0x0800956c                _getpid_r
 *(.glue_7)
 .glue_7        0x08009570        0x0 linker stubs
 *(.glue_7t)
 .glue_7t       0x08009570        0x0 linker stubs
 *(.eh_frame)
 .eh_frame      0x08009570        0x0 d:/programs/gcc-arm-none-eabi-10.3-2021.10/bin/../lib/gcc/arm-none-eabi/10.3.1/thumb/v7-m/nofp/crtbegin.o
 *(.init)
 .init          0x08009570        0x4 d:/programs/gcc-arm-none-eabi-10.3-2021.10/bin/../lib/gcc/arm-none-eabi/10.3.1/thumb/v7-m/nofp/crti.o
                0x08009570                _init
 .init          0x08009574        0x8 d:/programs/gcc-arm-none-eabi-10.3-2021.10/bin/../lib/gcc/arm-none-eabi/10.3.1/thumb/v7-m/nofp/crtn.o
 *(.fini)
 .fini          0x0800957c        0x4 d:/programs/gcc-arm-none-eabi-10.3-2021.10/bin/../lib/gcc/arm-none-eabi/10.3.1/thumb/v7-m/nofp/crti.o
                0x0800957c                _fini
 .fini          0x08009580        0x8 d:/programs/gcc-arm-none-eabi-10.3-2021.10/bin/../lib/gcc/arm-none-eabi/10.3.1/thumb/v7-m/nofp/crtn.o
                0x08009588                . = ALIGN (0x4)
                0x08009588                _etext = .

.vfp11_veneer   0x08009588        0x0
 .vfp11_veneer  0x08009588        0x0 linker stubs

.v4_bx          0x08009588        0x0
 .v4_bx         0x08009588        0x0 linker stubs

.iplt           0x08009588        0x0
 .iplt          0x08009588        0x0 d:/programs/gcc-arm-none-eabi-10.3-2021.10/bin/../lib/gcc/arm-none-eabi/10.3.1/thumb/v7-m/nofp/crtbegin.o

.rodata         0x08009588      0x568
                0x08009588                . = ALIGN (0x4)
 *(.rodata)
 *(.rodata*)
 .rodata.HAL_RCC_GetSysClockFreq.str1.4
                0x08009588       0x11 CMakeFiles/DEMO05_IIC_EEPROM1.elf.dir/Drivers/STM32F1xx_HAL_Driver/Src/stm32f1xx_hal_rcc.c.obj
 *fill*         0x08009599        0x3 
 .rodata.I2C_Test.str1.4
                0x0800959c       0xd4 CMakeFiles/DEMO05_IIC_EEPROM1.elf.dir/Src/main.c.obj
 .rodata.main.str1.4
                0x08009670       0x66 CMakeFiles/DEMO05_IIC_EEPROM1.elf.dir/Src/main.c.obj
 *fill*         0x080096d6        0x2 
 .rodata.AHBPrescTable
                0x080096d8       0x10 CMakeFiles/DEMO05_IIC_EEPROM1.elf.dir/Src/system_stm32f1xx.c.obj
                0x080096d8                AHBPrescTable
 .rodata.APBPrescTable
                0x080096e8        0x8 CMakeFiles/DEMO05_IIC_EEPROM1.elf.dir/Src/system_stm32f1xx.c.obj
                0x080096e8                APBPrescTable
 .rodata._global_impure_ptr
                0x080096f0        0x4 d:/programs/gcc-arm-none-eabi-10.3-2021.10/bin/../lib/gcc/arm-none-eabi/10.3.1/../../../../arm-none-eabi/lib/thumb/v7-m/nofp\libg.a(lib_a-impure.o)
                0x080096f0                _global_impure_ptr
 .rodata._puts_r.str1.4
                0x080096f4        0x2 d:/programs/gcc-arm-none-eabi-10.3-2021.10/bin/../lib/gcc/arm-none-eabi/10.3.1/../../../../arm-none-eabi/lib/thumb/v7-m/nofp\libg.a(lib_a-puts.o)
 *fill*         0x080096f6        0x2 
 .rodata._vfprintf_r.str1.4
                0x080096f8       0x42 d:/programs/gcc-arm-none-eabi-10.3-2021.10/bin/../lib/gcc/arm-none-eabi/10.3.1/../../../../arm-none-eabi/lib/thumb/v7-m/nofp\libg.a(lib_a-vfprintf.o)
 *fill*         0x0800973a        0x2 
 .rodata.blanks.1
                0x0800973c       0x10 d:/programs/gcc-arm-none-eabi-10.3-2021.10/bin/../lib/gcc/arm-none-eabi/10.3.1/../../../../arm-none-eabi/lib/thumb/v7-m/nofp\libg.a(lib_a-vfprintf.o)
 .rodata.zeroes.0
                0x0800974c       0x10 d:/programs/gcc-arm-none-eabi-10.3-2021.10/bin/../lib/gcc/arm-none-eabi/10.3.1/../../../../arm-none-eabi/lib/thumb/v7-m/nofp\libg.a(lib_a-vfprintf.o)
 .rodata._dtoa_r.str1.4
                0x0800975c       0xa2 d:/programs/gcc-arm-none-eabi-10.3-2021.10/bin/../lib/gcc/arm-none-eabi/10.3.1/../../../../arm-none-eabi/lib/thumb/v7-m/nofp\libg.a(lib_a-dtoa.o)
                                 0xa6 (size before relaxing)
 *fill*         0x080097fe        0x2 
 .rodata.__multadd.str1.4
                0x08009800       0x7f d:/programs/gcc-arm-none-eabi-10.3-2021.10/bin/../lib/gcc/arm-none-eabi/10.3.1/../../../../arm-none-eabi/lib/thumb/v7-m/nofp\libg.a(lib_a-mprec.o)
                                 0x93 (size before relaxing)
 *fill*         0x0800987f        0x1 
 .rodata.__mprec_bigtens
                0x08009880       0x28 d:/programs/gcc-arm-none-eabi-10.3-2021.10/bin/../lib/gcc/arm-none-eabi/10.3.1/../../../../arm-none-eabi/lib/thumb/v7-m/nofp\libg.a(lib_a-mprec.o)
                0x08009880                __mprec_bigtens
 .rodata.__mprec_tens
                0x080098a8       0xc8 d:/programs/gcc-arm-none-eabi-10.3-2021.10/bin/../lib/gcc/arm-none-eabi/10.3.1/../../../../arm-none-eabi/lib/thumb/v7-m/nofp\libg.a(lib_a-mprec.o)
                0x080098a8                __mprec_tens
 .rodata.p05.0  0x08009970        0xc d:/programs/gcc-arm-none-eabi-10.3-2021.10/bin/../lib/gcc/arm-none-eabi/10.3.1/../../../../arm-none-eabi/lib/thumb/v7-m/nofp\libg.a(lib_a-mprec.o)
 .rodata._vfiprintf_r.str1.4
                0x0800997c       0x2f d:/programs/gcc-arm-none-eabi-10.3-2021.10/bin/../lib/gcc/arm-none-eabi/10.3.1/../../../../arm-none-eabi/lib/thumb/v7-m/nofp\libg.a(lib_a-vfiprintf.o)
 .rodata.blanks.1
                0x0800997c       0x10 d:/programs/gcc-arm-none-eabi-10.3-2021.10/bin/../lib/gcc/arm-none-eabi/10.3.1/../../../../arm-none-eabi/lib/thumb/v7-m/nofp\libg.a(lib_a-vfiprintf.o)
 .rodata.zeroes.0
                0x0800998c       0x10 d:/programs/gcc-arm-none-eabi-10.3-2021.10/bin/../lib/gcc/arm-none-eabi/10.3.1/../../../../arm-none-eabi/lib/thumb/v7-m/nofp\libg.a(lib_a-vfiprintf.o)
 .rodata.__assert_func.str1.4
                0x0800999c       0x3f d:/programs/gcc-arm-none-eabi-10.3-2021.10/bin/../lib/gcc/arm-none-eabi/10.3.1/../../../../arm-none-eabi/lib/thumb/v7-m/nofp\libg.a(lib_a-assert.o)
                                 0x43 (size before relaxing)
 *fill*         0x080099db        0x1 
 .rodata._setlocale_r.str1.4
                0x080099dc        0xa d:/programs/gcc-arm-none-eabi-10.3-2021.10/bin/../lib/gcc/arm-none-eabi/10.3.1/../../../../arm-none-eabi/lib/thumb/v7-m/nofp\libg.a(lib_a-locale.o)
                                  0xd (size before relaxing)
 *fill*         0x080099e6        0x2 
 .rodata.str1.4
                0x080099e8        0x2 d:/programs/gcc-arm-none-eabi-10.3-2021.10/bin/../lib/gcc/arm-none-eabi/10.3.1/../../../../arm-none-eabi/lib/thumb/v7-m/nofp\libg.a(lib_a-locale.o)
 *fill*         0x080099ea        0x2 
 .rodata._ctype_
                0x080099ec      0x101 d:/programs/gcc-arm-none-eabi-10.3-2021.10/bin/../lib/gcc/arm-none-eabi/10.3.1/../../../../arm-none-eabi/lib/thumb/v7-m/nofp\libg.a(lib_a-ctype_.o)
                0x080099ec                _ctype_
                0x08009af0                . = ALIGN (0x4)
 *fill*         0x08009aed        0x3 

.ARM.extab
 *(.ARM.extab* .gnu.linkonce.armextab.*)

.ARM            0x08009af0        0x8
                0x08009af0                __exidx_start = .
 *(.ARM.exidx*)
 .ARM.exidx     0x08009af0        0x8 d:/programs/gcc-arm-none-eabi-10.3-2021.10/bin/../lib/gcc/arm-none-eabi/10.3.1/thumb/v7-m/nofp\libgcc.a(_udivmoddi4.o)
                0x08009af8                __exidx_end = .

.rel.dyn        0x08009af8        0x0
 .rel.iplt      0x08009af8        0x0 d:/programs/gcc-arm-none-eabi-10.3-2021.10/bin/../lib/gcc/arm-none-eabi/10.3.1/thumb/v7-m/nofp/crtbegin.o

.preinit_array  0x08009af8        0x0
                0x08009af8                PROVIDE (__preinit_array_start = .)
 *(.preinit_array*)
                0x08009af8                PROVIDE (__preinit_array_end = .)

.init_array     0x08009af8        0x8
                0x08009af8                PROVIDE (__init_array_start = .)
 *(SORT_BY_NAME(.init_array.*))
 .init_array.00000
                0x08009af8        0x4 d:/programs/gcc-arm-none-eabi-10.3-2021.10/bin/../lib/gcc/arm-none-eabi/10.3.1/../../../../arm-none-eabi/lib/thumb/v7-m/nofp\libg.a(lib_a-__call_atexit.o)
 *(.init_array*)
 .init_array    0x08009afc        0x4 d:/programs/gcc-arm-none-eabi-10.3-2021.10/bin/../lib/gcc/arm-none-eabi/10.3.1/thumb/v7-m/nofp/crtbegin.o
                0x08009b00                PROVIDE (__init_array_end = .)

.fini_array     0x08009b00        0x4
                0x08009b00                PROVIDE (__fini_array_start = .)
 *(SORT_BY_NAME(.fini_array.*))
 *(.fini_array*)
 .fini_array    0x08009b00        0x4 d:/programs/gcc-arm-none-eabi-10.3-2021.10/bin/../lib/gcc/arm-none-eabi/10.3.1/thumb/v7-m/nofp/crtbegin.o
                0x08009b04                PROVIDE (__fini_array_end = .)
                0x08009b04                _sidata = LOADADDR (.data)

.data           0x20000000      0x9b8 load address 0x08009b04
                0x20000000                . = ALIGN (0x4)
                0x20000000                _sdata = .
 *(.data)
 *(.data*)
 .data.uwTickFreq
                0x20000000        0x1 CMakeFiles/DEMO05_IIC_EEPROM1.elf.dir/Drivers/STM32F1xx_HAL_Driver/Src/stm32f1xx_hal.c.obj
                0x20000000                uwTickFreq
 *fill*         0x20000001        0x3 
 .data.uwTickPrio
                0x20000004        0x4 CMakeFiles/DEMO05_IIC_EEPROM1.elf.dir/Drivers/STM32F1xx_HAL_Driver/Src/stm32f1xx_hal.c.obj
                0x20000004                uwTickPrio
 .data.SystemCoreClock
                0x20000008        0x4 CMakeFiles/DEMO05_IIC_EEPROM1.elf.dir/Src/system_stm32f1xx.c.obj
                0x20000008                SystemCoreClock
 .data._impure_ptr
                0x2000000c        0x4 d:/programs/gcc-arm-none-eabi-10.3-2021.10/bin/../lib/gcc/arm-none-eabi/10.3.1/../../../../arm-none-eabi/lib/thumb/v7-m/nofp\libg.a(lib_a-impure.o)
                0x2000000c                _impure_ptr
 .data.impure_data
                0x20000010      0x428 d:/programs/gcc-arm-none-eabi-10.3-2021.10/bin/../lib/gcc/arm-none-eabi/10.3.1/../../../../arm-none-eabi/lib/thumb/v7-m/nofp\libg.a(lib_a-impure.o)
 .data.__atexit_recursive_mutex
                0x20000438        0x4 d:/programs/gcc-arm-none-eabi-10.3-2021.10/bin/../lib/gcc/arm-none-eabi/10.3.1/../../../../arm-none-eabi/lib/thumb/v7-m/nofp\libg.a(lib_a-__call_atexit.o)
                0x20000438                __atexit_recursive_mutex
 .data.__malloc_av_
                0x2000043c      0x408 d:/programs/gcc-arm-none-eabi-10.3-2021.10/bin/../lib/gcc/arm-none-eabi/10.3.1/../../../../arm-none-eabi/lib/thumb/v7-m/nofp\libg.a(lib_a-mallocr.o)
                0x2000043c                __malloc_av_
 .data.__malloc_sbrk_base
                0x20000844        0x4 d:/programs/gcc-arm-none-eabi-10.3-2021.10/bin/../lib/gcc/arm-none-eabi/10.3.1/../../../../arm-none-eabi/lib/thumb/v7-m/nofp\libg.a(lib_a-mallocr.o)
                0x20000844                __malloc_sbrk_base
 .data.__malloc_trim_threshold
                0x20000848        0x4 d:/programs/gcc-arm-none-eabi-10.3-2021.10/bin/../lib/gcc/arm-none-eabi/10.3.1/../../../../arm-none-eabi/lib/thumb/v7-m/nofp\libg.a(lib_a-mallocr.o)
                0x20000848                __malloc_trim_threshold
 .data.__global_locale
                0x2000084c      0x16c d:/programs/gcc-arm-none-eabi-10.3-2021.10/bin/../lib/gcc/arm-none-eabi/10.3.1/../../../../arm-none-eabi/lib/thumb/v7-m/nofp\libg.a(lib_a-locale.o)
                0x2000084c                __global_locale
                0x200009b8                . = ALIGN (0x4)
                0x200009b8                _edata = .

.igot.plt       0x200009b8        0x0 load address 0x0800a4bc
 .igot.plt      0x200009b8        0x0 d:/programs/gcc-arm-none-eabi-10.3-2021.10/bin/../lib/gcc/arm-none-eabi/10.3.1/thumb/v7-m/nofp/crtbegin.o
                0x200009b8                . = ALIGN (0x4)

.bss            0x200009b8      0x304 load address 0x0800a4bc
                0x200009b8                _sbss = .
                0x200009b8                __bss_start__ = _sbss
 *(.bss)
 .bss           0x200009b8       0x1c d:/programs/gcc-arm-none-eabi-10.3-2021.10/bin/../lib/gcc/arm-none-eabi/10.3.1/thumb/v7-m/nofp/crtbegin.o
 *(.bss*)
 .bss.uwTick    0x200009d4        0x4 CMakeFiles/DEMO05_IIC_EEPROM1.elf.dir/Drivers/STM32F1xx_HAL_Driver/Src/stm32f1xx_hal.c.obj
                0x200009d4                uwTick
 .bss.hi2c1     0x200009d8       0x54 CMakeFiles/DEMO05_IIC_EEPROM1.elf.dir/Src/i2c.c.obj
                0x200009d8                hi2c1
 .bss.I2c_Buf_Read
                0x20000a2c      0x100 CMakeFiles/DEMO05_IIC_EEPROM1.elf.dir/Src/main.c.obj
                0x20000a2c                I2c_Buf_Read
 .bss.I2c_Buf_Write
                0x20000b2c      0x100 CMakeFiles/DEMO05_IIC_EEPROM1.elf.dir/Src/main.c.obj
                0x20000b2c                I2c_Buf_Write
 .bss.heap_end.0
                0x20000c2c        0x4 CMakeFiles/DEMO05_IIC_EEPROM1.elf.dir/Src/syscalls.c.obj
 .bss.huart1    0x20000c30       0x44 CMakeFiles/DEMO05_IIC_EEPROM1.elf.dir/Src/usart.c.obj
                0x20000c30                huart1
 .bss.__lock___atexit_recursive_mutex
                0x20000c74        0x1 d:/programs/gcc-arm-none-eabi-10.3-2021.10/bin/../lib/gcc/arm-none-eabi/10.3.1/../../../../arm-none-eabi/lib/thumb/v7-m/nofp\libg.a(lib_a-lock.o)
                0x20000c74                __lock___atexit_recursive_mutex
 *fill*         0x20000c75        0x3 
 .bss.__lock___malloc_recursive_mutex
                0x20000c78        0x1 d:/programs/gcc-arm-none-eabi-10.3-2021.10/bin/../lib/gcc/arm-none-eabi/10.3.1/../../../../arm-none-eabi/lib/thumb/v7-m/nofp\libg.a(lib_a-lock.o)
                0x20000c78                __lock___malloc_recursive_mutex
 *fill*         0x20000c79        0x3 
 .bss.__lock___sfp_recursive_mutex
                0x20000c7c        0x1 d:/programs/gcc-arm-none-eabi-10.3-2021.10/bin/../lib/gcc/arm-none-eabi/10.3.1/../../../../arm-none-eabi/lib/thumb/v7-m/nofp\libg.a(lib_a-lock.o)
                0x20000c7c                __lock___sfp_recursive_mutex
 *fill*         0x20000c7d        0x3 
 .bss.__lock___sinit_recursive_mutex
                0x20000c80        0x1 d:/programs/gcc-arm-none-eabi-10.3-2021.10/bin/../lib/gcc/arm-none-eabi/10.3.1/../../../../arm-none-eabi/lib/thumb/v7-m/nofp\libg.a(lib_a-lock.o)
                0x20000c80                __lock___sinit_recursive_mutex
 *fill*         0x20000c81        0x3 
 .bss.__malloc_current_mallinfo
                0x20000c84       0x28 d:/programs/gcc-arm-none-eabi-10.3-2021.10/bin/../lib/gcc/arm-none-eabi/10.3.1/../../../../arm-none-eabi/lib/thumb/v7-m/nofp\libg.a(lib_a-mallocr.o)
                0x20000c84                __malloc_current_mallinfo
 .bss.__malloc_max_sbrked_mem
                0x20000cac        0x4 d:/programs/gcc-arm-none-eabi-10.3-2021.10/bin/../lib/gcc/arm-none-eabi/10.3.1/../../../../arm-none-eabi/lib/thumb/v7-m/nofp\libg.a(lib_a-mallocr.o)
                0x20000cac                __malloc_max_sbrked_mem
 .bss.__malloc_max_total_mem
                0x20000cb0        0x4 d:/programs/gcc-arm-none-eabi-10.3-2021.10/bin/../lib/gcc/arm-none-eabi/10.3.1/../../../../arm-none-eabi/lib/thumb/v7-m/nofp\libg.a(lib_a-mallocr.o)
                0x20000cb0                __malloc_max_total_mem
 .bss.__malloc_top_pad
                0x20000cb4        0x4 d:/programs/gcc-arm-none-eabi-10.3-2021.10/bin/../lib/gcc/arm-none-eabi/10.3.1/../../../../arm-none-eabi/lib/thumb/v7-m/nofp\libg.a(lib_a-mallocr.o)
                0x20000cb4                __malloc_top_pad
 .bss.errno     0x20000cb8        0x4 d:/programs/gcc-arm-none-eabi-10.3-2021.10/bin/../lib/gcc/arm-none-eabi/10.3.1/../../../../arm-none-eabi/lib/thumb/v7-m/nofp\libg.a(lib_a-reent.o)
                0x20000cb8                errno
 *(COMMON)
                0x20000cbc                . = ALIGN (0x4)
                0x20000cbc                _ebss = .
                0x20000cbc                __bss_end__ = _ebss

._user_heap_stack
                0x20000cbc      0x604 load address 0x0800a4bc
                0x20000cc0                . = ALIGN (0x8)
 *fill*         0x20000cbc        0x4 
                0x20000cc0                PROVIDE (end = .)
                [!provide]                PROVIDE (_end = .)
                0x20000ec0                . = (. + _Min_Heap_Size)
 *fill*         0x20000cc0      0x200 
                0x200012c0                . = (. + _Min_Stack_Size)
 *fill*         0x20000ec0      0x400 
                0x200012c0                . = ALIGN (0x8)

/DISCARD/
 libc.a(*)
 libm.a(*)
 libgcc.a(*)

.ARM.attributes
                0x00000000       0x29
 *(.ARM.attributes)
 .ARM.attributes
                0x00000000       0x1d d:/programs/gcc-arm-none-eabi-10.3-2021.10/bin/../lib/gcc/arm-none-eabi/10.3.1/thumb/v7-m/nofp/crti.o
 .ARM.attributes
                0x0000001d       0x2d d:/programs/gcc-arm-none-eabi-10.3-2021.10/bin/../lib/gcc/arm-none-eabi/10.3.1/thumb/v7-m/nofp/crtbegin.o
 .ARM.attributes
                0x0000004a       0x2d CMakeFiles/DEMO05_IIC_EEPROM1.elf.dir/Drivers/STM32F1xx_HAL_Driver/Src/stm32f1xx_hal.c.obj
 .ARM.attributes
                0x00000077       0x2d CMakeFiles/DEMO05_IIC_EEPROM1.elf.dir/Drivers/STM32F1xx_HAL_Driver/Src/stm32f1xx_hal_cortex.c.obj
 .ARM.attributes
                0x000000a4       0x2d CMakeFiles/DEMO05_IIC_EEPROM1.elf.dir/Drivers/STM32F1xx_HAL_Driver/Src/stm32f1xx_hal_dma.c.obj
 .ARM.attributes
                0x000000d1       0x2d CMakeFiles/DEMO05_IIC_EEPROM1.elf.dir/Drivers/STM32F1xx_HAL_Driver/Src/stm32f1xx_hal_gpio.c.obj
 .ARM.attributes
                0x000000fe       0x2d CMakeFiles/DEMO05_IIC_EEPROM1.elf.dir/Drivers/STM32F1xx_HAL_Driver/Src/stm32f1xx_hal_i2c.c.obj
 .ARM.attributes
                0x0000012b       0x2d CMakeFiles/DEMO05_IIC_EEPROM1.elf.dir/Drivers/STM32F1xx_HAL_Driver/Src/stm32f1xx_hal_rcc.c.obj
 .ARM.attributes
                0x00000158       0x2d CMakeFiles/DEMO05_IIC_EEPROM1.elf.dir/Drivers/STM32F1xx_HAL_Driver/Src/stm32f1xx_hal_uart.c.obj
 .ARM.attributes
                0x00000185       0x2d CMakeFiles/DEMO05_IIC_EEPROM1.elf.dir/Src/gpio.c.obj
 .ARM.attributes
                0x000001b2       0x2d CMakeFiles/DEMO05_IIC_EEPROM1.elf.dir/Src/i2c.c.obj
 .ARM.attributes
                0x000001df       0x2d CMakeFiles/DEMO05_IIC_EEPROM1.elf.dir/Src/main.c.obj
 .ARM.attributes
                0x0000020c       0x2d CMakeFiles/DEMO05_IIC_EEPROM1.elf.dir/Src/stm32f1xx_hal_msp.c.obj
 .ARM.attributes
                0x00000239       0x2d CMakeFiles/DEMO05_IIC_EEPROM1.elf.dir/Src/stm32f1xx_it.c.obj
 .ARM.attributes
                0x00000266       0x2d CMakeFiles/DEMO05_IIC_EEPROM1.elf.dir/Src/syscalls.c.obj
 .ARM.attributes
                0x00000293       0x2d CMakeFiles/DEMO05_IIC_EEPROM1.elf.dir/Src/system_stm32f1xx.c.obj
 .ARM.attributes
                0x000002c0       0x2d CMakeFiles/DEMO05_IIC_EEPROM1.elf.dir/Src/usart.c.obj
 .ARM.attributes
                0x000002ed       0x21 CMakeFiles/DEMO05_IIC_EEPROM1.elf.dir/startup/startup_stm32f103xe.s.obj
 .ARM.attributes
                0x0000030e       0x2d d:/programs/gcc-arm-none-eabi-10.3-2021.10/bin/../lib/gcc/arm-none-eabi/10.3.1/../../../../arm-none-eabi/lib/thumb/v7-m/nofp\libg.a(lib_a-errno.o)
 .ARM.attributes
                0x0000033b       0x2d d:/programs/gcc-arm-none-eabi-10.3-2021.10/bin/../lib/gcc/arm-none-eabi/10.3.1/../../../../arm-none-eabi/lib/thumb/v7-m/nofp\libg.a(lib_a-impure.o)
 .ARM.attributes
                0x00000368       0x2d d:/programs/gcc-arm-none-eabi-10.3-2021.10/bin/../lib/gcc/arm-none-eabi/10.3.1/../../../../arm-none-eabi/lib/thumb/v7-m/nofp\libg.a(lib_a-init.o)
 .ARM.attributes
                0x00000395       0x2d d:/programs/gcc-arm-none-eabi-10.3-2021.10/bin/../lib/gcc/arm-none-eabi/10.3.1/../../../../arm-none-eabi/lib/thumb/v7-m/nofp\libg.a(lib_a-memset.o)
 .ARM.attributes
                0x000003c2       0x2d d:/programs/gcc-arm-none-eabi-10.3-2021.10/bin/../lib/gcc/arm-none-eabi/10.3.1/../../../../arm-none-eabi/lib/thumb/v7-m/nofp\libg.a(lib_a-printf.o)
 .ARM.attributes
                0x000003ef       0x2d d:/programs/gcc-arm-none-eabi-10.3-2021.10/bin/../lib/gcc/arm-none-eabi/10.3.1/../../../../arm-none-eabi/lib/thumb/v7-m/nofp\libg.a(lib_a-puts.o)
 .ARM.attributes
                0x0000041c       0x2d d:/programs/gcc-arm-none-eabi-10.3-2021.10/bin/../lib/gcc/arm-none-eabi/10.3.1/../../../../arm-none-eabi/lib/thumb/v7-m/nofp\libg.a(lib_a-strlen-stub.o)
 .ARM.attributes
                0x00000449       0x2d d:/programs/gcc-arm-none-eabi-10.3-2021.10/bin/../lib/gcc/arm-none-eabi/10.3.1/../../../../arm-none-eabi/lib/thumb/v7-m/nofp\libg.a(lib_a-vfprintf.o)
 .ARM.attributes
                0x00000476       0x2d d:/programs/gcc-arm-none-eabi-10.3-2021.10/bin/../lib/gcc/arm-none-eabi/10.3.1/../../../../arm-none-eabi/lib/thumb/v7-m/nofp\libg.a(lib_a-wsetup.o)
 .ARM.attributes
                0x000004a3       0x2d d:/programs/gcc-arm-none-eabi-10.3-2021.10/bin/../lib/gcc/arm-none-eabi/10.3.1/../../../../arm-none-eabi/lib/thumb/v7-m/nofp\libg.a(lib_a-__call_atexit.o)
 .ARM.attributes
                0x000004d0       0x2d d:/programs/gcc-arm-none-eabi-10.3-2021.10/bin/../lib/gcc/arm-none-eabi/10.3.1/../../../../arm-none-eabi/lib/thumb/v7-m/nofp\libg.a(lib_a-atexit.o)
 .ARM.attributes
                0x000004fd       0x2d d:/programs/gcc-arm-none-eabi-10.3-2021.10/bin/../lib/gcc/arm-none-eabi/10.3.1/../../../../arm-none-eabi/lib/thumb/v7-m/nofp\libg.a(lib_a-dtoa.o)
 .ARM.attributes
                0x0000052a       0x2d d:/programs/gcc-arm-none-eabi-10.3-2021.10/bin/../lib/gcc/arm-none-eabi/10.3.1/../../../../arm-none-eabi/lib/thumb/v7-m/nofp\libg.a(lib_a-fflush.o)
 .ARM.attributes
                0x00000557       0x2d d:/programs/gcc-arm-none-eabi-10.3-2021.10/bin/../lib/gcc/arm-none-eabi/10.3.1/../../../../arm-none-eabi/lib/thumb/v7-m/nofp\libg.a(lib_a-findfp.o)
 .ARM.attributes
                0x00000584       0x2d d:/programs/gcc-arm-none-eabi-10.3-2021.10/bin/../lib/gcc/arm-none-eabi/10.3.1/../../../../arm-none-eabi/lib/thumb/v7-m/nofp\libg.a(lib_a-fini.o)
 .ARM.attributes
                0x000005b1       0x2d d:/programs/gcc-arm-none-eabi-10.3-2021.10/bin/../lib/gcc/arm-none-eabi/10.3.1/../../../../arm-none-eabi/lib/thumb/v7-m/nofp\libg.a(lib_a-freer.o)
 .ARM.attributes
                0x000005de       0x2d d:/programs/gcc-arm-none-eabi-10.3-2021.10/bin/../lib/gcc/arm-none-eabi/10.3.1/../../../../arm-none-eabi/lib/thumb/v7-m/nofp\libg.a(lib_a-fvwrite.o)
 .ARM.attributes
                0x0000060b       0x2d d:/programs/gcc-arm-none-eabi-10.3-2021.10/bin/../lib/gcc/arm-none-eabi/10.3.1/../../../../arm-none-eabi/lib/thumb/v7-m/nofp\libg.a(lib_a-fwalk.o)
 .ARM.attributes
                0x00000638       0x2d d:/programs/gcc-arm-none-eabi-10.3-2021.10/bin/../lib/gcc/arm-none-eabi/10.3.1/../../../../arm-none-eabi/lib/thumb/v7-m/nofp\libg.a(lib_a-localeconv.o)
 .ARM.attributes
                0x00000665       0x2d d:/programs/gcc-arm-none-eabi-10.3-2021.10/bin/../lib/gcc/arm-none-eabi/10.3.1/../../../../arm-none-eabi/lib/thumb/v7-m/nofp\libg.a(lib_a-lock.o)
 .ARM.attributes
                0x00000692       0x2d d:/programs/gcc-arm-none-eabi-10.3-2021.10/bin/../lib/gcc/arm-none-eabi/10.3.1/../../../../arm-none-eabi/lib/thumb/v7-m/nofp\libg.a(lib_a-makebuf.o)
 .ARM.attributes
                0x000006bf       0x2d d:/programs/gcc-arm-none-eabi-10.3-2021.10/bin/../lib/gcc/arm-none-eabi/10.3.1/../../../../arm-none-eabi/lib/thumb/v7-m/nofp\libg.a(lib_a-mallocr.o)
 .ARM.attributes
                0x000006ec       0x2d d:/programs/gcc-arm-none-eabi-10.3-2021.10/bin/../lib/gcc/arm-none-eabi/10.3.1/../../../../arm-none-eabi/lib/thumb/v7-m/nofp\libg.a(lib_a-memchr-stub.o)
 .ARM.attributes
                0x00000719       0x1b d:/programs/gcc-arm-none-eabi-10.3-2021.10/bin/../lib/gcc/arm-none-eabi/10.3.1/../../../../arm-none-eabi/lib/thumb/v7-m/nofp\libg.a(lib_a-memcpy.o)
 .ARM.attributes
                0x00000734       0x2d d:/programs/gcc-arm-none-eabi-10.3-2021.10/bin/../lib/gcc/arm-none-eabi/10.3.1/../../../../arm-none-eabi/lib/thumb/v7-m/nofp\libg.a(lib_a-memmove.o)
 .ARM.attributes
                0x00000761       0x2d d:/programs/gcc-arm-none-eabi-10.3-2021.10/bin/../lib/gcc/arm-none-eabi/10.3.1/../../../../arm-none-eabi/lib/thumb/v7-m/nofp\libg.a(lib_a-mlock.o)
 .ARM.attributes
                0x0000078e       0x2d d:/programs/gcc-arm-none-eabi-10.3-2021.10/bin/../lib/gcc/arm-none-eabi/10.3.1/../../../../arm-none-eabi/lib/thumb/v7-m/nofp\libg.a(lib_a-mprec.o)
 .ARM.attributes
                0x000007bb       0x2d d:/programs/gcc-arm-none-eabi-10.3-2021.10/bin/../lib/gcc/arm-none-eabi/10.3.1/../../../../arm-none-eabi/lib/thumb/v7-m/nofp\libg.a(lib_a-reallocr.o)
 .ARM.attributes
                0x000007e8       0x2d d:/programs/gcc-arm-none-eabi-10.3-2021.10/bin/../lib/gcc/arm-none-eabi/10.3.1/../../../../arm-none-eabi/lib/thumb/v7-m/nofp\libg.a(lib_a-s_frexp.o)
 .ARM.attributes
                0x00000815       0x2d d:/programs/gcc-arm-none-eabi-10.3-2021.10/bin/../lib/gcc/arm-none-eabi/10.3.1/../../../../arm-none-eabi/lib/thumb/v7-m/nofp\libg.a(lib_a-sbrkr.o)
 .ARM.attributes
                0x00000842       0x2d d:/programs/gcc-arm-none-eabi-10.3-2021.10/bin/../lib/gcc/arm-none-eabi/10.3.1/../../../../arm-none-eabi/lib/thumb/v7-m/nofp\libg.a(lib_a-stdio.o)
 .ARM.attributes
                0x0000086f       0x2d d:/programs/gcc-arm-none-eabi-10.3-2021.10/bin/../lib/gcc/arm-none-eabi/10.3.1/../../../../arm-none-eabi/lib/thumb/v7-m/nofp\libg.a(lib_a-strncpy.o)
 .ARM.attributes
                0x0000089c       0x2d d:/programs/gcc-arm-none-eabi-10.3-2021.10/bin/../lib/gcc/arm-none-eabi/10.3.1/../../../../arm-none-eabi/lib/thumb/v7-m/nofp\libg.a(lib_a-vfiprintf.o)
 .ARM.attributes
                0x000008c9       0x2d d:/programs/gcc-arm-none-eabi-10.3-2021.10/bin/../lib/gcc/arm-none-eabi/10.3.1/../../../../arm-none-eabi/lib/thumb/v7-m/nofp\libg.a(lib_a-writer.o)
 .ARM.attributes
                0x000008f6       0x2d d:/programs/gcc-arm-none-eabi-10.3-2021.10/bin/../lib/gcc/arm-none-eabi/10.3.1/../../../../arm-none-eabi/lib/thumb/v7-m/nofp\libg.a(lib_a-__atexit.o)
 .ARM.attributes
                0x00000923       0x2d d:/programs/gcc-arm-none-eabi-10.3-2021.10/bin/../lib/gcc/arm-none-eabi/10.3.1/../../../../arm-none-eabi/lib/thumb/v7-m/nofp\libg.a(lib_a-assert.o)
 .ARM.attributes
                0x00000950       0x2d d:/programs/gcc-arm-none-eabi-10.3-2021.10/bin/../lib/gcc/arm-none-eabi/10.3.1/../../../../arm-none-eabi/lib/thumb/v7-m/nofp\libg.a(lib_a-callocr.o)
 .ARM.attributes
                0x0000097d       0x2d d:/programs/gcc-arm-none-eabi-10.3-2021.10/bin/../lib/gcc/arm-none-eabi/10.3.1/../../../../arm-none-eabi/lib/thumb/v7-m/nofp\libg.a(lib_a-closer.o)
 .ARM.attributes
                0x000009aa       0x2d d:/programs/gcc-arm-none-eabi-10.3-2021.10/bin/../lib/gcc/arm-none-eabi/10.3.1/../../../../arm-none-eabi/lib/thumb/v7-m/nofp\libg.a(lib_a-fclose.o)
 .ARM.attributes
                0x000009d7       0x2d d:/programs/gcc-arm-none-eabi-10.3-2021.10/bin/../lib/gcc/arm-none-eabi/10.3.1/../../../../arm-none-eabi/lib/thumb/v7-m/nofp\libg.a(lib_a-fiprintf.o)
 .ARM.attributes
                0x00000a04       0x2d d:/programs/gcc-arm-none-eabi-10.3-2021.10/bin/../lib/gcc/arm-none-eabi/10.3.1/../../../../arm-none-eabi/lib/thumb/v7-m/nofp\libg.a(lib_a-fputwc.o)
 .ARM.attributes
                0x00000a31       0x2d d:/programs/gcc-arm-none-eabi-10.3-2021.10/bin/../lib/gcc/arm-none-eabi/10.3.1/../../../../arm-none-eabi/lib/thumb/v7-m/nofp\libg.a(lib_a-fstatr.o)
 .ARM.attributes
                0x00000a5e       0x2d d:/programs/gcc-arm-none-eabi-10.3-2021.10/bin/../lib/gcc/arm-none-eabi/10.3.1/../../../../arm-none-eabi/lib/thumb/v7-m/nofp\libg.a(lib_a-isattyr.o)
 .ARM.attributes
                0x00000a8b       0x2d d:/programs/gcc-arm-none-eabi-10.3-2021.10/bin/../lib/gcc/arm-none-eabi/10.3.1/../../../../arm-none-eabi/lib/thumb/v7-m/nofp\libg.a(lib_a-locale.o)
 .ARM.attributes
                0x00000ab8       0x2d d:/programs/gcc-arm-none-eabi-10.3-2021.10/bin/../lib/gcc/arm-none-eabi/10.3.1/../../../../arm-none-eabi/lib/thumb/v7-m/nofp\libg.a(lib_a-lseekr.o)
 .ARM.attributes
                0x00000ae5       0x2d d:/programs/gcc-arm-none-eabi-10.3-2021.10/bin/../lib/gcc/arm-none-eabi/10.3.1/../../../../arm-none-eabi/lib/thumb/v7-m/nofp\libg.a(lib_a-mbtowc_r.o)
 .ARM.attributes
                0x00000b12       0x2d d:/programs/gcc-arm-none-eabi-10.3-2021.10/bin/../lib/gcc/arm-none-eabi/10.3.1/../../../../arm-none-eabi/lib/thumb/v7-m/nofp\libg.a(lib_a-readr.o)
 .ARM.attributes
                0x00000b3f       0x2d d:/programs/gcc-arm-none-eabi-10.3-2021.10/bin/../lib/gcc/arm-none-eabi/10.3.1/../../../../arm-none-eabi/lib/thumb/v7-m/nofp\libg.a(lib_a-reent.o)
 .ARM.attributes
                0x00000b6c       0x2d d:/programs/gcc-arm-none-eabi-10.3-2021.10/bin/../lib/gcc/arm-none-eabi/10.3.1/../../../../arm-none-eabi/lib/thumb/v7-m/nofp\libg.a(lib_a-wbuf.o)
 .ARM.attributes
                0x00000b99       0x2d d:/programs/gcc-arm-none-eabi-10.3-2021.10/bin/../lib/gcc/arm-none-eabi/10.3.1/../../../../arm-none-eabi/lib/thumb/v7-m/nofp\libg.a(lib_a-wcrtomb.o)
 .ARM.attributes
                0x00000bc6       0x2d d:/programs/gcc-arm-none-eabi-10.3-2021.10/bin/../lib/gcc/arm-none-eabi/10.3.1/../../../../arm-none-eabi/lib/thumb/v7-m/nofp\libg.a(lib_a-wctomb_r.o)
 .ARM.attributes
                0x00000bf3       0x2d d:/programs/gcc-arm-none-eabi-10.3-2021.10/bin/../lib/gcc/arm-none-eabi/10.3.1/../../../../arm-none-eabi/lib/thumb/v7-m/nofp\libg.a(lib_a-abort.o)
 .ARM.attributes
                0x00000c20       0x2d d:/programs/gcc-arm-none-eabi-10.3-2021.10/bin/../lib/gcc/arm-none-eabi/10.3.1/../../../../arm-none-eabi/lib/thumb/v7-m/nofp\libg.a(lib_a-ctype_.o)
 .ARM.attributes
                0x00000c4d       0x2d d:/programs/gcc-arm-none-eabi-10.3-2021.10/bin/../lib/gcc/arm-none-eabi/10.3.1/../../../../arm-none-eabi/lib/thumb/v7-m/nofp\libg.a(lib_a-signal.o)
 .ARM.attributes
                0x00000c7a       0x2d d:/programs/gcc-arm-none-eabi-10.3-2021.10/bin/../lib/gcc/arm-none-eabi/10.3.1/../../../../arm-none-eabi/lib/thumb/v7-m/nofp\libg.a(lib_a-signalr.o)
 .ARM.attributes
                0x00000ca7       0x1d d:/programs/gcc-arm-none-eabi-10.3-2021.10/bin/../lib/gcc/arm-none-eabi/10.3.1/thumb/v7-m/nofp\libgcc.a(_arm_addsubdf3.o)
 .ARM.attributes
                0x00000cc4       0x1d d:/programs/gcc-arm-none-eabi-10.3-2021.10/bin/../lib/gcc/arm-none-eabi/10.3.1/thumb/v7-m/nofp\libgcc.a(_arm_muldivdf3.o)
 .ARM.attributes
                0x00000ce1       0x1d d:/programs/gcc-arm-none-eabi-10.3-2021.10/bin/../lib/gcc/arm-none-eabi/10.3.1/thumb/v7-m/nofp\libgcc.a(_arm_cmpdf2.o)
 .ARM.attributes
                0x00000cfe       0x1d d:/programs/gcc-arm-none-eabi-10.3-2021.10/bin/../lib/gcc/arm-none-eabi/10.3.1/thumb/v7-m/nofp\libgcc.a(_arm_unorddf2.o)
 .ARM.attributes
                0x00000d1b       0x1d d:/programs/gcc-arm-none-eabi-10.3-2021.10/bin/../lib/gcc/arm-none-eabi/10.3.1/thumb/v7-m/nofp\libgcc.a(_arm_fixdfsi.o)
 .ARM.attributes
                0x00000d38       0x1d d:/programs/gcc-arm-none-eabi-10.3-2021.10/bin/../lib/gcc/arm-none-eabi/10.3.1/thumb/v7-m/nofp\libgcc.a(_aeabi_uldivmod.o)
 .ARM.attributes
                0x00000d55       0x2d d:/programs/gcc-arm-none-eabi-10.3-2021.10/bin/../lib/gcc/arm-none-eabi/10.3.1/thumb/v7-m/nofp\libgcc.a(_udivmoddi4.o)
 .ARM.attributes
                0x00000d82       0x1d d:/programs/gcc-arm-none-eabi-10.3-2021.10/bin/../lib/gcc/arm-none-eabi/10.3.1/thumb/v7-m/nofp\libgcc.a(_dvmd_tls.o)
 .ARM.attributes
                0x00000d9f       0x1d d:/programs/gcc-arm-none-eabi-10.3-2021.10/bin/../lib/gcc/arm-none-eabi/10.3.1/thumb/v7-m/nofp/crtn.o
OUTPUT(DEMO05_IIC_EEPROM1.elf elf32-littlearm)
LOAD linker stubs
LOAD d:/programs/gcc-arm-none-eabi-10.3-2021.10/bin/../lib/gcc/arm-none-eabi/10.3.1/../../../../arm-none-eabi/lib/thumb/v7-m/nofp\libc.a
LOAD d:/programs/gcc-arm-none-eabi-10.3-2021.10/bin/../lib/gcc/arm-none-eabi/10.3.1/../../../../arm-none-eabi/lib/thumb/v7-m/nofp\libm.a
LOAD d:/programs/gcc-arm-none-eabi-10.3-2021.10/bin/../lib/gcc/arm-none-eabi/10.3.1/thumb/v7-m/nofp\libgcc.a

.debug_info     0x00000000     0xba1e
 .debug_info    0x00000000      0x80e CMakeFiles/DEMO05_IIC_EEPROM1.elf.dir/Drivers/STM32F1xx_HAL_Driver/Src/stm32f1xx_hal.c.obj
 .debug_info    0x0000080e      0xdf0 CMakeFiles/DEMO05_IIC_EEPROM1.elf.dir/Drivers/STM32F1xx_HAL_Driver/Src/stm32f1xx_hal_cortex.c.obj
 .debug_info    0x000015fe      0x846 CMakeFiles/DEMO05_IIC_EEPROM1.elf.dir/Drivers/STM32F1xx_HAL_Driver/Src/stm32f1xx_hal_dma.c.obj
 .debug_info    0x00001e44      0x66f CMakeFiles/DEMO05_IIC_EEPROM1.elf.dir/Drivers/STM32F1xx_HAL_Driver/Src/stm32f1xx_hal_gpio.c.obj
 .debug_info    0x000024b3     0x3a6b CMakeFiles/DEMO05_IIC_EEPROM1.elf.dir/Drivers/STM32F1xx_HAL_Driver/Src/stm32f1xx_hal_i2c.c.obj
 .debug_info    0x00005f1e      0xa36 CMakeFiles/DEMO05_IIC_EEPROM1.elf.dir/Drivers/STM32F1xx_HAL_Driver/Src/stm32f1xx_hal_rcc.c.obj
 .debug_info    0x00006954     0x1c8b CMakeFiles/DEMO05_IIC_EEPROM1.elf.dir/Drivers/STM32F1xx_HAL_Driver/Src/stm32f1xx_hal_uart.c.obj
 .debug_info    0x000085df      0x2de CMakeFiles/DEMO05_IIC_EEPROM1.elf.dir/Src/gpio.c.obj
 .debug_info    0x000088bd      0xce4 CMakeFiles/DEMO05_IIC_EEPROM1.elf.dir/Src/i2c.c.obj
 .debug_info    0x000095a1      0x62b CMakeFiles/DEMO05_IIC_EEPROM1.elf.dir/Src/main.c.obj
 .debug_info    0x00009bcc      0x218 CMakeFiles/DEMO05_IIC_EEPROM1.elf.dir/Src/stm32f1xx_hal_msp.c.obj
 .debug_info    0x00009de4      0x625 CMakeFiles/DEMO05_IIC_EEPROM1.elf.dir/Src/stm32f1xx_it.c.obj
 .debug_info    0x0000a409      0x835 CMakeFiles/DEMO05_IIC_EEPROM1.elf.dir/Src/syscalls.c.obj
 .debug_info    0x0000ac3e      0x248 CMakeFiles/DEMO05_IIC_EEPROM1.elf.dir/Src/system_stm32f1xx.c.obj
 .debug_info    0x0000ae86      0xb76 CMakeFiles/DEMO05_IIC_EEPROM1.elf.dir/Src/usart.c.obj
 .debug_info    0x0000b9fc       0x22 CMakeFiles/DEMO05_IIC_EEPROM1.elf.dir/startup/startup_stm32f103xe.s.obj

.debug_abbrev   0x00000000     0x1d1f
 .debug_abbrev  0x00000000      0x1f4 CMakeFiles/DEMO05_IIC_EEPROM1.elf.dir/Drivers/STM32F1xx_HAL_Driver/Src/stm32f1xx_hal.c.obj
 .debug_abbrev  0x000001f4      0x341 CMakeFiles/DEMO05_IIC_EEPROM1.elf.dir/Drivers/STM32F1xx_HAL_Driver/Src/stm32f1xx_hal_cortex.c.obj
 .debug_abbrev  0x00000535      0x223 CMakeFiles/DEMO05_IIC_EEPROM1.elf.dir/Drivers/STM32F1xx_HAL_Driver/Src/stm32f1xx_hal_dma.c.obj
 .debug_abbrev  0x00000758      0x1e6 CMakeFiles/DEMO05_IIC_EEPROM1.elf.dir/Drivers/STM32F1xx_HAL_Driver/Src/stm32f1xx_hal_gpio.c.obj
 .debug_abbrev  0x0000093e      0x293 CMakeFiles/DEMO05_IIC_EEPROM1.elf.dir/Drivers/STM32F1xx_HAL_Driver/Src/stm32f1xx_hal_i2c.c.obj
 .debug_abbrev  0x00000bd1      0x27a CMakeFiles/DEMO05_IIC_EEPROM1.elf.dir/Drivers/STM32F1xx_HAL_Driver/Src/stm32f1xx_hal_rcc.c.obj
 .debug_abbrev  0x00000e4b      0x254 CMakeFiles/DEMO05_IIC_EEPROM1.elf.dir/Drivers/STM32F1xx_HAL_Driver/Src/stm32f1xx_hal_uart.c.obj
 .debug_abbrev  0x0000109f      0x13c CMakeFiles/DEMO05_IIC_EEPROM1.elf.dir/Src/gpio.c.obj
 .debug_abbrev  0x000011db      0x1f3 CMakeFiles/DEMO05_IIC_EEPROM1.elf.dir/Src/i2c.c.obj
 .debug_abbrev  0x000013ce      0x1cd CMakeFiles/DEMO05_IIC_EEPROM1.elf.dir/Src/main.c.obj
 .debug_abbrev  0x0000159b       0xe5 CMakeFiles/DEMO05_IIC_EEPROM1.elf.dir/Src/stm32f1xx_hal_msp.c.obj
 .debug_abbrev  0x00001680      0x154 CMakeFiles/DEMO05_IIC_EEPROM1.elf.dir/Src/stm32f1xx_it.c.obj
 .debug_abbrev  0x000017d4      0x1da CMakeFiles/DEMO05_IIC_EEPROM1.elf.dir/Src/syscalls.c.obj
 .debug_abbrev  0x000019ae      0x13e CMakeFiles/DEMO05_IIC_EEPROM1.elf.dir/Src/system_stm32f1xx.c.obj
 .debug_abbrev  0x00001aec      0x221 CMakeFiles/DEMO05_IIC_EEPROM1.elf.dir/Src/usart.c.obj
 .debug_abbrev  0x00001d0d       0x12 CMakeFiles/DEMO05_IIC_EEPROM1.elf.dir/startup/startup_stm32f103xe.s.obj

.debug_loc      0x00000000     0x8927
 .debug_loc     0x00000000      0x141 CMakeFiles/DEMO05_IIC_EEPROM1.elf.dir/Drivers/STM32F1xx_HAL_Driver/Src/stm32f1xx_hal.c.obj
 .debug_loc     0x00000141      0x71f CMakeFiles/DEMO05_IIC_EEPROM1.elf.dir/Drivers/STM32F1xx_HAL_Driver/Src/stm32f1xx_hal_cortex.c.obj
 .debug_loc     0x00000860      0x7ce CMakeFiles/DEMO05_IIC_EEPROM1.elf.dir/Drivers/STM32F1xx_HAL_Driver/Src/stm32f1xx_hal_dma.c.obj
 .debug_loc     0x0000102e      0x47d CMakeFiles/DEMO05_IIC_EEPROM1.elf.dir/Drivers/STM32F1xx_HAL_Driver/Src/stm32f1xx_hal_gpio.c.obj
 .debug_loc     0x000014ab     0x41a9 CMakeFiles/DEMO05_IIC_EEPROM1.elf.dir/Drivers/STM32F1xx_HAL_Driver/Src/stm32f1xx_hal_i2c.c.obj
 .debug_loc     0x00005654      0x63e CMakeFiles/DEMO05_IIC_EEPROM1.elf.dir/Drivers/STM32F1xx_HAL_Driver/Src/stm32f1xx_hal_rcc.c.obj
 .debug_loc     0x00005c92     0x2037 CMakeFiles/DEMO05_IIC_EEPROM1.elf.dir/Drivers/STM32F1xx_HAL_Driver/Src/stm32f1xx_hal_uart.c.obj
 .debug_loc     0x00007cc9      0x5c0 CMakeFiles/DEMO05_IIC_EEPROM1.elf.dir/Src/i2c.c.obj
 .debug_loc     0x00008289       0x58 CMakeFiles/DEMO05_IIC_EEPROM1.elf.dir/Src/main.c.obj
 .debug_loc     0x000082e1       0x15 CMakeFiles/DEMO05_IIC_EEPROM1.elf.dir/Src/stm32f1xx_hal_msp.c.obj
 .debug_loc     0x000082f6      0x436 CMakeFiles/DEMO05_IIC_EEPROM1.elf.dir/Src/syscalls.c.obj
 .debug_loc     0x0000872c       0xff CMakeFiles/DEMO05_IIC_EEPROM1.elf.dir/Src/system_stm32f1xx.c.obj
 .debug_loc     0x0000882b       0xfc CMakeFiles/DEMO05_IIC_EEPROM1.elf.dir/Src/usart.c.obj

.debug_aranges  0x00000000      0x9f0
 .debug_aranges
                0x00000000       0xe0 CMakeFiles/DEMO05_IIC_EEPROM1.elf.dir/Drivers/STM32F1xx_HAL_Driver/Src/stm32f1xx_hal.c.obj
 .debug_aranges
                0x000000e0       0x90 CMakeFiles/DEMO05_IIC_EEPROM1.elf.dir/Drivers/STM32F1xx_HAL_Driver/Src/stm32f1xx_hal_cortex.c.obj
 .debug_aranges
                0x00000170       0x80 CMakeFiles/DEMO05_IIC_EEPROM1.elf.dir/Drivers/STM32F1xx_HAL_Driver/Src/stm32f1xx_hal_dma.c.obj
 .debug_aranges
                0x000001f0       0x58 CMakeFiles/DEMO05_IIC_EEPROM1.elf.dir/Drivers/STM32F1xx_HAL_Driver/Src/stm32f1xx_hal_gpio.c.obj
 .debug_aranges
                0x00000248      0x2a0 CMakeFiles/DEMO05_IIC_EEPROM1.elf.dir/Drivers/STM32F1xx_HAL_Driver/Src/stm32f1xx_hal_i2c.c.obj
 .debug_aranges
                0x000004e8       0x90 CMakeFiles/DEMO05_IIC_EEPROM1.elf.dir/Drivers/STM32F1xx_HAL_Driver/Src/stm32f1xx_hal_rcc.c.obj
 .debug_aranges
                0x00000578      0x200 CMakeFiles/DEMO05_IIC_EEPROM1.elf.dir/Drivers/STM32F1xx_HAL_Driver/Src/stm32f1xx_hal_uart.c.obj
 .debug_aranges
                0x00000778       0x20 CMakeFiles/DEMO05_IIC_EEPROM1.elf.dir/Src/gpio.c.obj
 .debug_aranges
                0x00000798       0x50 CMakeFiles/DEMO05_IIC_EEPROM1.elf.dir/Src/i2c.c.obj
 .debug_aranges
                0x000007e8       0x38 CMakeFiles/DEMO05_IIC_EEPROM1.elf.dir/Src/main.c.obj
 .debug_aranges
                0x00000820       0x20 CMakeFiles/DEMO05_IIC_EEPROM1.elf.dir/Src/stm32f1xx_hal_msp.c.obj
 .debug_aranges
                0x00000840       0x68 CMakeFiles/DEMO05_IIC_EEPROM1.elf.dir/Src/stm32f1xx_it.c.obj
 .debug_aranges
                0x000008a8       0xb0 CMakeFiles/DEMO05_IIC_EEPROM1.elf.dir/Src/syscalls.c.obj
 .debug_aranges
                0x00000958       0x28 CMakeFiles/DEMO05_IIC_EEPROM1.elf.dir/Src/system_stm32f1xx.c.obj
 .debug_aranges
                0x00000980       0x48 CMakeFiles/DEMO05_IIC_EEPROM1.elf.dir/Src/usart.c.obj
 .debug_aranges
                0x000009c8       0x28 CMakeFiles/DEMO05_IIC_EEPROM1.elf.dir/startup/startup_stm32f103xe.s.obj

.debug_ranges   0x00000000      0x990
 .debug_ranges  0x00000000       0xd0 CMakeFiles/DEMO05_IIC_EEPROM1.elf.dir/Drivers/STM32F1xx_HAL_Driver/Src/stm32f1xx_hal.c.obj
 .debug_ranges  0x000000d0       0xe0 CMakeFiles/DEMO05_IIC_EEPROM1.elf.dir/Drivers/STM32F1xx_HAL_Driver/Src/stm32f1xx_hal_cortex.c.obj
 .debug_ranges  0x000001b0       0x70 CMakeFiles/DEMO05_IIC_EEPROM1.elf.dir/Drivers/STM32F1xx_HAL_Driver/Src/stm32f1xx_hal_dma.c.obj
 .debug_ranges  0x00000220       0x48 CMakeFiles/DEMO05_IIC_EEPROM1.elf.dir/Drivers/STM32F1xx_HAL_Driver/Src/stm32f1xx_hal_gpio.c.obj
 .debug_ranges  0x00000268      0x2a8 CMakeFiles/DEMO05_IIC_EEPROM1.elf.dir/Drivers/STM32F1xx_HAL_Driver/Src/stm32f1xx_hal_i2c.c.obj
 .debug_ranges  0x00000510       0xa0 CMakeFiles/DEMO05_IIC_EEPROM1.elf.dir/Drivers/STM32F1xx_HAL_Driver/Src/stm32f1xx_hal_rcc.c.obj
 .debug_ranges  0x000005b0      0x1f0 CMakeFiles/DEMO05_IIC_EEPROM1.elf.dir/Drivers/STM32F1xx_HAL_Driver/Src/stm32f1xx_hal_uart.c.obj
 .debug_ranges  0x000007a0       0x10 CMakeFiles/DEMO05_IIC_EEPROM1.elf.dir/Src/gpio.c.obj
 .debug_ranges  0x000007b0       0x40 CMakeFiles/DEMO05_IIC_EEPROM1.elf.dir/Src/i2c.c.obj
 .debug_ranges  0x000007f0       0x28 CMakeFiles/DEMO05_IIC_EEPROM1.elf.dir/Src/main.c.obj
 .debug_ranges  0x00000818       0x10 CMakeFiles/DEMO05_IIC_EEPROM1.elf.dir/Src/stm32f1xx_hal_msp.c.obj
 .debug_ranges  0x00000828       0x58 CMakeFiles/DEMO05_IIC_EEPROM1.elf.dir/Src/stm32f1xx_it.c.obj
 .debug_ranges  0x00000880       0xa0 CMakeFiles/DEMO05_IIC_EEPROM1.elf.dir/Src/syscalls.c.obj
 .debug_ranges  0x00000920       0x18 CMakeFiles/DEMO05_IIC_EEPROM1.elf.dir/Src/system_stm32f1xx.c.obj
 .debug_ranges  0x00000938       0x38 CMakeFiles/DEMO05_IIC_EEPROM1.elf.dir/Src/usart.c.obj
 .debug_ranges  0x00000970       0x20 CMakeFiles/DEMO05_IIC_EEPROM1.elf.dir/startup/startup_stm32f103xe.s.obj

.debug_line     0x00000000     0xc0bf
 .debug_line    0x00000000      0x5be CMakeFiles/DEMO05_IIC_EEPROM1.elf.dir/Drivers/STM32F1xx_HAL_Driver/Src/stm32f1xx_hal.c.obj
 .debug_line    0x000005be      0x69a CMakeFiles/DEMO05_IIC_EEPROM1.elf.dir/Drivers/STM32F1xx_HAL_Driver/Src/stm32f1xx_hal_cortex.c.obj
 .debug_line    0x00000c58      0xd4c CMakeFiles/DEMO05_IIC_EEPROM1.elf.dir/Drivers/STM32F1xx_HAL_Driver/Src/stm32f1xx_hal_dma.c.obj
 .debug_line    0x000019a4      0x658 CMakeFiles/DEMO05_IIC_EEPROM1.elf.dir/Drivers/STM32F1xx_HAL_Driver/Src/stm32f1xx_hal_gpio.c.obj
 .debug_line    0x00001ffc     0x55aa CMakeFiles/DEMO05_IIC_EEPROM1.elf.dir/Drivers/STM32F1xx_HAL_Driver/Src/stm32f1xx_hal_i2c.c.obj
 .debug_line    0x000075a6      0xc8d CMakeFiles/DEMO05_IIC_EEPROM1.elf.dir/Drivers/STM32F1xx_HAL_Driver/Src/stm32f1xx_hal_rcc.c.obj
 .debug_line    0x00008233     0x211c CMakeFiles/DEMO05_IIC_EEPROM1.elf.dir/Drivers/STM32F1xx_HAL_Driver/Src/stm32f1xx_hal_uart.c.obj
 .debug_line    0x0000a34f      0x228 CMakeFiles/DEMO05_IIC_EEPROM1.elf.dir/Src/gpio.c.obj
 .debug_line    0x0000a577      0x592 CMakeFiles/DEMO05_IIC_EEPROM1.elf.dir/Src/i2c.c.obj
 .debug_line    0x0000ab09      0x50c CMakeFiles/DEMO05_IIC_EEPROM1.elf.dir/Src/main.c.obj
 .debug_line    0x0000b015      0x1a9 CMakeFiles/DEMO05_IIC_EEPROM1.elf.dir/Src/stm32f1xx_hal_msp.c.obj
 .debug_line    0x0000b1be      0x348 CMakeFiles/DEMO05_IIC_EEPROM1.elf.dir/Src/stm32f1xx_it.c.obj
 .debug_line    0x0000b506      0x46a CMakeFiles/DEMO05_IIC_EEPROM1.elf.dir/Src/syscalls.c.obj
 .debug_line    0x0000b970      0x273 CMakeFiles/DEMO05_IIC_EEPROM1.elf.dir/Src/system_stm32f1xx.c.obj
 .debug_line    0x0000bbe3      0x430 CMakeFiles/DEMO05_IIC_EEPROM1.elf.dir/Src/usart.c.obj
 .debug_line    0x0000c013       0xac CMakeFiles/DEMO05_IIC_EEPROM1.elf.dir/startup/startup_stm32f103xe.s.obj

.debug_str      0x00000000     0x309f
 .debug_str     0x00000000      0x905 CMakeFiles/DEMO05_IIC_EEPROM1.elf.dir/Drivers/STM32F1xx_HAL_Driver/Src/stm32f1xx_hal.c.obj
                                0x95e (size before relaxing)
 .debug_str     0x00000905      0x405 CMakeFiles/DEMO05_IIC_EEPROM1.elf.dir/Drivers/STM32F1xx_HAL_Driver/Src/stm32f1xx_hal_cortex.c.obj
                                0xa0d (size before relaxing)
 .debug_str     0x00000d0a      0x412 CMakeFiles/DEMO05_IIC_EEPROM1.elf.dir/Drivers/STM32F1xx_HAL_Driver/Src/stm32f1xx_hal_dma.c.obj
                                0x653 (size before relaxing)
 .debug_str     0x0000111c      0x1f0 CMakeFiles/DEMO05_IIC_EEPROM1.elf.dir/Drivers/STM32F1xx_HAL_Driver/Src/stm32f1xx_hal_gpio.c.obj
                                0x456 (size before relaxing)
 .debug_str     0x0000130c      0xb8b CMakeFiles/DEMO05_IIC_EEPROM1.elf.dir/Drivers/STM32F1xx_HAL_Driver/Src/stm32f1xx_hal_i2c.c.obj
                               0x100e (size before relaxing)
 .debug_str     0x00001e97      0x352 CMakeFiles/DEMO05_IIC_EEPROM1.elf.dir/Drivers/STM32F1xx_HAL_Driver/Src/stm32f1xx_hal_rcc.c.obj
                                0x681 (size before relaxing)
 .debug_str     0x000021e9      0x7ee CMakeFiles/DEMO05_IIC_EEPROM1.elf.dir/Drivers/STM32F1xx_HAL_Driver/Src/stm32f1xx_hal_uart.c.obj
                                0xce4 (size before relaxing)
 .debug_str     0x000029d7       0x57 CMakeFiles/DEMO05_IIC_EEPROM1.elf.dir/Src/gpio.c.obj
                                0x2d3 (size before relaxing)
 .debug_str     0x00002a2e       0xf9 CMakeFiles/DEMO05_IIC_EEPROM1.elf.dir/Src/i2c.c.obj
                                0x88d (size before relaxing)
 .debug_str     0x00002b27       0xb1 CMakeFiles/DEMO05_IIC_EEPROM1.elf.dir/Src/main.c.obj
                                0x496 (size before relaxing)
 .debug_str     0x00002bd8       0x47 CMakeFiles/DEMO05_IIC_EEPROM1.elf.dir/Src/stm32f1xx_hal_msp.c.obj
                                0x275 (size before relaxing)
 .debug_str     0x00002c1f       0xeb CMakeFiles/DEMO05_IIC_EEPROM1.elf.dir/Src/stm32f1xx_it.c.obj
                                0x68b (size before relaxing)
 .debug_str     0x00002d0a      0x26a CMakeFiles/DEMO05_IIC_EEPROM1.elf.dir/Src/syscalls.c.obj
                                0x471 (size before relaxing)
 .debug_str     0x00002f74       0x79 CMakeFiles/DEMO05_IIC_EEPROM1.elf.dir/Src/system_stm32f1xx.c.obj
                                0x2a5 (size before relaxing)
 .debug_str     0x00002fed       0x57 CMakeFiles/DEMO05_IIC_EEPROM1.elf.dir/Src/usart.c.obj
                                0xb31 (size before relaxing)
 .debug_str     0x00003044       0x5b CMakeFiles/DEMO05_IIC_EEPROM1.elf.dir/startup/startup_stm32f103xe.s.obj
                                 0x9c (size before relaxing)

.comment        0x00000000       0x49
 .comment       0x00000000       0x49 CMakeFiles/DEMO05_IIC_EEPROM1.elf.dir/Drivers/STM32F1xx_HAL_Driver/Src/stm32f1xx_hal.c.obj
                                 0x4a (size before relaxing)
 .comment       0x00000049       0x4a CMakeFiles/DEMO05_IIC_EEPROM1.elf.dir/Drivers/STM32F1xx_HAL_Driver/Src/stm32f1xx_hal_cortex.c.obj
 .comment       0x00000049       0x4a CMakeFiles/DEMO05_IIC_EEPROM1.elf.dir/Drivers/STM32F1xx_HAL_Driver/Src/stm32f1xx_hal_dma.c.obj
 .comment       0x00000049       0x4a CMakeFiles/DEMO05_IIC_EEPROM1.elf.dir/Drivers/STM32F1xx_HAL_Driver/Src/stm32f1xx_hal_gpio.c.obj
 .comment       0x00000049       0x4a CMakeFiles/DEMO05_IIC_EEPROM1.elf.dir/Drivers/STM32F1xx_HAL_Driver/Src/stm32f1xx_hal_i2c.c.obj
 .comment       0x00000049       0x4a CMakeFiles/DEMO05_IIC_EEPROM1.elf.dir/Drivers/STM32F1xx_HAL_Driver/Src/stm32f1xx_hal_rcc.c.obj
 .comment       0x00000049       0x4a CMakeFiles/DEMO05_IIC_EEPROM1.elf.dir/Drivers/STM32F1xx_HAL_Driver/Src/stm32f1xx_hal_uart.c.obj