Archive member included to satisfy reference by file (symbol)

d:/programs/gcc-arm-none-eabi-10.3-2021.10/bin/../lib/gcc/arm-none-eabi/10.3.1/../../../../arm-none-eabi/lib/thumb/v7-m/nofp\libg.a(lib_a-errno.o)
                              CMakeFiles/DEMO04_USART_Echo2.elf.dir/Src/syscalls.c.obj (__errno)
d:/programs/gcc-arm-none-eabi-10.3-2021.10/bin/../lib/gcc/arm-none-eabi/10.3.1/../../../../arm-none-eabi/lib/thumb/v7-m/nofp\libg.a(lib_a-exit.o)
                              d:/programs/gcc-arm-none-eabi-10.3-2021.10/bin/../lib/gcc/arm-none-eabi/10.3.1/../../../../arm-none-eabi/lib/thumb/v7-m/nofp/crt0.o (exit)
d:/programs/gcc-arm-none-eabi-10.3-2021.10/bin/../lib/gcc/arm-none-eabi/10.3.1/../../../../arm-none-eabi/lib/thumb/v7-m/nofp\libg.a(lib_a-impure.o)
                              d:/programs/gcc-arm-none-eabi-10.3-2021.10/bin/../lib/gcc/arm-none-eabi/10.3.1/../../../../arm-none-eabi/lib/thumb/v7-m/nofp\libg.a(lib_a-exit.o) (_global_impure_ptr)
d:/programs/gcc-arm-none-eabi-10.3-2021.10/bin/../lib/gcc/arm-none-eabi/10.3.1/../../../../arm-none-eabi/lib/thumb/v7-m/nofp\libg.a(lib_a-init.o)
                              d:/programs/gcc-arm-none-eabi-10.3-2021.10/bin/../lib/gcc/arm-none-eabi/10.3.1/../../../../arm-none-eabi/lib/thumb/v7-m/nofp/crt0.o (__libc_init_array)
d:/programs/gcc-arm-none-eabi-10.3-2021.10/bin/../lib/gcc/arm-none-eabi/10.3.1/../../../../arm-none-eabi/lib/thumb/v7-m/nofp\libg.a(lib_a-memset.o)
                              d:/programs/gcc-arm-none-eabi-10.3-2021.10/bin/../lib/gcc/arm-none-eabi/10.3.1/../../../../arm-none-eabi/lib/thumb/v7-m/nofp/crt0.o (memset)
d:/programs/gcc-arm-none-eabi-10.3-2021.10/bin/../lib/gcc/arm-none-eabi/10.3.1/../../../../arm-none-eabi/lib/thumb/v7-m/nofp\libg.a(lib_a-__call_atexit.o)
                              d:/programs/gcc-arm-none-eabi-10.3-2021.10/bin/../lib/gcc/arm-none-eabi/10.3.1/../../../../arm-none-eabi/lib/thumb/v7-m/nofp\libg.a(lib_a-exit.o) (__call_exitprocs)
d:/programs/gcc-arm-none-eabi-10.3-2021.10/bin/../lib/gcc/arm-none-eabi/10.3.1/../../../../arm-none-eabi/lib/thumb/v7-m/nofp\libg.a(lib_a-atexit.o)
                              d:/programs/gcc-arm-none-eabi-10.3-2021.10/bin/../lib/gcc/arm-none-eabi/10.3.1/../../../../arm-none-eabi/lib/thumb/v7-m/nofp\libg.a(lib_a-__call_atexit.o) (atexit)
d:/programs/gcc-arm-none-eabi-10.3-2021.10/bin/../lib/gcc/arm-none-eabi/10.3.1/../../../../arm-none-eabi/lib/thumb/v7-m/nofp\libg.a(lib_a-fini.o)
                              d:/programs/gcc-arm-none-eabi-10.3-2021.10/bin/../lib/gcc/arm-none-eabi/10.3.1/../../../../arm-none-eabi/lib/thumb/v7-m/nofp\libg.a(lib_a-__call_atexit.o) (__libc_fini_array)
d:/programs/gcc-arm-none-eabi-10.3-2021.10/bin/../lib/gcc/arm-none-eabi/10.3.1/../../../../arm-none-eabi/lib/thumb/v7-m/nofp\libg.a(lib_a-lock.o)
                              d:/programs/gcc-arm-none-eabi-10.3-2021.10/bin/../lib/gcc/arm-none-eabi/10.3.1/../../../../arm-none-eabi/lib/thumb/v7-m/nofp\libg.a(lib_a-__call_atexit.o) (__retarget_lock_acquire_recursive)
d:/programs/gcc-arm-none-eabi-10.3-2021.10/bin/../lib/gcc/arm-none-eabi/10.3.1/../../../../arm-none-eabi/lib/thumb/v7-m/nofp\libg.a(lib_a-__atexit.o)
                              d:/programs/gcc-arm-none-eabi-10.3-2021.10/bin/../lib/gcc/arm-none-eabi/10.3.1/../../../../arm-none-eabi/lib/thumb/v7-m/nofp\libg.a(lib_a-atexit.o) (__register_exitproc)

Discarded input sections

 .text          0x00000000        0x0 d:/programs/gcc-arm-none-eabi-10.3-2021.10/bin/../lib/gcc/arm-none-eabi/10.3.1/thumb/v7-m/nofp/crti.o
 .data          0x00000000        0x0 d:/programs/gcc-arm-none-eabi-10.3-2021.10/bin/../lib/gcc/arm-none-eabi/10.3.1/thumb/v7-m/nofp/crti.o
 .bss           0x00000000        0x0 d:/programs/gcc-arm-none-eabi-10.3-2021.10/bin/../lib/gcc/arm-none-eabi/10.3.1/thumb/v7-m/nofp/crti.o
 .data          0x00000000        0x4 d:/programs/gcc-arm-none-eabi-10.3-2021.10/bin/../lib/gcc/arm-none-eabi/10.3.1/thumb/v7-m/nofp/crtbegin.o
 .rodata        0x00000000       0x24 d:/programs/gcc-arm-none-eabi-10.3-2021.10/bin/../lib/gcc/arm-none-eabi/10.3.1/thumb/v7-m/nofp/crtbegin.o
 .text          0x00000000       0x7c d:/programs/gcc-arm-none-eabi-10.3-2021.10/bin/../lib/gcc/arm-none-eabi/10.3.1/../../../../arm-none-eabi/lib/thumb/v7-m/nofp/crt0.o
 .data          0x00000000        0x0 d:/programs/gcc-arm-none-eabi-10.3-2021.10/bin/../lib/gcc/arm-none-eabi/10.3.1/../../../../arm-none-eabi/lib/thumb/v7-m/nofp/crt0.o
 .bss           0x00000000        0x0 d:/programs/gcc-arm-none-eabi-10.3-2021.10/bin/../lib/gcc/arm-none-eabi/10.3.1/../../../../arm-none-eabi/lib/thumb/v7-m/nofp/crt0.o
 .ARM.extab     0x00000000        0x0 d:/programs/gcc-arm-none-eabi-10.3-2021.10/bin/../lib/gcc/arm-none-eabi/10.3.1/../../../../arm-none-eabi/lib/thumb/v7-m/nofp/crt0.o
 .ARM.exidx     0x00000000       0x10 d:/programs/gcc-arm-none-eabi-10.3-2021.10/bin/../lib/gcc/arm-none-eabi/10.3.1/../../../../arm-none-eabi/lib/thumb/v7-m/nofp/crt0.o
 .ARM.attributes
[...]
Memory Configuration

Name             Origin             Length             Attributes
RAM              0x20000000         0x00010000         xrw
FLASH            0x08000000         0x00080000         xr
*default*        0x00000000         0xffffffff

Linker script and memory map

LOAD d:/programs/gcc-arm-none-eabi-10.3-2021.10/bin/../lib/gcc/arm-none-eabi/10.3.1/thumb/v7-m/nofp/crti.o
LOAD d:/programs/gcc-arm-none-eabi-10.3-2021.10/bin/../lib/gcc/arm-none-eabi/10.3.1/thumb/v7-m/nofp/crtbegin.o
LOAD d:/programs/gcc-arm-none-eabi-10.3-2021.10/bin/../lib/gcc/arm-none-eabi/10.3.1/../../../../arm-none-eabi/lib/thumb/v7-m/nofp/crt0.o
LOAD CMakeFiles/DEMO04_USART_Echo2.elf.dir/Drivers/STM32F1xx_HAL_Driver/Src/stm32f1xx_hal.c.obj
LOAD CMakeFiles/DEMO04_USART_Echo2.elf.dir/Drivers/STM32F1xx_HAL_Driver/Src/stm32f1xx_hal_cortex.c.obj
LOAD CMakeFiles/DEMO04_USART_Echo2.elf.dir/Drivers/STM32F1xx_HAL_Driver/Src/stm32f1xx_hal_dma.c.obj
LOAD CMakeFiles/DEMO04_USART_Echo2.elf.dir/Drivers/STM32F1xx_HAL_Driver/Src/stm32f1xx_hal_exti.c.obj
LOAD CMakeFiles/DEMO04_USART_Echo2.elf.dir/Drivers/STM32F1xx_HAL_Driver/Src/stm32f1xx_hal_flash.c.obj
LOAD CMakeFiles/DEMO04_USART_Echo2.elf.dir/Drivers/STM32F1xx_HAL_Driver/Src/stm32f1xx_hal_flash_ex.c.obj
LOAD CMakeFiles/DEMO04_USART_Echo2.elf.dir/Drivers/STM32F1xx_HAL_Driver/Src/stm32f1xx_hal_gpio.c.obj
LOAD CMakeFiles/DEMO04_USART_Echo2.elf.dir/Drivers/STM32F1xx_HAL_Driver/Src/stm32f1xx_hal_gpio_ex.c.obj
LOAD CMakeFiles/DEMO04_USART_Echo2.elf.dir/Drivers/STM32F1xx_HAL_Driver/Src/stm32f1xx_hal_pwr.c.obj
LOAD CMakeFiles/DEMO04_USART_Echo2.elf.dir/Drivers/STM32F1xx_HAL_Driver/Src/stm32f1xx_hal_rcc.c.obj
LOAD CMakeFiles/DEMO04_USART_Echo2.elf.dir/Drivers/STM32F1xx_HAL_Driver/Src/stm32f1xx_hal_rcc_ex.c.obj
LOAD CMakeFiles/DEMO04_USART_Echo2.elf.dir/Drivers/STM32F1xx_HAL_Driver/Src/stm32f1xx_hal_tim.c.obj
LOAD CMakeFiles/DEMO04_USART_Echo2.elf.dir/Drivers/STM32F1xx_HAL_Driver/Src/stm32f1xx_hal_tim_ex.c.obj
LOAD CMakeFiles/DEMO04_USART_Echo2.elf.dir/Drivers/STM32F1xx_HAL_Driver/Src/stm32f1xx_hal_uart.c.obj
LOAD CMakeFiles/DEMO04_USART_Echo2.elf.dir/Src/dma.c.obj
LOAD CMakeFiles/DEMO04_USART_Echo2.elf.dir/Src/gpio.c.obj
LOAD CMakeFiles/DEMO04_USART_Echo2.elf.dir/Src/main.c.obj
LOAD CMakeFiles/DEMO04_USART_Echo2.elf.dir/Src/stm32f1xx_hal_msp.c.obj
LOAD CMakeFiles/DEMO04_USART_Echo2.elf.dir/Src/stm32f1xx_it.c.obj
LOAD CMakeFiles/DEMO04_USART_Echo2.elf.dir/Src/syscalls.c.obj
LOAD CMakeFiles/DEMO04_USART_Echo2.elf.dir/Src/system_stm32f1xx.c.obj
LOAD CMakeFiles/DEMO04_USART_Echo2.elf.dir/Src/usart.c.obj
LOAD CMakeFiles/DEMO04_USART_Echo2.elf.dir/startup/startup_stm32f103xe.s.obj
START GROUP
LOAD d:/programs/gcc-arm-none-eabi-10.3-2021.10/bin/../lib/gcc/arm-none-eabi/10.3.1/thumb/v7-m/nofp\libgcc.a
LOAD d:/programs/gcc-arm-none-eabi-10.3-2021.10/bin/../lib/gcc/arm-none-eabi/10.3.1/../../../../arm-none-eabi/lib/thumb/v7-m/nofp\libg.a
LOAD d:/programs/gcc-arm-none-eabi-10.3-2021.10/bin/../lib/gcc/arm-none-eabi/10.3.1/../../../../arm-none-eabi/lib/thumb/v7-m/nofp\libc.a
END GROUP
LOAD d:/programs/gcc-arm-none-eabi-10.3-2021.10/bin/../lib/gcc/arm-none-eabi/10.3.1/thumb/v7-m/nofp/crtend.o
LOAD d:/programs/gcc-arm-none-eabi-10.3-2021.10/bin/../lib/gcc/arm-none-eabi/10.3.1/thumb/v7-m/nofp/crtn.o
                0x20010000                _estack = (ORIGIN (RAM) + LENGTH (RAM))
                0x00000200                _Min_Heap_Size = 0x200
                0x00000400                _Min_Stack_Size = 0x400

.isr_vector     0x08000000      0x1e4
                0x08000000                . = ALIGN (0x4)
 *(.isr_vector)
 .isr_vector    0x08000000      0x1e4 CMakeFiles/DEMO04_USART_Echo2.elf.dir/startup/startup_stm32f103xe.s.obj
                0x08000000                g_pfnVectors
                0x080001e4                . = ALIGN (0x4)

.text           0x080001e4     0x1c80
                0x080001e4                . = ALIGN (0x4)
 *(.text)
 .text          0x080001e4       0x40 d:/programs/gcc-arm-none-eabi-10.3-2021.10/bin/../lib/gcc/arm-none-eabi/10.3.1/thumb/v7-m/nofp/crtbegin.o
 *(.text*)
 .text.HAL_InitTick
                0x08000224       0x4c CMakeFiles/DEMO04_USART_Echo2.elf.dir/Drivers/STM32F1xx_HAL_Driver/Src/stm32f1xx_hal.c.obj
                0x08000224                HAL_InitTick
 .text.HAL_Init
                0x08000270       0x24 CMakeFiles/DEMO04_USART_Echo2.elf.dir/Drivers/STM32F1xx_HAL_Driver/Src/stm32f1xx_hal.c.obj
                0x08000270                HAL_Init
 .text.HAL_IncTick
                0x08000294       0x18 CMakeFiles/DEMO04_USART_Echo2.elf.dir/Drivers/STM32F1xx_HAL_Driver/Src/stm32f1xx_hal.c.obj
                0x08000294                HAL_IncTick
 .text.HAL_GetTick
                0x080002ac        0xc CMakeFiles/DEMO04_USART_Echo2.elf.dir/Drivers/STM32F1xx_HAL_Driver/Src/stm32f1xx_hal.c.obj
                0x080002ac                HAL_GetTick
 .text.HAL_NVIC_SetPriorityGrouping
                0x080002b8       0x24 CMakeFiles/DEMO04_USART_Echo2.elf.dir/Drivers/STM32F1xx_HAL_Driver/Src/stm32f1xx_hal_cortex.c.obj
                0x080002b8                HAL_NVIC_SetPriorityGrouping
 .text.HAL_NVIC_SetPriority
                0x080002dc       0x70 CMakeFiles/DEMO04_USART_Echo2.elf.dir/Drivers/STM32F1xx_HAL_Driver/Src/stm32f1xx_hal_cortex.c.obj
                0x080002dc                HAL_NVIC_SetPriority
 .text.HAL_NVIC_EnableIRQ
                0x0800034c       0x1c CMakeFiles/DEMO04_USART_Echo2.elf.dir/Drivers/STM32F1xx_HAL_Driver/Src/stm32f1xx_hal_cortex.c.obj
                0x0800034c                HAL_NVIC_EnableIRQ
 .text.HAL_SYSTICK_Config
                0x08000368       0x28 CMakeFiles/DEMO04_USART_Echo2.elf.dir/Drivers/STM32F1xx_HAL_Driver/Src/stm32f1xx_hal_cortex.c.obj
                0x08000368                HAL_SYSTICK_Config
 .text.DMA_SetConfig
                0x08000390       0x2c CMakeFiles/DEMO04_USART_Echo2.elf.dir/Drivers/STM32F1xx_HAL_Driver/Src/stm32f1xx_hal_dma.c.obj
 .text.HAL_DMA_Init
                0x080003bc       0x98 CMakeFiles/DEMO04_USART_Echo2.elf.dir/Drivers/STM32F1xx_HAL_Driver/Src/stm32f1xx_hal_dma.c.obj
                0x080003bc                HAL_DMA_Init
 .text.HAL_DMA_Start_IT
                0x08000454       0x74 CMakeFiles/DEMO04_USART_Echo2.elf.dir/Drivers/STM32F1xx_HAL_Driver/Src/stm32f1xx_hal_dma.c.obj
                0x08000454                HAL_DMA_Start_IT
 .text.HAL_DMA_Abort
                0x080004c8       0x44 CMakeFiles/DEMO04_USART_Echo2.elf.dir/Drivers/STM32F1xx_HAL_Driver/Src/stm32f1xx_hal_dma.c.obj
                0x080004c8                HAL_DMA_Abort
 .text.HAL_DMA_Abort_IT
                0x0800050c      0x168 CMakeFiles/DEMO04_USART_Echo2.elf.dir/Drivers/STM32F1xx_HAL_Driver/Src/stm32f1xx_hal_dma.c.obj
                0x0800050c                HAL_DMA_Abort_IT
 .text.HAL_DMA_IRQHandler
                0x08000674      0x2ec CMakeFiles/DEMO04_USART_Echo2.elf.dir/Drivers/STM32F1xx_HAL_Driver/Src/stm32f1xx_hal_dma.c.obj
                0x08000674                HAL_DMA_IRQHandler
 .text.HAL_GPIO_Init
                0x08000960      0x240 CMakeFiles/DEMO04_USART_Echo2.elf.dir/Drivers/STM32F1xx_HAL_Driver/Src/stm32f1xx_hal_gpio.c.obj
                0x08000960                HAL_GPIO_Init
 .text.RCC_Delay
                0x08000ba0       0x2c CMakeFiles/DEMO04_USART_Echo2.elf.dir/Drivers/STM32F1xx_HAL_Driver/Src/stm32f1xx_hal_rcc.c.obj
 .text.HAL_RCC_OscConfig
                0x08000bcc      0x410 CMakeFiles/DEMO04_USART_Echo2.elf.dir/Drivers/STM32F1xx_HAL_Driver/Src/stm32f1xx_hal_rcc.c.obj
                0x08000bcc                HAL_RCC_OscConfig
 .text.HAL_RCC_GetSysClockFreq
                0x08000fdc       0x70 CMakeFiles/DEMO04_USART_Echo2.elf.dir/Drivers/STM32F1xx_HAL_Driver/Src/stm32f1xx_hal_rcc.c.obj
                0x08000fdc                HAL_RCC_GetSysClockFreq
 .text.HAL_RCC_ClockConfig
                0x0800104c      0x16c CMakeFiles/DEMO04_USART_Echo2.elf.dir/Drivers/STM32F1xx_HAL_Driver/Src/stm32f1xx_hal_rcc.c.obj
                0x0800104c                HAL_RCC_ClockConfig
 .text.HAL_RCC_GetHCLKFreq
                0x080011b8        0xc CMakeFiles/DEMO04_USART_Echo2.elf.dir/Drivers/STM32F1xx_HAL_Driver/Src/stm32f1xx_hal_rcc.c.obj
                0x080011b8                HAL_RCC_GetHCLKFreq
 .text.HAL_RCC_GetPCLK1Freq
                0x080011c4       0x20 CMakeFiles/DEMO04_USART_Echo2.elf.dir/Drivers/STM32F1xx_HAL_Driver/Src/stm32f1xx_hal_rcc.c.obj
                0x080011c4                HAL_RCC_GetPCLK1Freq
 .text.HAL_RCC_GetPCLK2Freq
                0x080011e4       0x20 CMakeFiles/DEMO04_USART_Echo2.elf.dir/Drivers/STM32F1xx_HAL_Driver/Src/stm32f1xx_hal_rcc.c.obj
                0x080011e4                HAL_RCC_GetPCLK2Freq
 .text.UART_EndTxTransfer
                0x08001204       0x12 CMakeFiles/DEMO04_USART_Echo2.elf.dir/Drivers/STM32F1xx_HAL_Driver/Src/stm32f1xx_hal_uart.c.obj
 .text.UART_EndRxTransfer
                0x08001216       0x32 CMakeFiles/DEMO04_USART_Echo2.elf.dir/Drivers/STM32F1xx_HAL_Driver/Src/stm32f1xx_hal_uart.c.obj
 .text.UART_Transmit_IT
                0x08001248       0x60 CMakeFiles/DEMO04_USART_Echo2.elf.dir/Drivers/STM32F1xx_HAL_Driver/Src/stm32f1xx_hal_uart.c.obj
 .text.UART_SetConfig
                0x080012a8       0x94 CMakeFiles/DEMO04_USART_Echo2.elf.dir/Drivers/STM32F1xx_HAL_Driver/Src/stm32f1xx_hal_uart.c.obj
 .text.HAL_UART_Init
                0x0800133c       0x5e CMakeFiles/DEMO04_USART_Echo2.elf.dir/Drivers/STM32F1xx_HAL_Driver/Src/stm32f1xx_hal_uart.c.obj
                0x0800133c                HAL_UART_Init
 *fill*         0x0800139a        0x2 
 .text.HAL_UART_Transmit_DMA
                0x0800139c       0x8c CMakeFiles/DEMO04_USART_Echo2.elf.dir/Drivers/STM32F1xx_HAL_Driver/Src/stm32f1xx_hal_uart.c.obj
                0x0800139c                HAL_UART_Transmit_DMA
 .text.HAL_UART_DMAStop
                0x08001428       0x64 CMakeFiles/DEMO04_USART_Echo2.elf.dir/Drivers/STM32F1xx_HAL_Driver/Src/stm32f1xx_hal_uart.c.obj
                0x08001428                HAL_UART_DMAStop
 .text.HAL_UART_TxCpltCallback
                0x0800148c        0x2 CMakeFiles/DEMO04_USART_Echo2.elf.dir/Drivers/STM32F1xx_HAL_Driver/Src/stm32f1xx_hal_uart.c.obj
                0x0800148c                HAL_UART_TxCpltCallback
 .text.UART_DMATransmitCplt
                0x0800148e       0x30 CMakeFiles/DEMO04_USART_Echo2.elf.dir/Drivers/STM32F1xx_HAL_Driver/Src/stm32f1xx_hal_uart.c.obj
 .text.UART_EndTransmit_IT
                0x080014be       0x1a CMakeFiles/DEMO04_USART_Echo2.elf.dir/Drivers/STM32F1xx_HAL_Driver/Src/stm32f1xx_hal_uart.c.obj
 .text.HAL_UART_TxHalfCpltCallback
                0x080014d8        0x2 CMakeFiles/DEMO04_USART_Echo2.elf.dir/Drivers/STM32F1xx_HAL_Driver/Src/stm32f1xx_hal_uart.c.obj
                0x080014d8                HAL_UART_TxHalfCpltCallback
 .text.UART_DMATxHalfCplt
                0x080014da        0xa CMakeFiles/DEMO04_USART_Echo2.elf.dir/Drivers/STM32F1xx_HAL_Driver/Src/stm32f1xx_hal_uart.c.obj
 .text.HAL_UART_RxCpltCallback
                0x080014e4        0x2 CMakeFiles/DEMO04_USART_Echo2.elf.dir/Drivers/STM32F1xx_HAL_Driver/Src/stm32f1xx_hal_uart.c.obj
                0x080014e4                HAL_UART_RxCpltCallback
 .text.HAL_UART_RxHalfCpltCallback
                0x080014e6        0x2 CMakeFiles/DEMO04_USART_Echo2.elf.dir/Drivers/STM32F1xx_HAL_Driver/Src/stm32f1xx_hal_uart.c.obj
                0x080014e6                HAL_UART_RxHalfCpltCallback
 .text.HAL_UART_ErrorCallback
                0x080014e8        0x2 CMakeFiles/DEMO04_USART_Echo2.elf.dir/Drivers/STM32F1xx_HAL_Driver/Src/stm32f1xx_hal_uart.c.obj
                0x080014e8                HAL_UART_ErrorCallback
 .text.UART_DMAError
                0x080014ea       0x58 CMakeFiles/DEMO04_USART_Echo2.elf.dir/Drivers/STM32F1xx_HAL_Driver/Src/stm32f1xx_hal_uart.c.obj
 .text.UART_DMAAbortOnError
                0x08001542       0x10 CMakeFiles/DEMO04_USART_Echo2.elf.dir/Drivers/STM32F1xx_HAL_Driver/Src/stm32f1xx_hal_uart.c.obj
 .text.HAL_UARTEx_RxEventCallback
                0x08001552        0x2 CMakeFiles/DEMO04_USART_Echo2.elf.dir/Drivers/STM32F1xx_HAL_Driver/Src/stm32f1xx_hal_uart.c.obj
                0x08001552                HAL_UARTEx_RxEventCallback
 .text.UART_Receive_IT
                0x08001554       0xd4 CMakeFiles/DEMO04_USART_Echo2.elf.dir/Drivers/STM32F1xx_HAL_Driver/Src/stm32f1xx_hal_uart.c.obj
 .text.HAL_UART_IRQHandler
                0x08001628      0x204 CMakeFiles/DEMO04_USART_Echo2.elf.dir/Drivers/STM32F1xx_HAL_Driver/Src/stm32f1xx_hal_uart.c.obj
                0x08001628                HAL_UART_IRQHandler
 .text.UART_DMARxHalfCplt
                0x0800182c       0x1a CMakeFiles/DEMO04_USART_Echo2.elf.dir/Drivers/STM32F1xx_HAL_Driver/Src/stm32f1xx_hal_uart.c.obj
 .text.UART_DMAReceiveCplt
                0x08001846       0x5e CMakeFiles/DEMO04_USART_Echo2.elf.dir/Drivers/STM32F1xx_HAL_Driver/Src/stm32f1xx_hal_uart.c.obj
 .text.UART_Start_Receive_DMA
                0x080018a4       0x78 CMakeFiles/DEMO04_USART_Echo2.elf.dir/Drivers/STM32F1xx_HAL_Driver/Src/stm32f1xx_hal_uart.c.obj
                0x080018a4                UART_Start_Receive_DMA
 .text.HAL_UART_Receive_DMA
                0x0800191c       0x38 CMakeFiles/DEMO04_USART_Echo2.elf.dir/Drivers/STM32F1xx_HAL_Driver/Src/stm32f1xx_hal_uart.c.obj
                0x0800191c                HAL_UART_Receive_DMA
 .text.MX_DMA_Init
                0x08001954       0x44 CMakeFiles/DEMO04_USART_Echo2.elf.dir/Src/dma.c.obj
                0x08001954                MX_DMA_Init
 .text.Error_Handler
                0x08001998        0x4 CMakeFiles/DEMO04_USART_Echo2.elf.dir/Src/main.c.obj
                0x08001998                Error_Handler
 .text.SystemClock_Config
                0x0800199c       0x64 CMakeFiles/DEMO04_USART_Echo2.elf.dir/Src/main.c.obj
                0x0800199c                SystemClock_Config
 .text.main     0x08001a00       0x34 CMakeFiles/DEMO04_USART_Echo2.elf.dir/Src/main.c.obj
                0x08001a00                main
 .text.HAL_MspInit
                0x08001a34       0x44 CMakeFiles/DEMO04_USART_Echo2.elf.dir/Src/stm32f1xx_hal_msp.c.obj
                0x08001a34                HAL_MspInit
 .text.NMI_Handler
                0x08001a78        0x2 CMakeFiles/DEMO04_USART_Echo2.elf.dir/Src/stm32f1xx_it.c.obj
                0x08001a78                NMI_Handler
 .text.HardFault_Handler
                0x08001a7a        0x2 CMakeFiles/DEMO04_USART_Echo2.elf.dir/Src/stm32f1xx_it.c.obj
                0x08001a7a                HardFault_Handler
 .text.MemManage_Handler
                0x08001a7c        0x2 CMakeFiles/DEMO04_USART_Echo2.elf.dir/Src/stm32f1xx_it.c.obj
                0x08001a7c                MemManage_Handler
 .text.BusFault_Handler
                0x08001a7e        0x2 CMakeFiles/DEMO04_USART_Echo2.elf.dir/Src/stm32f1xx_it.c.obj
                0x08001a7e                BusFault_Handler
 .text.UsageFault_Handler
                0x08001a80        0x2 CMakeFiles/DEMO04_USART_Echo2.elf.dir/Src/stm32f1xx_it.c.obj
                0x08001a80                UsageFault_Handler
 .text.SVC_Handler
                0x08001a82        0x2 CMakeFiles/DEMO04_USART_Echo2.elf.dir/Src/stm32f1xx_it.c.obj
                0x08001a82                SVC_Handler
 .text.DebugMon_Handler
                0x08001a84        0x2 CMakeFiles/DEMO04_USART_Echo2.elf.dir/Src/stm32f1xx_it.c.obj
                0x08001a84                DebugMon_Handler
 .text.PendSV_Handler
                0x08001a86        0x2 CMakeFiles/DEMO04_USART_Echo2.elf.dir/Src/stm32f1xx_it.c.obj
                0x08001a86                PendSV_Handler
 .text.SysTick_Handler
                0x08001a88        0x8 CMakeFiles/DEMO04_USART_Echo2.elf.dir/Src/stm32f1xx_it.c.obj
                0x08001a88                SysTick_Handler
 .text.DMA1_Channel4_IRQHandler
                0x08001a90       0x10 CMakeFiles/DEMO04_USART_Echo2.elf.dir/Src/stm32f1xx_it.c.obj
                0x08001a90                DMA1_Channel4_IRQHandler
 .text.DMA1_Channel5_IRQHandler
                0x08001aa0       0x10 CMakeFiles/DEMO04_USART_Echo2.elf.dir/Src/stm32f1xx_it.c.obj
                0x08001aa0                DMA1_Channel5_IRQHandler
 .text.USART1_IRQHandler
                0x08001ab0       0x5c CMakeFiles/DEMO04_USART_Echo2.elf.dir/Src/stm32f1xx_it.c.obj
                0x08001ab0                USART1_IRQHandler
 .text.SystemInit
                0x08001b0c        0x2 CMakeFiles/DEMO04_USART_Echo2.elf.dir/Src/system_stm32f1xx.c.obj
                0x08001b0c                SystemInit
 *fill*         0x08001b0e        0x2 
 .text.MX_USART1_UART_Init
                0x08001b10       0x34 CMakeFiles/DEMO04_USART_Echo2.elf.dir/Src/usart.c.obj
                0x08001b10                MX_USART1_UART_Init
 .text.HAL_UART_MspInit
                0x08001b44       0xf0 CMakeFiles/DEMO04_USART_Echo2.elf.dir/Src/usart.c.obj
                0x08001b44                HAL_UART_MspInit
 .text.Reset_Handler
                0x08001c34       0x48 CMakeFiles/DEMO04_USART_Echo2.elf.dir/startup/startup_stm32f103xe.s.obj
                0x08001c34                Reset_Handler
 .text.Default_Handler
                0x08001c7c        0x2 CMakeFiles/DEMO04_USART_Echo2.elf.dir/startup/startup_stm32f103xe.s.obj
                0x08001c7c                RTC_Alarm_IRQHandler
                0x08001c7c                EXTI2_IRQHandler
                0x08001c7c                TIM8_TRG_COM_IRQHandler
                0x08001c7c                TIM8_CC_IRQHandler
                0x08001c7c                TIM1_CC_IRQHandler
                0x08001c7c                TIM6_IRQHandler
                0x08001c7c                PVD_IRQHandler
                0x08001c7c                SDIO_IRQHandler
                0x08001c7c                EXTI3_IRQHandler
                0x08001c7c                EXTI0_IRQHandler
                0x08001c7c                I2C2_EV_IRQHandler
                0x08001c7c                ADC1_2_IRQHandler
                0x08001c7c                SPI1_IRQHandler
                0x08001c7c                TAMPER_IRQHandler
                0x08001c7c                TIM8_UP_IRQHandler
                0x08001c7c                DMA2_Channel2_IRQHandler
                0x08001c7c                USART3_IRQHandler
                0x08001c7c                RTC_IRQHandler
                0x08001c7c                DMA1_Channel7_IRQHandler
                0x08001c7c                CAN1_RX1_IRQHandler
                0x08001c7c                UART5_IRQHandler
                0x08001c7c                ADC3_IRQHandler
                0x08001c7c                TIM4_IRQHandler
                0x08001c7c                DMA2_Channel1_IRQHandler
                0x08001c7c                I2C1_EV_IRQHandler
                0x08001c7c                DMA1_Channel6_IRQHandler
                0x08001c7c                UART4_IRQHandler
                0x08001c7c                TIM3_IRQHandler
                0x08001c7c                RCC_IRQHandler
                0x08001c7c                TIM1_TRG_COM_IRQHandler
                0x08001c7c                DMA1_Channel1_IRQHandler
                0x08001c7c                Default_Handler
                0x08001c7c                EXTI15_10_IRQHandler
                0x08001c7c                TIM7_IRQHandler
                0x08001c7c                TIM5_IRQHandler
                0x08001c7c                EXTI9_5_IRQHandler
                0x08001c7c                SPI2_IRQHandler
                0x08001c7c                EXTI4_IRQHandler
                0x08001c7c                USB_LP_CAN1_RX0_IRQHandler
                0x08001c7c                USB_HP_CAN1_TX_IRQHandler
                0x08001c7c                DMA1_Channel3_IRQHandler
                0x08001c7c                FSMC_IRQHandler
                0x08001c7c                TIM1_UP_IRQHandler
                0x08001c7c                WWDG_IRQHandler
                0x08001c7c                TIM2_IRQHandler
                0x08001c7c                TIM1_BRK_IRQHandler
                0x08001c7c                EXTI1_IRQHandler
                0x08001c7c                DMA2_Channel4_5_IRQHandler
                0x08001c7c                USART2_IRQHandler
                0x08001c7c                I2C2_ER_IRQHandler
                0x08001c7c                DMA1_Channel2_IRQHandler
                0x08001c7c                TIM8_BRK_IRQHandler
                0x08001c7c                CAN1_SCE_IRQHandler
                0x08001c7c                FLASH_IRQHandler
                0x08001c7c                SPI3_IRQHandler
                0x08001c7c                I2C1_ER_IRQHandler
                0x08001c7c                USBWakeUp_IRQHandler
                0x08001c7c                DMA2_Channel3_IRQHandler
 *fill*         0x08001c7e        0x2 
 .text.__libc_init_array
                0x08001c80       0x48 d:/programs/gcc-arm-none-eabi-10.3-2021.10/bin/../lib/gcc/arm-none-eabi/10.3.1/../../../../arm-none-eabi/lib/thumb/v7-m/nofp\libg.a(lib_a-init.o)
                0x08001c80                __libc_init_array
 .text.memset   0x08001cc8       0xa4 d:/programs/gcc-arm-none-eabi-10.3-2021.10/bin/../lib/gcc/arm-none-eabi/10.3.1/../../../../arm-none-eabi/lib/thumb/v7-m/nofp\libg.a(lib_a-memset.o)
                0x08001cc8                memset
 .text.startup.register_fini
                0x08001d6c       0x14 d:/programs/gcc-arm-none-eabi-10.3-2021.10/bin/../lib/gcc/arm-none-eabi/10.3.1/../../../../arm-none-eabi/lib/thumb/v7-m/nofp\libg.a(lib_a-__call_atexit.o)
 .text.atexit   0x08001d80        0xc d:/programs/gcc-arm-none-eabi-10.3-2021.10/bin/../lib/gcc/arm-none-eabi/10.3.1/../../../../arm-none-eabi/lib/thumb/v7-m/nofp\libg.a(lib_a-atexit.o)
                0x08001d80                atexit
 .text.__libc_fini_array
                0x08001d8c       0x2c d:/programs/gcc-arm-none-eabi-10.3-2021.10/bin/../lib/gcc/arm-none-eabi/10.3.1/../../../../arm-none-eabi/lib/thumb/v7-m/nofp\libg.a(lib_a-fini.o)
                0x08001d8c                __libc_fini_array
 .text.__retarget_lock_acquire_recursive
                0x08001db8        0x4 d:/programs/gcc-arm-none-eabi-10.3-2021.10/bin/../lib/gcc/arm-none-eabi/10.3.1/../../../../arm-none-eabi/lib/thumb/v7-m/nofp\libg.a(lib_a-lock.o)
                0x08001db8                __retarget_lock_acquire_recursive
 .text.__retarget_lock_release_recursive
                0x08001dbc        0x4 d:/programs/gcc-arm-none-eabi-10.3-2021.10/bin/../lib/gcc/arm-none-eabi/10.3.1/../../../../arm-none-eabi/lib/thumb/v7-m/nofp\libg.a(lib_a-lock.o)
                0x08001dbc                __retarget_lock_release_recursive
 .text.__register_exitproc
                0x08001dc0       0x8c d:/programs/gcc-arm-none-eabi-10.3-2021.10/bin/../lib/gcc/arm-none-eabi/10.3.1/../../../../arm-none-eabi/lib/thumb/v7-m/nofp\libg.a(lib_a-__atexit.o)
                0x08001dc0                __register_exitproc
 *(.glue_7)
 .glue_7        0x08001e4c        0x0 linker stubs
 *(.glue_7t)
 .glue_7t       0x08001e4c        0x0 linker stubs
 *(.eh_frame)
 .eh_frame      0x08001e4c        0x0 d:/programs/gcc-arm-none-eabi-10.3-2021.10/bin/../lib/gcc/arm-none-eabi/10.3.1/thumb/v7-m/nofp/crtbegin.o
 *(.init)
 .init          0x08001e4c        0x4 d:/programs/gcc-arm-none-eabi-10.3-2021.10/bin/../lib/gcc/arm-none-eabi/10.3.1/thumb/v7-m/nofp/crti.o
                0x08001e4c                _init
 .init          0x08001e50        0x8 d:/programs/gcc-arm-none-eabi-10.3-2021.10/bin/../lib/gcc/arm-none-eabi/10.3.1/thumb/v7-m/nofp/crtn.o
 *(.fini)
 .fini          0x08001e58        0x4 d:/programs/gcc-arm-none-eabi-10.3-2021.10/bin/../lib/gcc/arm-none-eabi/10.3.1/thumb/v7-m/nofp/crti.o
                0x08001e58                _fini
 .fini          0x08001e5c        0x8 d:/programs/gcc-arm-none-eabi-10.3-2021.10/bin/../lib/gcc/arm-none-eabi/10.3.1/thumb/v7-m/nofp/crtn.o
                0x08001e64                . = ALIGN (0x4)
                0x08001e64                _etext = .

.vfp11_veneer   0x08001e64        0x0
 .vfp11_veneer  0x08001e64        0x0 linker stubs

.v4_bx          0x08001e64        0x0
 .v4_bx         0x08001e64        0x0 linker stubs

.iplt           0x08001e64        0x0
 .iplt          0x08001e64        0x0 d:/programs/gcc-arm-none-eabi-10.3-2021.10/bin/../lib/gcc/arm-none-eabi/10.3.1/thumb/v7-m/nofp/crtbegin.o

.rodata         0x08001e64       0x30
                0x08001e64                . = ALIGN (0x4)
 *(.rodata)
 *(.rodata*)
 .rodata.HAL_RCC_GetSysClockFreq.str1.4
                0x08001e64       0x11 CMakeFiles/DEMO04_USART_Echo2.elf.dir/Drivers/STM32F1xx_HAL_Driver/Src/stm32f1xx_hal_rcc.c.obj
 *fill*         0x08001e75        0x3 
 .rodata.AHBPrescTable
                0x08001e78       0x10 CMakeFiles/DEMO04_USART_Echo2.elf.dir/Src/system_stm32f1xx.c.obj
                0x08001e78                AHBPrescTable
 .rodata.APBPrescTable
                0x08001e88        0x8 CMakeFiles/DEMO04_USART_Echo2.elf.dir/Src/system_stm32f1xx.c.obj
                0x08001e88                APBPrescTable
 .rodata._global_impure_ptr
                0x08001e90        0x4 d:/programs/gcc-arm-none-eabi-10.3-2021.10/bin/../lib/gcc/arm-none-eabi/10.3.1/../../../../arm-none-eabi/lib/thumb/v7-m/nofp\libg.a(lib_a-impure.o)
                0x08001e90                _global_impure_ptr
                0x08001e94                . = ALIGN (0x4)

.rel.dyn        0x08001e94        0x0
 .rel.iplt      0x08001e94        0x0 d:/programs/gcc-arm-none-eabi-10.3-2021.10/bin/../lib/gcc/arm-none-eabi/10.3.1/thumb/v7-m/nofp/crtbegin.o

.ARM.extab
 *(.ARM.extab* .gnu.linkonce.armextab.*)

.ARM            0x08001e94        0x0
                0x08001e94                __exidx_start = .
 *(.ARM.exidx*)
                0x08001e94                __exidx_end = .

.preinit_array  0x08001e94        0x0
                0x08001e94                PROVIDE (__preinit_array_start = .)
 *(.preinit_array*)
                0x08001e94                PROVIDE (__preinit_array_end = .)

.init_array     0x08001e94        0x8
                0x08001e94                PROVIDE (__init_array_start = .)
 *(SORT_BY_NAME(.init_array.*))
 .init_array.00000
                0x08001e94        0x4 d:/programs/gcc-arm-none-eabi-10.3-2021.10/bin/../lib/gcc/arm-none-eabi/10.3.1/../../../../arm-none-eabi/lib/thumb/v7-m/nofp\libg.a(lib_a-__call_atexit.o)
 *(.init_array*)
 .init_array    0x08001e98        0x4 d:/programs/gcc-arm-none-eabi-10.3-2021.10/bin/../lib/gcc/arm-none-eabi/10.3.1/thumb/v7-m/nofp/crtbegin.o
                0x08001e9c                PROVIDE (__init_array_end = .)

.fini_array     0x08001e9c        0x4
                0x08001e9c                PROVIDE (__fini_array_start = .)
 *(SORT_BY_NAME(.fini_array.*))
 *(.fini_array*)
 .fini_array    0x08001e9c        0x4 d:/programs/gcc-arm-none-eabi-10.3-2021.10/bin/../lib/gcc/arm-none-eabi/10.3.1/thumb/v7-m/nofp/crtbegin.o
                0x08001ea0                PROVIDE (__fini_array_end = .)
                0x08001ea0                _sidata = LOADADDR (.data)

.data           0x20000000      0x43c load address 0x08001ea0
                0x20000000                . = ALIGN (0x4)
                0x20000000                _sdata = .
 *(.data)
 *(.data*)
 .data.uwTickFreq
                0x20000000        0x1 CMakeFiles/DEMO04_USART_Echo2.elf.dir/Drivers/STM32F1xx_HAL_Driver/Src/stm32f1xx_hal.c.obj
                0x20000000                uwTickFreq
 *fill*         0x20000001        0x3 
 .data.uwTickPrio
                0x20000004        0x4 CMakeFiles/DEMO04_USART_Echo2.elf.dir/Drivers/STM32F1xx_HAL_Driver/Src/stm32f1xx_hal.c.obj
                0x20000004                uwTickPrio
 .data.SystemCoreClock
                0x20000008        0x4 CMakeFiles/DEMO04_USART_Echo2.elf.dir/Src/system_stm32f1xx.c.obj
                0x20000008                SystemCoreClock
 *fill*         0x2000000c        0x4 
 .data.impure_data
                0x20000010      0x428 d:/programs/gcc-arm-none-eabi-10.3-2021.10/bin/../lib/gcc/arm-none-eabi/10.3.1/../../../../arm-none-eabi/lib/thumb/v7-m/nofp\libg.a(lib_a-impure.o)
 .data.__atexit_recursive_mutex
                0x20000438        0x4 d:/programs/gcc-arm-none-eabi-10.3-2021.10/bin/../lib/gcc/arm-none-eabi/10.3.1/../../../../arm-none-eabi/lib/thumb/v7-m/nofp\libg.a(lib_a-__call_atexit.o)
                0x20000438                __atexit_recursive_mutex
                0x2000043c                . = ALIGN (0x4)
                0x2000043c                _edata = .

.igot.plt       0x2000043c        0x0 load address 0x080022dc
 .igot.plt      0x2000043c        0x0 d:/programs/gcc-arm-none-eabi-10.3-2021.10/bin/../lib/gcc/arm-none-eabi/10.3.1/thumb/v7-m/nofp/crtbegin.o
                0x2000043c                . = ALIGN (0x4)

.bss            0x2000043c       0xf8 load address 0x080022dc
                0x2000043c                _sbss = .
                0x2000043c                __bss_start__ = _sbss
 *(.bss)
 .bss           0x2000043c       0x1c d:/programs/gcc-arm-none-eabi-10.3-2021.10/bin/../lib/gcc/arm-none-eabi/10.3.1/thumb/v7-m/nofp/crtbegin.o
 *(.bss*)
 .bss.uwTick    0x20000458        0x4 CMakeFiles/DEMO04_USART_Echo2.elf.dir/Drivers/STM32F1xx_HAL_Driver/Src/stm32f1xx_hal.c.obj
                0x20000458                uwTick
 .bss.buffer    0x2000045c        0x5 CMakeFiles/DEMO04_USART_Echo2.elf.dir/Src/main.c.obj
                0x2000045c                buffer
 *fill*         0x20000461        0x3 
 .bss.hdma_usart1_rx
                0x20000464       0x44 CMakeFiles/DEMO04_USART_Echo2.elf.dir/Src/usart.c.obj
                0x20000464                hdma_usart1_rx
 .bss.hdma_usart1_tx
                0x200004a8       0x44 CMakeFiles/DEMO04_USART_Echo2.elf.dir/Src/usart.c.obj
                0x200004a8                hdma_usart1_tx
 .bss.huart1    0x200004ec       0x44 CMakeFiles/DEMO04_USART_Echo2.elf.dir/Src/usart.c.obj
                0x200004ec                huart1
 .bss.__lock___atexit_recursive_mutex
                0x20000530        0x1 d:/programs/gcc-arm-none-eabi-10.3-2021.10/bin/../lib/gcc/arm-none-eabi/10.3.1/../../../../arm-none-eabi/lib/thumb/v7-m/nofp\libg.a(lib_a-lock.o)
                0x20000530                __lock___atexit_recursive_mutex
 *(COMMON)
                0x20000534                . = ALIGN (0x4)
 *fill*         0x20000531        0x3 
                0x20000534                _ebss = .
                0x20000534                __bss_end__ = _ebss

._user_heap_stack
                0x20000534      0x604 load address 0x080022dc
                0x20000538                . = ALIGN (0x8)
 *fill*         0x20000534        0x4 
                0x20000538                PROVIDE (end = .)
                [!provide]                PROVIDE (_end = .)
                0x20000738                . = (. + _Min_Heap_Size)
 *fill*         0x20000538      0x200 
                0x20000b38                . = (. + _Min_Stack_Size)
 *fill*         0x20000738      0x400 
                0x20000b38                . = ALIGN (0x8)

/DISCARD/
 libc.a(*)
 libm.a(*)
 libgcc.a(*)

.ARM.attributes
                0x00000000       0x29
 *(.ARM.attributes)
 .ARM.attributes
                0x00000000       0x1d d:/programs/gcc-arm-none-eabi-10.3-2021.10/bin/../lib/gcc/arm-none-eabi/10.3.1/thumb/v7-m/nofp/crti.o
 .ARM.attributes
                0x0000001d       0x2d d:/programs/gcc-arm-none-eabi-10.3-2021.10/bin/../lib/gcc/arm-none-eabi/10.3.1/thumb/v7-m/nofp/crtbegin.o
 .ARM.attributes
                0x0000004a       0x2d CMakeFiles/DEMO04_USART_Echo2.elf.dir/Drivers/STM32F1xx_HAL_Driver/Src/stm32f1xx_hal.c.obj
 .ARM.attributes
                0x00000077       0x2d CMakeFiles/DEMO04_USART_Echo2.elf.dir/Drivers/STM32F1xx_HAL_Driver/Src/stm32f1xx_hal_cortex.c.obj
 .ARM.attributes
                0x000000a4       0x2d CMakeFiles/DEMO04_USART_Echo2.elf.dir/Drivers/STM32F1xx_HAL_Driver/Src/stm32f1xx_hal_dma.c.obj
 .ARM.attributes
                0x000000d1       0x2d CMakeFiles/DEMO04_USART_Echo2.elf.dir/Drivers/STM32F1xx_HAL_Driver/Src/stm32f1xx_hal_gpio.c.obj
 .ARM.attributes
                0x000000fe       0x2d CMakeFiles/DEMO04_USART_Echo2.elf.dir/Drivers/STM32F1xx_HAL_Driver/Src/stm32f1xx_hal_rcc.c.obj
 .ARM.attributes
                0x0000012b       0x2d CMakeFiles/DEMO04_USART_Echo2.elf.dir/Drivers/STM32F1xx_HAL_Driver/Src/stm32f1xx_hal_uart.c.obj
 .ARM.attributes
                0x00000158       0x2d CMakeFiles/DEMO04_USART_Echo2.elf.dir/Src/dma.c.obj
 .ARM.attributes
                0x00000185       0x2d CMakeFiles/DEMO04_USART_Echo2.elf.dir/Src/main.c.obj
 .ARM.attributes
                0x000001b2       0x2d CMakeFiles/DEMO04_USART_Echo2.elf.dir/Src/stm32f1xx_hal_msp.c.obj
 .ARM.attributes
                0x000001df       0x2d CMakeFiles/DEMO04_USART_Echo2.elf.dir/Src/stm32f1xx_it.c.obj
 .ARM.attributes
                0x0000020c       0x2d CMakeFiles/DEMO04_USART_Echo2.elf.dir/Src/system_stm32f1xx.c.obj
 .ARM.attributes
                0x00000239       0x2d CMakeFiles/DEMO04_USART_Echo2.elf.dir/Src/usart.c.obj
 .ARM.attributes
                0x00000266       0x21 CMakeFiles/DEMO04_USART_Echo2.elf.dir/startup/startup_stm32f103xe.s.obj
 .ARM.attributes
                0x00000287       0x2d d:/programs/gcc-arm-none-eabi-10.3-2021.10/bin/../lib/gcc/arm-none-eabi/10.3.1/../../../../arm-none-eabi/lib/thumb/v7-m/nofp\libg.a(lib_a-impure.o)
 .ARM.attributes
                0x000002b4       0x2d d:/programs/gcc-arm-none-eabi-10.3-2021.10/bin/../lib/gcc/arm-none-eabi/10.3.1/../../../../arm-none-eabi/lib/thumb/v7-m/nofp\libg.a(lib_a-init.o)
 .ARM.attributes
                0x000002e1       0x2d d:/programs/gcc-arm-none-eabi-10.3-2021.10/bin/../lib/gcc/arm-none-eabi/10.3.1/../../../../arm-none-eabi/lib/thumb/v7-m/nofp\libg.a(lib_a-memset.o)
 .ARM.attributes
                0x0000030e       0x2d d:/programs/gcc-arm-none-eabi-10.3-2021.10/bin/../lib/gcc/arm-none-eabi/10.3.1/../../../../arm-none-eabi/lib/thumb/v7-m/nofp\libg.a(lib_a-__call_atexit.o)
 .ARM.attributes
                0x0000033b       0x2d d:/programs/gcc-arm-none-eabi-10.3-2021.10/bin/../lib/gcc/arm-none-eabi/10.3.1/../../../../arm-none-eabi/lib/thumb/v7-m/nofp\libg.a(lib_a-atexit.o)
 .ARM.attributes
                0x00000368       0x2d d:/programs/gcc-arm-none-eabi-10.3-2021.10/bin/../lib/gcc/arm-none-eabi/10.3.1/../../../../arm-none-eabi/lib/thumb/v7-m/nofp\libg.a(lib_a-fini.o)
 .ARM.attributes
                0x00000395       0x2d d:/programs/gcc-arm-none-eabi-10.3-2021.10/bin/../lib/gcc/arm-none-eabi/10.3.1/../../../../arm-none-eabi/lib/thumb/v7-m/nofp\libg.a(lib_a-lock.o)
 .ARM.attributes
                0x000003c2       0x2d d:/programs/gcc-arm-none-eabi-10.3-2021.10/bin/../lib/gcc/arm-none-eabi/10.3.1/../../../../arm-none-eabi/lib/thumb/v7-m/nofp\libg.a(lib_a-__atexit.o)
 .ARM.attributes
                0x000003ef       0x1d d:/programs/gcc-arm-none-eabi-10.3-2021.10/bin/../lib/gcc/arm-none-eabi/10.3.1/thumb/v7-m/nofp/crtn.o
OUTPUT(DEMO04_USART_Echo2.elf elf32-littlearm)
LOAD linker stubs
LOAD d:/programs/gcc-arm-none-eabi-10.3-2021.10/bin/../lib/gcc/arm-none-eabi/10.3.1/../../../../arm-none-eabi/lib/thumb/v7-m/nofp\libc.a
LOAD d:/programs/gcc-arm-none-eabi-10.3-2021.10/bin/../lib/gcc/arm-none-eabi/10.3.1/../../../../arm-none-eabi/lib/thumb/v7-m/nofp\libm.a
LOAD d:/programs/gcc-arm-none-eabi-10.3-2021.10/bin/../lib/gcc/arm-none-eabi/10.3.1/thumb/v7-m/nofp\libgcc.a

.debug_info     0x00000000     0x6d3d
 .debug_info    0x00000000      0x80e CMakeFiles/DEMO04_USART_Echo2.elf.dir/Drivers/STM32F1xx_HAL_Driver/Src/stm32f1xx_hal.c.obj
 .debug_info    0x0000080e      0xdf0 CMakeFiles/DEMO04_USART_Echo2.elf.dir/Drivers/STM32F1xx_HAL_Driver/Src/stm32f1xx_hal_cortex.c.obj
 .debug_info    0x000015fe      0x846 CMakeFiles/DEMO04_USART_Echo2.elf.dir/Drivers/STM32F1xx_HAL_Driver/Src/stm32f1xx_hal_dma.c.obj
 .debug_info    0x00001e44      0x66f CMakeFiles/DEMO04_USART_Echo2.elf.dir/Drivers/STM32F1xx_HAL_Driver/Src/stm32f1xx_hal_gpio.c.obj
 .debug_info    0x000024b3      0xa36 CMakeFiles/DEMO04_USART_Echo2.elf.dir/Drivers/STM32F1xx_HAL_Driver/Src/stm32f1xx_hal_rcc.c.obj
 .debug_info    0x00002ee9     0x1c8b CMakeFiles/DEMO04_USART_Echo2.elf.dir/Drivers/STM32F1xx_HAL_Driver/Src/stm32f1xx_hal_uart.c.obj
 .debug_info    0x00004b74      0x38a CMakeFiles/DEMO04_USART_Echo2.elf.dir/Src/dma.c.obj
 .debug_info    0x00004efe      0x816 CMakeFiles/DEMO04_USART_Echo2.elf.dir/Src/main.c.obj
 .debug_info    0x00005714      0x211 CMakeFiles/DEMO04_USART_Echo2.elf.dir/Src/stm32f1xx_hal_msp.c.obj
 .debug_info    0x00005925      0x769 CMakeFiles/DEMO04_USART_Echo2.elf.dir/Src/stm32f1xx_it.c.obj
 .debug_info    0x0000608e      0x248 CMakeFiles/DEMO04_USART_Echo2.elf.dir/Src/system_stm32f1xx.c.obj
 .debug_info    0x000062d6      0xa45 CMakeFiles/DEMO04_USART_Echo2.elf.dir/Src/usart.c.obj
 .debug_info    0x00006d1b       0x22 CMakeFiles/DEMO04_USART_Echo2.elf.dir/startup/startup_stm32f103xe.s.obj

.debug_abbrev   0x00000000     0x16e7
 .debug_abbrev  0x00000000      0x1f4 CMakeFiles/DEMO04_USART_Echo2.elf.dir/Drivers/STM32F1xx_HAL_Driver/Src/stm32f1xx_hal.c.obj
 .debug_abbrev  0x000001f4      0x341 CMakeFiles/DEMO04_USART_Echo2.elf.dir/Drivers/STM32F1xx_HAL_Driver/Src/stm32f1xx_hal_cortex.c.obj
 .debug_abbrev  0x00000535      0x223 CMakeFiles/DEMO04_USART_Echo2.elf.dir/Drivers/STM32F1xx_HAL_Driver/Src/stm32f1xx_hal_dma.c.obj
 .debug_abbrev  0x00000758      0x1e6 CMakeFiles/DEMO04_USART_Echo2.elf.dir/Drivers/STM32F1xx_HAL_Driver/Src/stm32f1xx_hal_gpio.c.obj
 .debug_abbrev  0x0000093e      0x27a CMakeFiles/DEMO04_USART_Echo2.elf.dir/Drivers/STM32F1xx_HAL_Driver/Src/stm32f1xx_hal_rcc.c.obj
 .debug_abbrev  0x00000bb8      0x254 CMakeFiles/DEMO04_USART_Echo2.elf.dir/Drivers/STM32F1xx_HAL_Driver/Src/stm32f1xx_hal_uart.c.obj
 .debug_abbrev  0x00000e0c      0x114 CMakeFiles/DEMO04_USART_Echo2.elf.dir/Src/dma.c.obj
 .debug_abbrev  0x00000f20      0x1fd CMakeFiles/DEMO04_USART_Echo2.elf.dir/Src/main.c.obj
 .debug_abbrev  0x0000111d       0xe5 CMakeFiles/DEMO04_USART_Echo2.elf.dir/Src/stm32f1xx_hal_msp.c.obj
 .debug_abbrev  0x00001202      0x1c3 CMakeFiles/DEMO04_USART_Echo2.elf.dir/Src/stm32f1xx_it.c.obj
 .debug_abbrev  0x000013c5      0x13e CMakeFiles/DEMO04_USART_Echo2.elf.dir/Src/system_stm32f1xx.c.obj
 .debug_abbrev  0x00001503      0x1d2 CMakeFiles/DEMO04_USART_Echo2.elf.dir/Src/usart.c.obj
 .debug_abbrev  0x000016d5       0x12 CMakeFiles/DEMO04_USART_Echo2.elf.dir/startup/startup_stm32f103xe.s.obj

.debug_loc      0x00000000     0x3c88
 .debug_loc     0x00000000      0x141 CMakeFiles/DEMO04_USART_Echo2.elf.dir/Drivers/STM32F1xx_HAL_Driver/Src/stm32f1xx_hal.c.obj
 .debug_loc     0x00000141      0x71f CMakeFiles/DEMO04_USART_Echo2.elf.dir/Drivers/STM32F1xx_HAL_Driver/Src/stm32f1xx_hal_cortex.c.obj
 .debug_loc     0x00000860      0x7ce CMakeFiles/DEMO04_USART_Echo2.elf.dir/Drivers/STM32F1xx_HAL_Driver/Src/stm32f1xx_hal_dma.c.obj
 .debug_loc     0x0000102e      0x47d CMakeFiles/DEMO04_USART_Echo2.elf.dir/Drivers/STM32F1xx_HAL_Driver/Src/stm32f1xx_hal_gpio.c.obj
 .debug_loc     0x000014ab      0x63e CMakeFiles/DEMO04_USART_Echo2.elf.dir/Drivers/STM32F1xx_HAL_Driver/Src/stm32f1xx_hal_rcc.c.obj
 .debug_loc     0x00001ae9     0x2037 CMakeFiles/DEMO04_USART_Echo2.elf.dir/Drivers/STM32F1xx_HAL_Driver/Src/stm32f1xx_hal_uart.c.obj
 .debug_loc     0x00003b20       0x15 CMakeFiles/DEMO04_USART_Echo2.elf.dir/Src/stm32f1xx_hal_msp.c.obj
 .debug_loc     0x00003b35       0x15 CMakeFiles/DEMO04_USART_Echo2.elf.dir/Src/stm32f1xx_it.c.obj
 .debug_loc     0x00003b4a       0xff CMakeFiles/DEMO04_USART_Echo2.elf.dir/Src/system_stm32f1xx.c.obj
 .debug_loc     0x00003c49       0x3f CMakeFiles/DEMO04_USART_Echo2.elf.dir/Src/usart.c.obj

.debug_aranges  0x00000000      0x638
 .debug_aranges
                0x00000000       0xe0 CMakeFiles/DEMO04_USART_Echo2.elf.dir/Drivers/STM32F1xx_HAL_Driver/Src/stm32f1xx_hal.c.obj
 .debug_aranges
                0x000000e0       0x90 CMakeFiles/DEMO04_USART_Echo2.elf.dir/Drivers/STM32F1xx_HAL_Driver/Src/stm32f1xx_hal_cortex.c.obj
 .debug_aranges
                0x00000170       0x80 CMakeFiles/DEMO04_USART_Echo2.elf.dir/Drivers/STM32F1xx_HAL_Driver/Src/stm32f1xx_hal_dma.c.obj
 .debug_aranges
                0x000001f0       0x58 CMakeFiles/DEMO04_USART_Echo2.elf.dir/Drivers/STM32F1xx_HAL_Driver/Src/stm32f1xx_hal_gpio.c.obj
 .debug_aranges
                0x00000248       0x90 CMakeFiles/DEMO04_USART_Echo2.elf.dir/Drivers/STM32F1xx_HAL_Driver/Src/stm32f1xx_hal_rcc.c.obj
 .debug_aranges
                0x000002d8      0x200 CMakeFiles/DEMO04_USART_Echo2.elf.dir/Drivers/STM32F1xx_HAL_Driver/Src/stm32f1xx_hal_uart.c.obj
 .debug_aranges
                0x000004d8       0x20 CMakeFiles/DEMO04_USART_Echo2.elf.dir/Src/dma.c.obj
 .debug_aranges
                0x000004f8       0x30 CMakeFiles/DEMO04_USART_Echo2.elf.dir/Src/main.c.obj
 .debug_aranges
                0x00000528       0x20 CMakeFiles/DEMO04_USART_Echo2.elf.dir/Src/stm32f1xx_hal_msp.c.obj
 .debug_aranges
                0x00000548       0x78 CMakeFiles/DEMO04_USART_Echo2.elf.dir/Src/stm32f1xx_it.c.obj
 .debug_aranges
                0x000005c0       0x28 CMakeFiles/DEMO04_USART_Echo2.elf.dir/Src/system_stm32f1xx.c.obj
 .debug_aranges
                0x000005e8       0x28 CMakeFiles/DEMO04_USART_Echo2.elf.dir/Src/usart.c.obj
 .debug_aranges
                0x00000610       0x28 CMakeFiles/DEMO04_USART_Echo2.elf.dir/startup/startup_stm32f103xe.s.obj

.debug_ranges   0x00000000      0x5f0
 .debug_ranges  0x00000000       0xd0 CMakeFiles/DEMO04_USART_Echo2.elf.dir/Drivers/STM32F1xx_HAL_Driver/Src/stm32f1xx_hal.c.obj
 .debug_ranges  0x000000d0       0xe0 CMakeFiles/DEMO04_USART_Echo2.elf.dir/Drivers/STM32F1xx_HAL_Driver/Src/stm32f1xx_hal_cortex.c.obj
 .debug_ranges  0x000001b0       0x70 CMakeFiles/DEMO04_USART_Echo2.elf.dir/Drivers/STM32F1xx_HAL_Driver/Src/stm32f1xx_hal_dma.c.obj
 .debug_ranges  0x00000220       0x48 CMakeFiles/DEMO04_USART_Echo2.elf.dir/Drivers/STM32F1xx_HAL_Driver/Src/stm32f1xx_hal_gpio.c.obj
 .debug_ranges  0x00000268       0xa0 CMakeFiles/DEMO04_USART_Echo2.elf.dir/Drivers/STM32F1xx_HAL_Driver/Src/stm32f1xx_hal_rcc.c.obj
 .debug_ranges  0x00000308      0x1f0 CMakeFiles/DEMO04_USART_Echo2.elf.dir/Drivers/STM32F1xx_HAL_Driver/Src/stm32f1xx_hal_uart.c.obj
 .debug_ranges  0x000004f8       0x10 CMakeFiles/DEMO04_USART_Echo2.elf.dir/Src/dma.c.obj
 .debug_ranges  0x00000508       0x20 CMakeFiles/DEMO04_USART_Echo2.elf.dir/Src/main.c.obj
 .debug_ranges  0x00000528       0x10 CMakeFiles/DEMO04_USART_Echo2.elf.dir/Src/stm32f1xx_hal_msp.c.obj
 .debug_ranges  0x00000538       0x68 CMakeFiles/DEMO04_USART_Echo2.elf.dir/Src/stm32f1xx_it.c.obj
 .debug_ranges  0x000005a0       0x18 CMakeFiles/DEMO04_USART_Echo2.elf.dir/Src/system_stm32f1xx.c.obj
 .debug_ranges  0x000005b8       0x18 CMakeFiles/DEMO04_USART_Echo2.elf.dir/Src/usart.c.obj
 .debug_ranges  0x000005d0       0x20 CMakeFiles/DEMO04_USART_Echo2.elf.dir/startup/startup_stm32f103xe.s.obj

.debug_line     0x00000000     0x6027
 .debug_line    0x00000000      0x5be CMakeFiles/DEMO04_USART_Echo2.elf.dir/Drivers/STM32F1xx_HAL_Driver/Src/stm32f1xx_hal.c.obj
 .debug_line    0x000005be      0x69a CMakeFiles/DEMO04_USART_Echo2.elf.dir/Drivers/STM32F1xx_HAL_Driver/Src/stm32f1xx_hal_cortex.c.obj
 .debug_line    0x00000c58      0xd4c CMakeFiles/DEMO04_USART_Echo2.elf.dir/Drivers/STM32F1xx_HAL_Driver/Src/stm32f1xx_hal_dma.c.obj
 .debug_line    0x000019a4      0x658 CMakeFiles/DEMO04_USART_Echo2.elf.dir/Drivers/STM32F1xx_HAL_Driver/Src/stm32f1xx_hal_gpio.c.obj
 .debug_line    0x00001ffc      0xc8d CMakeFiles/DEMO04_USART_Echo2.elf.dir/Drivers/STM32F1xx_HAL_Driver/Src/stm32f1xx_hal_rcc.c.obj
 .debug_line    0x00002c89     0x211c CMakeFiles/DEMO04_USART_Echo2.elf.dir/Drivers/STM32F1xx_HAL_Driver/Src/stm32f1xx_hal_uart.c.obj
 .debug_line    0x00004da5      0x1fd CMakeFiles/DEMO04_USART_Echo2.elf.dir/Src/dma.c.obj
 .debug_line    0x00004fa2      0x3f5 CMakeFiles/DEMO04_USART_Echo2.elf.dir/Src/main.c.obj
 .debug_line    0x00005397      0x1a9 CMakeFiles/DEMO04_USART_Echo2.elf.dir/Src/stm32f1xx_hal_msp.c.obj
 .debug_line    0x00005540      0x3bb CMakeFiles/DEMO04_USART_Echo2.elf.dir/Src/stm32f1xx_it.c.obj
 .debug_line    0x000058fb      0x273 CMakeFiles/DEMO04_USART_Echo2.elf.dir/Src/system_stm32f1xx.c.obj
 .debug_line    0x00005b6e      0x40d CMakeFiles/DEMO04_USART_Echo2.elf.dir/Src/usart.c.obj
 .debug_line    0x00005f7b       0xac CMakeFiles/DEMO04_USART_Echo2.elf.dir/startup/startup_stm32f103xe.s.obj

.debug_str      0x00000000     0x222f
 .debug_str     0x00000000      0x90a CMakeFiles/DEMO04_USART_Echo2.elf.dir/Drivers/STM32F1xx_HAL_Driver/Src/stm32f1xx_hal.c.obj
                                0x95e (size before relaxing)
 .debug_str     0x0000090a      0x405 CMakeFiles/DEMO04_USART_Echo2.elf.dir/Drivers/STM32F1xx_HAL_Driver/Src/stm32f1xx_hal_cortex.c.obj
                                0xa0d (size before relaxing)
 .debug_str     0x00000d0f      0x41c CMakeFiles/DEMO04_USART_Echo2.elf.dir/Drivers/STM32F1xx_HAL_Driver/Src/stm32f1xx_hal_dma.c.obj
                                0x653 (size before relaxing)
 .debug_str     0x0000112b      0x1f6 CMakeFiles/DEMO04_USART_Echo2.elf.dir/Drivers/STM32F1xx_HAL_Driver/Src/stm32f1xx_hal_gpio.c.obj
                                0x456 (size before relaxing)
 .debug_str     0x00001321      0x372 CMakeFiles/DEMO04_USART_Echo2.elf.dir/Drivers/STM32F1xx_HAL_Driver/Src/stm32f1xx_hal_rcc.c.obj
                                0x681 (size before relaxing)
 .debug_str     0x00001693      0x811 CMakeFiles/DEMO04_USART_Echo2.elf.dir/Drivers/STM32F1xx_HAL_Driver/Src/stm32f1xx_hal_uart.c.obj
                                0xce4 (size before relaxing)
 .debug_str     0x00001ea4       0x45 CMakeFiles/DEMO04_USART_Echo2.elf.dir/Src/dma.c.obj
                                0x615 (size before relaxing)
 .debug_str     0x00001ee9       0xa1 CMakeFiles/DEMO04_USART_Echo2.elf.dir/Src/main.c.obj
                                0x7ae (size before relaxing)
 .debug_str     0x00001f8a       0x47 CMakeFiles/DEMO04_USART_Echo2.elf.dir/Src/stm32f1xx_hal_msp.c.obj
                                0x270 (size before relaxing)
 .debug_str     0x00001fd1      0x134 CMakeFiles/DEMO04_USART_Echo2.elf.dir/Src/stm32f1xx_it.c.obj
                                0x739 (size before relaxing)
 .debug_str     0x00002105       0x79 CMakeFiles/DEMO04_USART_Echo2.elf.dir/Src/system_stm32f1xx.c.obj
                                0x2a5 (size before relaxing)
 .debug_str     0x0000217e       0x56 CMakeFiles/DEMO04_USART_Echo2.elf.dir/Src/usart.c.obj
                                0xad2 (size before relaxing)
 .debug_str     0x000021d4       0x5b CMakeFiles/DEMO04_USART_Echo2.elf.dir/startup/startup_stm32f103xe.s.obj
                                 0x9c (size before relaxing)

.comment        0x00000000       0x49
 .comment       0x00000000       0x49 CMakeFiles/DEMO04_USART_Echo2.elf.dir/Drivers/STM32F1xx_HAL_Driver/Src/stm32f1xx_hal.c.obj
                                 0x4a (size before relaxing)
 .comment       0x00000049       0x4a CMakeFiles/DEMO04_USART_Echo2.elf.dir/Drivers/STM32F1xx_HAL_Driver/Src/stm32f1xx_hal_cortex.c.obj
 .comment       0x00000049       0x4a CMakeFiles/DEMO04_USART_Echo2.elf.dir/Drivers/STM32F1xx_HAL_Driver/Src/stm32f1xx_hal_dma.c.obj
 .comment       0x00000049       0x4a CMakeFiles/DEMO04_USART_Echo2.elf.dir/Drivers/STM32F1xx_HAL_Driver/Src/stm32f1xx_hal_gpio.c.obj
 .comment       0x00000049       0x4a CMakeFiles/DEMO04_USART_Echo2.elf.dir/Drivers/STM32F1xx_HAL_Driver/Src/stm32f1xx_hal_rcc.c.obj
 .comment       0x00000049       0x4a CMakeFiles/DEMO04_USART_Echo2.elf.dir/Drivers/STM32F1xx_HAL_Driver/Src/stm32f1xx_hal_uart.c.obj
 .comment       0x00000049       0x4a CMakeFiles/DEMO04_USART_Echo2.elf.dir/Src/dma.c.obj
 .comment       0x00000049       0x4a CMakeFiles/DEMO04_USART_Echo2.elf.dir/Src/main.c.obj
 .comment       0x00000049       0x4a CMakeFiles/DEMO04_USART_Echo2.elf.dir/Src/stm32f1xx_hal_msp.c.obj
 .comment       0x00000049       0x4a CMakeFiles/DEMO04_USART_Echo2.elf.dir/Src/stm32f1xx_it.c.obj
 .comment       0x00000049       0x4a CMakeFiles/DEMO04_USART_Echo2.elf.dir/Src/system_stm32f1xx.c.obj
 .comment       0x00000049       0x4a CMakeFiles/DEMO04_USART_Echo2.elf.dir/Src/usart.c.obj

.debug_frame    0x00000000     0x106c
 .debug_frame   0x00000000      0x1cc CMakeFiles/DEMO04_USART_Echo2.elf.dir/Drivers/STM32F1xx_HAL_Driver/Src/stm32f1xx_hal.c.obj
 .debug_frame   0x000001cc      0x118 CMakeFiles/DEMO04_USART_Echo2.elf.dir/Drivers/STM32F1xx_HAL_Driver/Src/stm32f1xx_hal_cortex.c.obj
 .debug_frame   0x000002e4      0x140 CMakeFiles/DEMO04_USART_Echo2.elf.dir/Drivers/STM32F1xx_HAL_Driver/Src/stm32f1xx_hal_dma.c.obj
 .debug_frame   0x00000424       0xe4 CMakeFiles/DEMO04_USART_Echo2.elf.dir/Drivers/STM32F1xx_HAL_Driver/Src/stm32f1xx_hal_gpio.c.obj
 .debug_frame   0x00000508      0x190 CMakeFiles/DEMO04_USART_Echo2.elf.dir/Drivers/STM32F1xx_HAL_Driver/Src/stm32f1xx_hal_rcc.c.obj
 .debug_frame   0x00000698      0x5c4 CMakeFiles/DEMO04_USART_Echo2.elf.dir/Drivers/STM32F1xx_HAL_Driver/Src/stm32f1xx_hal_uart.c.obj
 .debug_frame   0x00000c5c       0x2c CMakeFiles/DEMO04_USART_Echo2.elf.dir/Src/dma.c.obj
 .debug_frame   0x00000c88       0x58 CMakeFiles/DEMO04_USART_Echo2.elf.dir/Src/main.c.obj
 .debug_frame   0x00000ce0       0x28 CMakeFiles/DEMO04_USART_Echo2.elf.dir/Src/stm32f1xx_hal_msp.c.obj
 .debug_frame   0x00000d08       0xfc CMakeFiles/DEMO04_USART_Echo2.elf.dir/Src/stm32f1xx_it.c.obj
 .debug_frame   0x00000e04       0x30 CMakeFiles/DEMO04_USART_Echo2.elf.dir/Src/system_stm32f1xx.c.obj
 .debug_frame   0x00000e34       0x4c CMakeFiles/DEMO04_USART_Echo2.elf.dir/Src/usart.c.obj
 .debug_frame   0x00000e80       0x2c d:/programs/gcc-arm-none-eabi-10.3-2021.10/bin/../lib/gcc/arm-none-eabi/10.3.1/../../../../arm-none-eabi/lib/thumb/v7-m/nofp\libg.a(lib_a-init.o)
 .debug_frame   0x00000eac       0x2c d:/programs/gcc-arm-none-eabi-10.3-2021.10/bin/../lib/gcc/arm-none-eabi/10.3.1/../../../../arm-none-eabi/lib/thumb/v7-m/nofp\libg.a(lib_a-memset.o)
 .debug_frame   0x00000ed8       0x5c d:/programs/gcc-arm-none-eabi-10.3-2021.10/bin/../lib/gcc/arm-none-eabi/10.3.1/../../../../arm-none-eabi/lib/thumb/v7-m/nofp\libg.a(lib_a-__call_atexit.o)
 .debug_frame   0x00000f34       0x20 d:/programs/gcc-arm-none-eabi-10.3-2021.10/bin/../lib/gcc/arm-none-eabi/10.3.1/../../../../arm-none-eabi/lib/thumb/v7-m/nofp\libg.a(lib_a-atexit.o)
 .debug_frame   0x00000f54       0x34 d:/programs/gcc-arm-none-eabi-10.3-2021.10/bin/../lib/gcc/arm-none-eabi/10.3.1/../../../../arm-none-eabi/lib/thumb/v7-m/nofp\libg.a(lib_a-fini.o)
 .debug_frame   0x00000f88       0xb0 d:/programs/gcc-arm-none-eabi-10.3-2021.10/bin/../lib/gcc/arm-none-eabi/10.3.1/../../../../arm-none-eabi/lib/thumb/v7-m/nofp\libg.a(lib_a-lock.o)
 .debug_frame   0x00001038       0x34 d:/programs/gcc-arm-none-eabi-10.3-2021.10/bin/../lib/gcc/arm-none-eabi/10.3.1/../../../../arm-none-eabi/lib/thumb/v7-m/nofp\libg.a(lib_a-__atexit.o)
